Archive member included because of file (symbol)

../lib/libBT-libs.a(malloc.c.obj)
                              CMakeFiles/BrewTroller-OT_DX1_RIMSDF.elf.dir/PVOut.cpp.obj (malloc)
../lib/libBT-libs.a(HardwareSerial.cpp.obj)
                              CMakeFiles/BrewTroller-OT_DX1_RIMSDF.elf.dir/Com.cpp.obj (_ZN14HardwareSerial9availableEv)
../lib/libBT-libs.a(new.cpp.obj)
                              CMakeFiles/BrewTroller-OT_DX1_RIMSDF.elf.dir/EEPROM.cpp.obj (_Znwj)
../lib/libBT-libs.a(Print.cpp.obj)
                              ../lib/libBT-libs.a(HardwareSerial.cpp.obj) (_ZN5Print5writeEPKhj)
../lib/libBT-libs.a(wiring.c.obj)
                              CMakeFiles/BrewTroller-OT_DX1_RIMSDF.elf.dir/BrewCore.cpp.obj (millis)
../lib/libBT-libs.a(wiring_analog.c.obj)
                              CMakeFiles/BrewTroller-OT_DX1_RIMSDF.elf.dir/Vessel.cpp.obj (analogRead)
../lib/libBT-libs.a(wiring_digital.c.obj)
                              ../lib/libBT-libs.a(wiring_analog.c.obj) (pinMode)
../lib/libBT-libs.a(WString.cpp.obj)
                              ../lib/libBT-libs.a(Print.cpp.obj) (_ZNK6StringixEj)
../lib/libBT-libs.a(EEPROM.cpp.obj)
                              CMakeFiles/BrewTroller-OT_DX1_RIMSDF.elf.dir/EEPROM.cpp.obj (_ZN11EEPROMClass4readEi)
../lib/libBT-libs.a(Wire.cpp.obj)
                              CMakeFiles/BrewTroller-OT_DX1_RIMSDF.elf.dir/Com.cpp.obj (_ZN7TwoWire9availableEv)
../lib/libBT-libs.a(twi.c.obj)
                              ../lib/libBT-libs.a(Wire.cpp.obj) (twi_init)
../lib/libBT-libs.a(encoder.cpp.obj)
                              CMakeFiles/BrewTroller-OT_DX1_RIMSDF.elf.dir/UI.cpp.obj (_ZN7encoder5beginEh)
../lib/libBT-libs.a(pin.cpp.obj)
                              CMakeFiles/BrewTroller-OT_DX1_RIMSDF.elf.dir/BrewTroller.cpp.obj (_ZN3pinC1Ev)
../lib/libBT-libs.a(menu.cpp.obj)
                              CMakeFiles/BrewTroller-OT_DX1_RIMSDF.elf.dir/UI.cpp.obj (_ZN4menuC1Ehh)
../lib/libBT-libs.a(ModbusMaster.cpp.obj)
                              CMakeFiles/BrewTroller-OT_DX1_RIMSDF.elf.dir/PVOut.cpp.obj (_ZN12ModbusMasterC1Ev)
../lib/libBT-libs.a(PID_Beta6.cpp.obj)
                              CMakeFiles/BrewTroller-OT_DX1_RIMSDF.elf.dir/FlowController.cpp.obj (_ZN3PID14SetInputLimitsEdd)
../lib/libBT-libs.a(DS2482.cpp.obj)
                              CMakeFiles/BrewTroller-OT_DX1_RIMSDF.elf.dir/Temp.cpp.obj (_ZN6DS2482C1Eh)
../lib/libBT-libs.a(realloc.c.obj)
                              ../lib/libBT-libs.a(WString.cpp.obj) (realloc)
../lib/libBT-libs.a(WInterrupts.c.obj)
                              ../lib/libBT-libs.a(encoder.cpp.obj) (attachInterrupt)
../lib/libBT-libs.a(WMath.cpp.obj)
                              ../lib/libBT-libs.a(ModbusMaster.cpp.obj) (_Z8makeWordhh)
/usr/lib/gcc/avr/4.8.2/avr51/libgcc.a(_umulhisi3.o)
                              CMakeFiles/BrewTroller-OT_DX1_RIMSDF.elf.dir/UI.cpp.obj (__umulhisi3)
/usr/lib/gcc/avr/4.8.2/avr51/libgcc.a(_usmulhisi3.o)
                              CMakeFiles/BrewTroller-OT_DX1_RIMSDF.elf.dir/EEPROM.cpp.obj (__usmulhisi3)
/usr/lib/gcc/avr/4.8.2/avr51/libgcc.a(_muluhisi3.o)
                              CMakeFiles/BrewTroller-OT_DX1_RIMSDF.elf.dir/Com_BTPD.cpp.obj (__muluhisi3)
/usr/lib/gcc/avr/4.8.2/avr51/libgcc.a(_mulshisi3.o)
                              CMakeFiles/BrewTroller-OT_DX1_RIMSDF.elf.dir/UI.cpp.obj (__mulshisi3)
/usr/lib/gcc/avr/4.8.2/avr51/libgcc.a(_mulsi3.o)
                              CMakeFiles/BrewTroller-OT_DX1_RIMSDF.elf.dir/StepLogic.cpp.obj (__mulsi3)
/usr/lib/gcc/avr/4.8.2/avr51/libgcc.a(_udivmodhi4.o)
                              CMakeFiles/BrewTroller-OT_DX1_RIMSDF.elf.dir/UI.cpp.obj (__udivmodhi4)
/usr/lib/gcc/avr/4.8.2/avr51/libgcc.a(_divmodhi4.o)
                              CMakeFiles/BrewTroller-OT_DX1_RIMSDF.elf.dir/Com.cpp.obj (__divmodhi4)
/usr/lib/gcc/avr/4.8.2/avr51/libgcc.a(_udivmodsi4.o)
                              CMakeFiles/BrewTroller-OT_DX1_RIMSDF.elf.dir/Com_BTPD.cpp.obj (__udivmodsi4)
/usr/lib/gcc/avr/4.8.2/avr51/libgcc.a(_divmodsi4.o)
                              CMakeFiles/BrewTroller-OT_DX1_RIMSDF.elf.dir/Temp.cpp.obj (__divmodsi4)
/usr/lib/gcc/avr/4.8.2/avr51/libgcc.a(_negsi2.o)
                              /usr/lib/gcc/avr/4.8.2/avr51/libgcc.a(_divmodsi4.o) (__negsi2)
/usr/lib/gcc/avr/4.8.2/avr51/libgcc.a(_prologue.o)
                              CMakeFiles/BrewTroller-OT_DX1_RIMSDF.elf.dir/BrewCore.cpp.obj (__prologue_saves__)
/usr/lib/gcc/avr/4.8.2/avr51/libgcc.a(_epilogue.o)
                              CMakeFiles/BrewTroller-OT_DX1_RIMSDF.elf.dir/BrewCore.cpp.obj (__epilogue_restores__)
/usr/lib/gcc/avr/4.8.2/avr51/libgcc.a(_exit.o)
                              /usr/lib/gcc/avr/4.8.2/../../../avr/lib/avr51/crtm1284p.o (exit)
/usr/lib/gcc/avr/4.8.2/avr51/libgcc.a(_tablejump.o)
                              CMakeFiles/BrewTroller-OT_DX1_RIMSDF.elf.dir/BrewCore.cpp.obj (__tablejump2__)
[...]
Memory Configuration

Name             Origin             Length             Attributes
text             0x0000000000000000 0x0000000000020000 xr
data             0x0000000000800100 0x000000000000ff00 rw !x
eeprom           0x0000000000810000 0x0000000000010000 rw !x
fuse             0x0000000000820000 0x0000000000000400 rw !x
lock             0x0000000000830000 0x0000000000000400 rw !x
signature        0x0000000000840000 0x0000000000000400 rw !x
user_signatures  0x0000000000850000 0x0000000000000400 rw !x
*default*        0x0000000000000000 0xffffffffffffffff

Linker script and memory map

Address of section .data set to 0x800100
LOAD /usr/lib/gcc/avr/4.8.2/../../../avr/lib/avr51/crtm1284p.o
LOAD /usr/lib/gcc/avr/4.8.2/../../../avr/lib/avr51/libm.a
LOAD CMakeFiles/BrewTroller-OT_DX1_RIMSDF.elf.dir/BrewCore.cpp.obj
LOAD CMakeFiles/BrewTroller-OT_DX1_RIMSDF.elf.dir/BrewTroller.cpp.obj
LOAD CMakeFiles/BrewTroller-OT_DX1_RIMSDF.elf.dir/Com.cpp.obj
LOAD CMakeFiles/BrewTroller-OT_DX1_RIMSDF.elf.dir/Com_BTPD.cpp.obj
LOAD CMakeFiles/BrewTroller-OT_DX1_RIMSDF.elf.dir/Com_RGBIO8.cpp.obj
LOAD CMakeFiles/BrewTroller-OT_DX1_RIMSDF.elf.dir/Com_S0ASC.cpp.obj
LOAD CMakeFiles/BrewTroller-OT_DX1_RIMSDF.elf.dir/EEPROM.cpp.obj
LOAD CMakeFiles/BrewTroller-OT_DX1_RIMSDF.elf.dir/FlowController.cpp.obj
LOAD CMakeFiles/BrewTroller-OT_DX1_RIMSDF.elf.dir/Events.cpp.obj
LOAD CMakeFiles/BrewTroller-OT_DX1_RIMSDF.elf.dir/Outputs.cpp.obj
LOAD CMakeFiles/BrewTroller-OT_DX1_RIMSDF.elf.dir/PVOut.cpp.obj
LOAD CMakeFiles/BrewTroller-OT_DX1_RIMSDF.elf.dir/StepLogic.cpp.obj
LOAD CMakeFiles/BrewTroller-OT_DX1_RIMSDF.elf.dir/Temp.cpp.obj
LOAD CMakeFiles/BrewTroller-OT_DX1_RIMSDF.elf.dir/Timer.cpp.obj
LOAD CMakeFiles/BrewTroller-OT_DX1_RIMSDF.elf.dir/UI.cpp.obj
LOAD CMakeFiles/BrewTroller-OT_DX1_RIMSDF.elf.dir/UIStrings.cpp.obj
LOAD CMakeFiles/BrewTroller-OT_DX1_RIMSDF.elf.dir/Util.cpp.obj
LOAD CMakeFiles/BrewTroller-OT_DX1_RIMSDF.elf.dir/Vessel.cpp.obj
LOAD CMakeFiles/BrewTroller-OT_DX1_RIMSDF.elf.dir/Volume.cpp.obj
LOAD ../lib/libBT-libs.a
LOAD /usr/lib/gcc/avr/4.8.2/avr51/libgcc.a
LOAD /usr/lib/gcc/avr/4.8.2/../../../avr/lib/avr51/libm.a
START GROUP
LOAD /usr/lib/gcc/avr/4.8.2/avr51/libgcc.a
LOAD /usr/lib/gcc/avr/4.8.2/../../../avr/lib/avr51/libm.a
LOAD /usr/lib/gcc/avr/4.8.2/../../../avr/lib/avr51/libc.a
END GROUP

.hash
 *(.hash)

.dynsym
 *(.dynsym)

.dynstr
 *(.dynstr)

.gnu.version
 *(.gnu.version)

.gnu.version_d
 *(.gnu.version_d)

.gnu.version_r
 *(.gnu.version_r)

.rel.init
 *(.rel.init)

.rela.init
 *(.rela.init)

.rel.text
 *(.rel.text)
 *(.rel.text.*)
 *(.rel.gnu.linkonce.t*)

.rela.text
 *(.rela.text)
 *(.rela.text.*)
 *(.rela.gnu.linkonce.t*)

.rel.fini
 *(.rel.fini)

.rela.fini
 *(.rela.fini)

.rel.rodata
 *(.rel.rodata)
 *(.rel.rodata.*)
 *(.rel.gnu.linkonce.r*)

.rela.rodata
 *(.rela.rodata)
 *(.rela.rodata.*)
 *(.rela.gnu.linkonce.r*)

.rel.data
 *(.rel.data)
 *(.rel.data.*)
 *(.rel.gnu.linkonce.d*)

.rela.data
 *(.rela.data)
 *(.rela.data.*)
 *(.rela.gnu.linkonce.d*)

.rel.ctors
 *(.rel.ctors)

.rela.ctors
 *(.rela.ctors)

.rel.dtors
 *(.rel.dtors)

.rela.dtors
 *(.rela.dtors)

.rel.got
 *(.rel.got)

.rela.got
 *(.rela.got)

.rel.bss
 *(.rel.bss)

.rela.bss
 *(.rela.bss)

.rel.plt
 *(.rel.plt)

.rela.plt
 *(.rela.plt)

.text           0x0000000000000000    0x12504
 *(.vectors)
 .vectors       0x0000000000000000       0x8c /usr/lib/gcc/avr/4.8.2/../../../avr/lib/avr51/crtm1284p.o
                0x0000000000000000                __vectors
                0x0000000000000000                __vector_default
 *(.vectors)
 *(.progmem.gcc*)
 .progmem.gcc_sw_table._Z8brewCorev
                0x000000000000008c       0x10 CMakeFiles/BrewTroller-OT_DX1_RIMSDF.elf.dir/BrewCore.cpp.obj
 .progmem.gcc_sw_table._ZN5BTnic7execCmdEv
                0x000000000000009c       0xa0 CMakeFiles/BrewTroller-OT_DX1_RIMSDF.elf.dir/Com.cpp.obj
 .progmem.gcc_sw_table.turnOffPWM
                0x000000000000013c       0x12 ../lib/libBT-libs.a(wiring_digital.c.obj)
 .progmem.gcc_fplib
                0x000000000000014e       0x28 /usr/lib/gcc/avr/4.8.2/../../../avr/lib/avr51/libm.a(exp.o)
 .progmem.gcc_fplib
                0x0000000000000176       0x5a /usr/lib/gcc/avr/4.8.2/../../../avr/lib/avr51/libm.a(log.o)
 *(.progmem*)
 .progmem.data.LOGSYS
                0x00000000000001d0        0x4 CMakeFiles/BrewTroller-OT_DX1_RIMSDF.elf.dir/BrewTroller.cpp.obj
                0x00000000000001d0                LOGSYS
 .progmem.data._ZL18CMD_INDEX_MAXVALUE
                0x00000000000001d4       0x41 CMakeFiles/BrewTroller-OT_DX1_RIMSDF.elf.dir/Com.cpp.obj
 .progmem.data._ZL16CMD_PARAM_COUNTS
                0x0000000000000215       0x41 CMakeFiles/BrewTroller-OT_DX1_RIMSDF.elf.dir/Com.cpp.obj
 .progmem.data._ZL4BELL
                0x0000000000000256        0x8 CMakeFiles/BrewTroller-OT_DX1_RIMSDF.elf.dir/UI.cpp.obj
 .progmem.data._ZL9PROG_ICON
                0x000000000000025e        0x8 CMakeFiles/BrewTroller-OT_DX1_RIMSDF.elf.dir/UI.cpp.obj
 .progmem.data._ZL11UNLOCK_ICON
                0x0000000000000266        0x8 CMakeFiles/BrewTroller-OT_DX1_RIMSDF.elf.dir/UI.cpp.obj
 .progmem.data._ZL4BMP4
                0x000000000000026e        0x8 CMakeFiles/BrewTroller-OT_DX1_RIMSDF.elf.dir/UI.cpp.obj
 .progmem.data._ZL4BMP3
                0x0000000000000276        0x8 CMakeFiles/BrewTroller-OT_DX1_RIMSDF.elf.dir/UI.cpp.obj
 .progmem.data._ZL4BMP2
                0x000000000000027e        0x8 CMakeFiles/BrewTroller-OT_DX1_RIMSDF.elf.dir/UI.cpp.obj
 .progmem.data._ZL4BMP1
                0x0000000000000286        0x8 CMakeFiles/BrewTroller-OT_DX1_RIMSDF.elf.dir/UI.cpp.obj
 .progmem.data._ZL4BMP0
                0x000000000000028e        0x8 CMakeFiles/BrewTroller-OT_DX1_RIMSDF.elf.dir/UI.cpp.obj
 .progmem.data._ZL7CHARSEL
                0x0000000000000296        0x8 CMakeFiles/BrewTroller-OT_DX1_RIMSDF.elf.dir/UI.cpp.obj
 .progmem.data._ZL10CHARCURSOR
                0x000000000000029e        0x8 CMakeFiles/BrewTroller-OT_DX1_RIMSDF.elf.dir/UI.cpp.obj
 .progmem.data._ZL9CHARFIELD
                0x00000000000002a6        0x8 CMakeFiles/BrewTroller-OT_DX1_RIMSDF.elf.dir/UI.cpp.obj
 .progmem.data._ZL9TITLE_VLV
                0x00000000000002ae       0x28 CMakeFiles/BrewTroller-OT_DX1_RIMSDF.elf.dir/UI.cpp.obj
 .progmem.data._ZL14TITLE_MASHSTEP
                0x00000000000002d6        0xc CMakeFiles/BrewTroller-OT_DX1_RIMSDF.elf.dir/UI.cpp.obj
 .progmem.data._ZN9UIStrings5Units5PUNITE
                0x00000000000002e2        0x8 CMakeFiles/BrewTroller-OT_DX1_RIMSDF.elf.dir/UIStrings.cpp.obj
                0x00000000000002e2                _ZN9UIStrings5Units5PUNITE
 .progmem.data._ZN9UIStrings5Units5TUNITE
                0x00000000000002ea        0x2 CMakeFiles/BrewTroller-OT_DX1_RIMSDF.elf.dir/UIStrings.cpp.obj
                0x00000000000002ea                _ZN9UIStrings5Units5TUNITE
 .progmem.data._ZN9UIStrings5Units6WTUNITE
                0x00000000000002ec        0x3 CMakeFiles/BrewTroller-OT_DX1_RIMSDF.elf.dir/UIStrings.cpp.obj
                0x00000000000002ec                _ZN9UIStrings5Units6WTUNITE
 .progmem.data._ZN9UIStrings5Units7VOLUNITE
                0x00000000000002ef        0x4 CMakeFiles/BrewTroller-OT_DX1_RIMSDF.elf.dir/UIStrings.cpp.obj
                0x00000000000002ef                _ZN9UIStrings5Units7VOLUNITE
 .progmem.data._ZN9UIStrings11SystemSetup14TriggersConfig14INPUT_PIN_NONEE
                0x00000000000002f3       0x14 CMakeFiles/BrewTroller-OT_DX1_RIMSDF.elf.dir/UIStrings.cpp.obj
                0x00000000000002f3                _ZN9UIStrings11SystemSetup14TriggersConfig14INPUT_PIN_NONEE
 .progmem.data._ZN9UIStrings11SystemSetup14TriggersConfig4NONEE
                0x0000000000000307        0x5 CMakeFiles/BrewTroller-OT_DX1_RIMSDF.elf.dir/UIStrings.cpp.obj
                0x0000000000000307                _ZN9UIStrings11SystemSetup14TriggersConfig4NONEE
 .progmem.data._ZN9UIStrings11SystemSetup14TriggersConfig10KETTLE_MINE
                0x000000000000030c        0xd CMakeFiles/BrewTroller-OT_DX1_RIMSDF.elf.dir/UIStrings.cpp.obj
                0x000000000000030c                _ZN9UIStrings11SystemSetup14TriggersConfig10KETTLE_MINE
 .progmem.data._ZN9UIStrings11SystemSetup14TriggersConfig8MASH_MINE
                0x0000000000000319        0xb CMakeFiles/BrewTroller-OT_DX1_RIMSDF.elf.dir/UIStrings.cpp.obj
                0x0000000000000319                _ZN9UIStrings11SystemSetup14TriggersConfig8MASH_MINE
 .progmem.data._ZN9UIStrings11SystemSetup14TriggersConfig7HLT_MINE
                0x0000000000000324        0xa CMakeFiles/BrewTroller-OT_DX1_RIMSDF.elf.dir/UIStrings.cpp.obj
                0x0000000000000324                _ZN9UIStrings11SystemSetup14TriggersConfig7HLT_MINE
 .progmem.data._ZN9UIStrings11SystemSetup14TriggersConfig10SPARGE_MAXE
                0x000000000000032e        0xd CMakeFiles/BrewTroller-OT_DX1_RIMSDF.elf.dir/UIStrings.cpp.obj
                0x000000000000032e                _ZN9UIStrings11SystemSetup14TriggersConfig10SPARGE_MAXE
 .progmem.data._ZN9UIStrings11SystemSetup14TriggersConfig5ESTOPE
                0x000000000000033b        0x9 CMakeFiles/BrewTroller-OT_DX1_RIMSDF.elf.dir/UIStrings.cpp.obj
                0x000000000000033b                _ZN9UIStrings11SystemSetup14TriggersConfig5ESTOPE
 .progmem.data._ZN9UIStrings11SystemSetup9LCDConfig8CONTRASTE
                0x0000000000000344        0xa CMakeFiles/BrewTroller-OT_DX1_RIMSDF.elf.dir/UIStrings.cpp.obj
                0x0000000000000344                _ZN9UIStrings11SystemSetup9LCDConfig8CONTRASTE
 .progmem.data._ZN9UIStrings11SystemSetup9LCDConfig10BRIGHTNESSE
                0x000000000000034e        0xc CMakeFiles/BrewTroller-OT_DX1_RIMSDF.elf.dir/UIStrings.cpp.obj
                0x000000000000034e                _ZN9UIStrings11SystemSetup9LCDConfig10BRIGHTNESSE
 .progmem.data._ZN9UIStrings11SystemSetup9LCDConfig10ADJUST_LCDE
                0x000000000000035a        0xb CMakeFiles/BrewTroller-OT_DX1_RIMSDF.elf.dir/UIStrings.cpp.obj
                0x000000000000035a                _ZN9UIStrings11SystemSetup9LCDConfig10ADJUST_LCDE
 .progmem.data._ZN9UIStrings11SystemSetup10InitEEPROM12RESET_CONFIGE
                0x0000000000000365       0x15 CMakeFiles/BrewTroller-OT_DX1_RIMSDF.elf.dir/UIStrings.cpp.obj
                0x0000000000000365                _ZN9UIStrings11SystemSetup10InitEEPROM12RESET_CONFIGE
 .progmem.data._ZN9UIStrings11SystemSetup18MODBUSOutputConfig20UPDATE_FAIL_CONTINUEE
                0x000000000000037a        0xd CMakeFiles/BrewTroller-OT_DX1_RIMSDF.elf.dir/UIStrings.cpp.obj
                0x000000000000037a                _ZN9UIStrings11SystemSetup18MODBUSOutputConfig20UPDATE_FAIL_CONTINUEE
 .progmem.data._ZN9UIStrings11SystemSetup18MODBUSOutputConfig11UPDATE_FAILE
                0x0000000000000387        0xe CMakeFiles/BrewTroller-OT_DX1_RIMSDF.elf.dir/UIStrings.cpp.obj
                0x0000000000000387                _ZN9UIStrings11SystemSetup18MODBUSOutputConfig11UPDATE_FAILE
 .progmem.data._ZN9UIStrings11SystemSetup18MODBUSOutputConfig11NEW_ADDRESSE
                0x0000000000000395        0xc CMakeFiles/BrewTroller-OT_DX1_RIMSDF.elf.dir/UIStrings.cpp.obj
                0x0000000000000395                _ZN9UIStrings11SystemSetup18MODBUSOutputConfig11NEW_ADDRESSE
 .progmem.data._ZN9UIStrings11SystemSetup18MODBUSOutputConfig12ASSIGN_RETRYE
                0x00000000000003a1        0x9 CMakeFiles/BrewTroller-OT_DX1_RIMSDF.elf.dir/UIStrings.cpp.obj
                0x00000000000003a1                _ZN9UIStrings11SystemSetup18MODBUSOutputConfig12ASSIGN_RETRYE
 .progmem.data._ZN9UIStrings11SystemSetup18MODBUSOutputConfig12ASSIGN_ERRORE
                0x00000000000003aa        0x7 CMakeFiles/BrewTroller-OT_DX1_RIMSDF.elf.dir/UIStrings.cpp.obj
                0x00000000000003aa                _ZN9UIStrings11SystemSetup18MODBUSOutputConfig12ASSIGN_ERRORE
 .progmem.data._ZN9UIStrings11SystemSetup18MODBUSOutputConfig14ASSIGN_TIMEOUTE
                0x00000000000003b1        0x8 CMakeFiles/BrewTroller-OT_DX1_RIMSDF.elf.dir/UIStrings.cpp.obj
                0x00000000000003b1                _ZN9UIStrings11SystemSetup18MODBUSOutputConfig14ASSIGN_TIMEOUTE
 .progmem.data._ZN9UIStrings11SystemSetup18MODBUSOutputConfig17CLICK_TO_ACTIVATEE
                0x00000000000003b9       0x13 CMakeFiles/BrewTroller-OT_DX1_RIMSDF.elf.dir/UIStrings.cpp.obj
                0x00000000000003b9                _ZN9UIStrings11SystemSetup18MODBUSOutputConfig17CLICK_TO_ACTIVATEE
 .progmem.data._ZN9UIStrings11SystemSetup18MODBUSOutputConfig12OUTPUT_BOARDE
                0x00000000000003cc       0x12 CMakeFiles/BrewTroller-OT_DX1_RIMSDF.elf.dir/UIStrings.cpp.obj
                0x00000000000003cc                _ZN9UIStrings11SystemSetup18MODBUSOutputConfig12OUTPUT_BOARDE
 .progmem.data._ZN9UIStrings11SystemSetup18MODBUSOutputConfig11CLICK_RESETE
                0x00000000000003de       0x14 CMakeFiles/BrewTroller-OT_DX1_RIMSDF.elf.dir/UIStrings.cpp.obj
                0x00000000000003de                _ZN9UIStrings11SystemSetup18MODBUSOutputConfig11CLICK_RESETE
 .progmem.data._ZN9UIStrings11SystemSetup18MODBUSOutputConfig13OUTPUT_OFFSETE
                0x00000000000003f2        0xe CMakeFiles/BrewTroller-OT_DX1_RIMSDF.elf.dir/UIStrings.cpp.obj
                0x00000000000003f2                _ZN9UIStrings11SystemSetup18MODBUSOutputConfig13OUTPUT_OFFSETE
 .progmem.data._ZN9UIStrings11SystemSetup18MODBUSOutputConfig10COIL_COUNTE
                0x0000000000000400        0xb CMakeFiles/BrewTroller-OT_DX1_RIMSDF.elf.dir/UIStrings.cpp.obj
                0x0000000000000400                _ZN9UIStrings11SystemSetup18MODBUSOutputConfig10COIL_COUNTE
 .progmem.data._ZN9UIStrings11SystemSetup18MODBUSOutputConfig13COIL_REGISTERE
                0x000000000000040b        0xe CMakeFiles/BrewTroller-OT_DX1_RIMSDF.elf.dir/UIStrings.cpp.obj
                0x000000000000040b                _ZN9UIStrings11SystemSetup18MODBUSOutputConfig13COIL_REGISTERE
 .progmem.data._ZN9UIStrings11SystemSetup18MODBUSOutputConfig13RELAY_ADDRESSE
                0x0000000000000419       0x14 CMakeFiles/BrewTroller-OT_DX1_RIMSDF.elf.dir/UIStrings.cpp.obj
                0x0000000000000419                _ZN9UIStrings11SystemSetup18MODBUSOutputConfig13RELAY_ADDRESSE
 .progmem.data._ZN9UIStrings11SystemSetup18MODBUSOutputConfig7ID_MODEE
                0x000000000000042d        0xa CMakeFiles/BrewTroller-OT_DX1_RIMSDF.elf.dir/UIStrings.cpp.obj
                0x000000000000042d                _ZN9UIStrings11SystemSetup18MODBUSOutputConfig7ID_MODEE
 .progmem.data._ZN9UIStrings11SystemSetup18MODBUSOutputConfig11AUTO_ASSIGNE
                0x0000000000000437        0xc CMakeFiles/BrewTroller-OT_DX1_RIMSDF.elf.dir/UIStrings.cpp.obj
                0x0000000000000437                _ZN9UIStrings11SystemSetup18MODBUSOutputConfig11AUTO_ASSIGNE
 .progmem.data._ZN9UIStrings11SystemSetup18MODBUSOutputConfig6OFFSETE
                0x0000000000000443        0x9 CMakeFiles/BrewTroller-OT_DX1_RIMSDF.elf.dir/UIStrings.cpp.obj
                0x0000000000000443                _ZN9UIStrings11SystemSetup18MODBUSOutputConfig6OFFSETE
 .progmem.data._ZN9UIStrings11SystemSetup18MODBUSOutputConfig5COUNTE
                0x000000000000044c        0x8 CMakeFiles/BrewTroller-OT_DX1_RIMSDF.elf.dir/UIStrings.cpp.obj
                0x000000000000044c                _ZN9UIStrings11SystemSetup18MODBUSOutputConfig5COUNTE
 .progmem.data._ZN9UIStrings11SystemSetup18MODBUSOutputConfig8REGISTERE
                0x0000000000000454        0xb CMakeFiles/BrewTroller-OT_DX1_RIMSDF.elf.dir/UIStrings.cpp.obj
                0x0000000000000454                _ZN9UIStrings11SystemSetup18MODBUSOutputConfig8REGISTERE
 .progmem.data._ZN9UIStrings11SystemSetup18MODBUSOutputConfig2NAE
                0x000000000000045f        0x4 CMakeFiles/BrewTroller-OT_DX1_RIMSDF.elf.dir/UIStrings.cpp.obj
                0x000000000000045f                _ZN9UIStrings11SystemSetup18MODBUSOutputConfig2NAE
 .progmem.data._ZN9UIStrings11SystemSetup18MODBUSOutputConfig7ADDRESSE
                0x0000000000000463        0xa CMakeFiles/BrewTroller-OT_DX1_RIMSDF.elf.dir/UIStrings.cpp.obj
                0x0000000000000463                _ZN9UIStrings11SystemSetup18MODBUSOutputConfig7ADDRESSE
 .progmem.data._ZN9UIStrings11SystemSetup18MODBUSOutputConfig5ERRORE
                0x000000000000046d        0x6 CMakeFiles/BrewTroller-OT_DX1_RIMSDF.elf.dir/UIStrings.cpp.obj
                0x000000000000046d                _ZN9UIStrings11SystemSetup18MODBUSOutputConfig5ERRORE
 .progmem.data._ZN9UIStrings11SystemSetup18MODBUSOutputConfig7TIMEOUTE
                0x0000000000000473        0xa CMakeFiles/BrewTroller-OT_DX1_RIMSDF.elf.dir/UIStrings.cpp.obj
                0x0000000000000473                _ZN9UIStrings11SystemSetup18MODBUSOutputConfig7TIMEOUTE
 .progmem.data._ZN9UIStrings11SystemSetup18MODBUSOutputConfig9CONNECTEDE
                0x000000000000047d        0xc CMakeFiles/BrewTroller-OT_DX1_RIMSDF.elf.dir/UIStrings.cpp.obj
                0x000000000000047d                _ZN9UIStrings11SystemSetup18MODBUSOutputConfig9CONNECTEDE
 .progmem.data._ZN9UIStrings11SystemSetup18MODBUSOutputConfig8DISABLEDE
                0x0000000000000489        0xb CMakeFiles/BrewTroller-OT_DX1_RIMSDF.elf.dir/UIStrings.cpp.obj
                0x0000000000000489                _ZN9UIStrings11SystemSetup18MODBUSOutputConfig8DISABLEDE
 .progmem.data._ZN9UIStrings11SystemSetup18MODBUSOutputConfig5BOARDE
                0x0000000000000494        0x7 CMakeFiles/BrewTroller-OT_DX1_RIMSDF.elf.dir/UIStrings.cpp.obj
                0x0000000000000494                _ZN9UIStrings11SystemSetup18MODBUSOutputConfig5BOARDE
 .progmem.data._ZN9UIStrings11SystemSetup18ValveProfileConfig9CLOSE_SQRE
                0x000000000000049b        0x2 CMakeFiles/BrewTroller-OT_DX1_RIMSDF.elf.dir/UIStrings.cpp.obj
                0x000000000000049b                _ZN9UIStrings11SystemSetup18ValveProfileConfig9CLOSE_SQRE
 .progmem.data._ZN9UIStrings11SystemSetup18ValveProfileConfig8OPEN_SQRE
                0x000000000000049d        0x2 CMakeFiles/BrewTroller-OT_DX1_RIMSDF.elf.dir/UIStrings.cpp.obj
                0x000000000000049d                _ZN9UIStrings11SystemSetup18ValveProfileConfig8OPEN_SQRE
 .progmem.data._ZN9UIStrings11SystemSetup18ValveProfileConfig6CARROTE
                0x000000000000049f        0x2 CMakeFiles/BrewTroller-OT_DX1_RIMSDF.elf.dir/UIStrings.cpp.obj
                0x000000000000049f                _ZN9UIStrings11SystemSetup18ValveProfileConfig6CARROTE
 .progmem.data._ZN9UIStrings11SystemSetup18ValveProfileConfig3ONEE
                0x00000000000004a1        0x2 CMakeFiles/BrewTroller-OT_DX1_RIMSDF.elf.dir/UIStrings.cpp.obj
                0x00000000000004a1                _ZN9UIStrings11SystemSetup18ValveProfileConfig3ONEE
 .progmem.data._ZN9UIStrings11SystemSetup18ValveProfileConfig4SAVEE
                0x00000000000004a3        0x5 CMakeFiles/BrewTroller-OT_DX1_RIMSDF.elf.dir/UIStrings.cpp.obj
                0x00000000000004a3                _ZN9UIStrings11SystemSetup18ValveProfileConfig4SAVEE
 .progmem.data._ZN9UIStrings11SystemSetup18ValveProfileConfig4TESTE
                0x00000000000004a8        0x5 CMakeFiles/BrewTroller-OT_DX1_RIMSDF.elf.dir/UIStrings.cpp.obj
                0x00000000000004a8                _ZN9UIStrings11SystemSetup18ValveProfileConfig4TESTE
 .progmem.data._ZN9UIStrings11SystemSetup17VolumeCalibration16MANUAL_VOL_ENTRYE
                0x00000000000004ad       0x14 CMakeFiles/BrewTroller-OT_DX1_RIMSDF.elf.dir/UIStrings.cpp.obj
                0x00000000000004ad                _ZN9UIStrings11SystemSetup17VolumeCalibration16MANUAL_VOL_ENTRYE
 .progmem.data._ZN9UIStrings11SystemSetup17VolumeCalibration12MANUAL_ENTRYE
                0x00000000000004c1        0xd CMakeFiles/BrewTroller-OT_DX1_RIMSDF.elf.dir/UIStrings.cpp.obj
                0x00000000000004c1                _ZN9UIStrings11SystemSetup17VolumeCalibration12MANUAL_ENTRYE
 .progmem.data._ZN9UIStrings11SystemSetup17VolumeCalibration2TOE
                0x00000000000004ce        0x5 CMakeFiles/BrewTroller-OT_DX1_RIMSDF.elf.dir/UIStrings.cpp.obj
                0x00000000000004ce                _ZN9UIStrings11SystemSetup17VolumeCalibration2TOE
 .progmem.data._ZN9UIStrings11SystemSetup17VolumeCalibration6UPDATEE
                0x00000000000004d3        0x8 CMakeFiles/BrewTroller-OT_DX1_RIMSDF.elf.dir/UIStrings.cpp.obj
                0x00000000000004d3                _ZN9UIStrings11SystemSetup17VolumeCalibration6UPDATEE
 .progmem.data._ZN9UIStrings11SystemSetup17VolumeCalibration9CALIBRATEE
                0x00000000000004db        0xa CMakeFiles/BrewTroller-OT_DX1_RIMSDF.elf.dir/UIStrings.cpp.obj
                0x00000000000004db                _ZN9UIStrings11SystemSetup17VolumeCalibration9CALIBRATEE
 .progmem.data._ZN9UIStrings11SystemSetup17VolumeCalibration8CURR_VOLE
                0x00000000000004e5       0x10 CMakeFiles/BrewTroller-OT_DX1_RIMSDF.elf.dir/UIStrings.cpp.obj
                0x00000000000004e5                _ZN9UIStrings11SystemSetup17VolumeCalibration8CURR_VOLE
 .progmem.data._ZN9UIStrings11SystemSetup17VolumeCalibration4OPENE
                0x00000000000004f5        0x5 CMakeFiles/BrewTroller-OT_DX1_RIMSDF.elf.dir/UIStrings.cpp.obj
                0x00000000000004f5                _ZN9UIStrings11SystemSetup17VolumeCalibration4OPENE
 .progmem.data._ZN9UIStrings11SystemSetup17VolumeCalibration11CLOSE_PARENE
                0x00000000000004fa        0x2 CMakeFiles/BrewTroller-OT_DX1_RIMSDF.elf.dir/UIStrings.cpp.obj
                0x00000000000004fa                _ZN9UIStrings11SystemSetup17VolumeCalibration11CLOSE_PARENE
 .progmem.data._ZN9UIStrings11SystemSetup17VolumeCalibration10OPEN_PARENE
                0x00000000000004fc        0x3 CMakeFiles/BrewTroller-OT_DX1_RIMSDF.elf.dir/UIStrings.cpp.obj
                0x00000000000004fc                _ZN9UIStrings11SystemSetup17VolumeCalibration10OPEN_PARENE
 .progmem.data._ZN9UIStrings11SystemSetup12VolumeConfig14EVAP_RATE_UNITE
                0x00000000000004ff        0x5 CMakeFiles/BrewTroller-OT_DX1_RIMSDF.elf.dir/UIStrings.cpp.obj
                0x00000000000004ff                _ZN9UIStrings11SystemSetup12VolumeConfig14EVAP_RATE_UNITE
 .progmem.data._ZN9UIStrings11SystemSetup12VolumeConfig11CALIBRATIONE
                0x0000000000000504        0xd CMakeFiles/BrewTroller-OT_DX1_RIMSDF.elf.dir/UIStrings.cpp.obj
                0x0000000000000504                _ZN9UIStrings11SystemSetup12VolumeConfig11CALIBRATIONE
 .progmem.data._ZN9UIStrings11SystemSetup12VolumeConfig9DEADSPACEE
                0x0000000000000511        0xc CMakeFiles/BrewTroller-OT_DX1_RIMSDF.elf.dir/UIStrings.cpp.obj
                0x0000000000000511                _ZN9UIStrings11SystemSetup12VolumeConfig9DEADSPACEE
 .progmem.data._ZN9UIStrings11SystemSetup12VolumeConfig8CAPACITYE
                0x000000000000051d        0xa CMakeFiles/BrewTroller-OT_DX1_RIMSDF.elf.dir/UIStrings.cpp.obj
                0x000000000000051d                _ZN9UIStrings11SystemSetup12VolumeConfig8CAPACITYE
 .progmem.data._ZN9UIStrings11SystemSetup12VolumeConfig9EVAP_RATEE
                0x0000000000000527       0x11 CMakeFiles/BrewTroller-OT_DX1_RIMSDF.elf.dir/UIStrings.cpp.obj
                0x0000000000000527                _ZN9UIStrings11SystemSetup12VolumeConfig9EVAP_RATEE
 .progmem.data._ZN9UIStrings11SystemSetup12OutputConfig8PUMPFLOWE
                0x0000000000000538        0xf CMakeFiles/BrewTroller-OT_DX1_RIMSDF.elf.dir/UIStrings.cpp.obj
                0x0000000000000538                _ZN9UIStrings11SystemSetup12OutputConfig8PUMPFLOWE
 .progmem.data._ZN9UIStrings11SystemSetup12OutputConfig10HYSTERESISE
                0x0000000000000547        0xc CMakeFiles/BrewTroller-OT_DX1_RIMSDF.elf.dir/UIStrings.cpp.obj
                0x0000000000000547                _ZN9UIStrings11SystemSetup12OutputConfig10HYSTERESISE
 .progmem.data._ZN9UIStrings11SystemSetup12OutputConfig7PIDGAINE
                0x0000000000000553        0xa CMakeFiles/BrewTroller-OT_DX1_RIMSDF.elf.dir/UIStrings.cpp.obj
                0x0000000000000553                _ZN9UIStrings11SystemSetup12OutputConfig7PIDGAINE
 .progmem.data._ZN9UIStrings11SystemSetup12OutputConfig8PIDCYCLEE
                0x000000000000055d        0xb CMakeFiles/BrewTroller-OT_DX1_RIMSDF.elf.dir/UIStrings.cpp.obj
                0x000000000000055d                _ZN9UIStrings11SystemSetup12OutputConfig8PIDCYCLEE
 .progmem.data._ZN9UIStrings11SystemSetup12OutputConfig11ON_OFF_MODEE
                0x0000000000000568        0x7 CMakeFiles/BrewTroller-OT_DX1_RIMSDF.elf.dir/UIStrings.cpp.obj
                0x0000000000000568                _ZN9UIStrings11SystemSetup12OutputConfig11ON_OFF_MODEE
 .progmem.data._ZN9UIStrings11SystemSetup12OutputConfig8PID_MODEE
                0x000000000000056f        0x4 CMakeFiles/BrewTroller-OT_DX1_RIMSDF.elf.dir/UIStrings.cpp.obj
                0x000000000000056f                _ZN9UIStrings11SystemSetup12OutputConfig8PID_MODEE
 .progmem.data._ZN9UIStrings11SystemSetup12OutputConfig16SPARGE_PUMP_MODEE
                0x0000000000000573        0xe CMakeFiles/BrewTroller-OT_DX1_RIMSDF.elf.dir/UIStrings.cpp.obj
                0x0000000000000573                _ZN9UIStrings11SystemSetup12OutputConfig16SPARGE_PUMP_MODEE
 .progmem.data._ZN9UIStrings11SystemSetup12OutputConfig11KETTLE_MODEE
                0x0000000000000581        0xe CMakeFiles/BrewTroller-OT_DX1_RIMSDF.elf.dir/UIStrings.cpp.obj
                0x0000000000000581                _ZN9UIStrings11SystemSetup12OutputConfig11KETTLE_MODEE
 .progmem.data._ZN9UIStrings11SystemSetup12OutputConfig9MASH_MODEE
                0x000000000000058f        0xc CMakeFiles/BrewTroller-OT_DX1_RIMSDF.elf.dir/UIStrings.cpp.obj
                0x000000000000058f                _ZN9UIStrings11SystemSetup12OutputConfig9MASH_MODEE
 .progmem.data._ZN9UIStrings11SystemSetup12OutputConfig8HLT_MODEE
                0x000000000000059b        0xb CMakeFiles/BrewTroller-OT_DX1_RIMSDF.elf.dir/UIStrings.cpp.obj
                0x000000000000059b                _ZN9UIStrings11SystemSetup12OutputConfig8HLT_MODEE
 .progmem.data._ZN9UIStrings11SystemSetup16TempSensorAssign15ASSIGN_BAD_TEMPE
                0x00000000000005a6        0x4 CMakeFiles/BrewTroller-OT_DX1_RIMSDF.elf.dir/UIStrings.cpp.obj
                0x00000000000005a6                _ZN9UIStrings11SystemSetup16TempSensorAssign15ASSIGN_BAD_TEMPE
 .progmem.data._ZN9UIStrings11SystemSetup16TempSensorAssign16DISCONNECT_WARN2E
                0x00000000000005aa       0x11 CMakeFiles/BrewTroller-OT_DX1_RIMSDF.elf.dir/UIStrings.cpp.obj
                0x00000000000005aa                _ZN9UIStrings11SystemSetup16TempSensorAssign16DISCONNECT_WARN2E
 .progmem.data._ZN9UIStrings11SystemSetup16TempSensorAssign16DISCONNECT_WARN1E
                0x00000000000005bb       0x15 CMakeFiles/BrewTroller-OT_DX1_RIMSDF.elf.dir/UIStrings.cpp.obj
                0x00000000000005bb                _ZN9UIStrings11SystemSetup16TempSensorAssign16DISCONNECT_WARN1E
 .progmem.data._ZN9UIStrings11SystemSetup16TempSensorAssign14DELETE_ADDRESSE
                0x00000000000005d0        0xf CMakeFiles/BrewTroller-OT_DX1_RIMSDF.elf.dir/UIStrings.cpp.obj
                0x00000000000005d0                _ZN9UIStrings11SystemSetup16TempSensorAssign14DELETE_ADDRESSE
 .progmem.data._ZN9UIStrings11SystemSetup16TempSensorAssign8SCAN_BUSE
                0x00000000000005df        0x9 CMakeFiles/BrewTroller-OT_DX1_RIMSDF.elf.dir/UIStrings.cpp.obj
                0x00000000000005df                _ZN9UIStrings11SystemSetup16TempSensorAssign8SCAN_BUSE
 .progmem.data._ZN9UIStrings11SystemSetup16TempSensorAssign13ASSIGN_SENSORE
                0x00000000000005e8       0x13 CMakeFiles/BrewTroller-OT_DX1_RIMSDF.elf.dir/UIStrings.cpp.obj
                0x00000000000005e8                _ZN9UIStrings11SystemSetup16TempSensorAssign13ASSIGN_SENSORE
 .progmem.data._ZN9UIStrings11SystemSetup16TempSensorAssign4AUX3E
                0x00000000000005fb        0x6 CMakeFiles/BrewTroller-OT_DX1_RIMSDF.elf.dir/UIStrings.cpp.obj
                0x00000000000005fb                _ZN9UIStrings11SystemSetup16TempSensorAssign4AUX3E
 .progmem.data._ZN9UIStrings11SystemSetup16TempSensorAssign4AUX2E
                0x0000000000000601        0x6 CMakeFiles/BrewTroller-OT_DX1_RIMSDF.elf.dir/UIStrings.cpp.obj
                0x0000000000000601                _ZN9UIStrings11SystemSetup16TempSensorAssign4AUX2E
 .progmem.data._ZN9UIStrings11SystemSetup16TempSensorAssign4AUX1E
                0x0000000000000607        0x6 CMakeFiles/BrewTroller-OT_DX1_RIMSDF.elf.dir/UIStrings.cpp.obj
                0x0000000000000607                _ZN9UIStrings11SystemSetup16TempSensorAssign4AUX1E
 .progmem.data._ZN9UIStrings11SystemSetup16TempSensorAssign8BEER_OUTE
                0x000000000000060d        0x9 CMakeFiles/BrewTroller-OT_DX1_RIMSDF.elf.dir/UIStrings.cpp.obj
                0x000000000000060d                _ZN9UIStrings11SystemSetup16TempSensorAssign8BEER_OUTE
 .progmem.data._ZN9UIStrings11SystemSetup16TempSensorAssign9WATER_OUTE
                0x0000000000000616        0x8 CMakeFiles/BrewTroller-OT_DX1_RIMSDF.elf.dir/UIStrings.cpp.obj
                0x0000000000000616                _ZN9UIStrings11SystemSetup16TempSensorAssign9WATER_OUTE
 .progmem.data._ZN9UIStrings11SystemSetup16TempSensorAssign8WATER_INE
                0x000000000000061e        0x7 CMakeFiles/BrewTroller-OT_DX1_RIMSDF.elf.dir/UIStrings.cpp.obj
                0x000000000000061e                _ZN9UIStrings11SystemSetup16TempSensorAssign8WATER_INE
 .progmem.data._ZN9UIStrings11SystemSetup16TempSensorAssign11BREW_KETTLEE
                0x0000000000000625        0xc CMakeFiles/BrewTroller-OT_DX1_RIMSDF.elf.dir/UIStrings.cpp.obj
                0x0000000000000625                _ZN9UIStrings11SystemSetup16TempSensorAssign11BREW_KETTLEE
 .progmem.data._ZN9UIStrings11SystemSetup8TITLE_VSE
                0x0000000000000631        0x8 CMakeFiles/BrewTroller-OT_DX1_RIMSDF.elf.dir/UIStrings.cpp.obj
                0x0000000000000631                _ZN9UIStrings11SystemSetup8TITLE_VSE
 .progmem.data._ZN9UIStrings11SystemSetup8TRIGGERSE
                0x0000000000000639        0x9 CMakeFiles/BrewTroller-OT_DX1_RIMSDF.elf.dir/UIStrings.cpp.obj
                0x0000000000000639                _ZN9UIStrings11SystemSetup8TRIGGERSE
 .progmem.data._ZN9UIStrings11SystemSetup9DISPLAY_SE
                0x0000000000000642        0x8 CMakeFiles/BrewTroller-OT_DX1_RIMSDF.elf.dir/UIStrings.cpp.obj
                0x0000000000000642                _ZN9UIStrings11SystemSetup9DISPLAY_SE
 .progmem.data._ZN9UIStrings11SystemSetup13RS485_OUTPUTSE
                0x000000000000064a        0xe CMakeFiles/BrewTroller-OT_DX1_RIMSDF.elf.dir/UIStrings.cpp.obj
                0x000000000000064a                _ZN9UIStrings11SystemSetup13RS485_OUTPUTSE
 .progmem.data._ZN9UIStrings11SystemSetup14VALVE_PROFILESE
                0x0000000000000658        0xf CMakeFiles/BrewTroller-OT_DX1_RIMSDF.elf.dir/UIStrings.cpp.obj
                0x0000000000000658                _ZN9UIStrings11SystemSetup14VALVE_PROFILESE
 .progmem.data._ZN9UIStrings11SystemSetup9VOLS_CAPSE
                0x0000000000000667       0x10 CMakeFiles/BrewTroller-OT_DX1_RIMSDF.elf.dir/UIStrings.cpp.obj
                0x0000000000000667                _ZN9UIStrings11SystemSetup9VOLS_CAPSE
 .progmem.data._ZN9UIStrings11SystemSetup7OUTPUTSE
                0x0000000000000677        0x8 CMakeFiles/BrewTroller-OT_DX1_RIMSDF.elf.dir/UIStrings.cpp.obj
                0x0000000000000677                _ZN9UIStrings11SystemSetup7OUTPUTSE
 .progmem.data._ZN9UIStrings11SystemSetup12TEMP_SENSORSE
                0x000000000000067f       0x14 CMakeFiles/BrewTroller-OT_DX1_RIMSDF.elf.dir/UIStrings.cpp.obj
                0x000000000000067f                _ZN9UIStrings11SystemSetup12TEMP_SENSORSE
 .progmem.data._ZN9UIStrings5Timer9TIMER_SEPE
                0x0000000000000693        0x5 CMakeFiles/BrewTroller-OT_DX1_RIMSDF.elf.dir/UIStrings.cpp.obj
                0x0000000000000693                _ZN9UIStrings5Timer9TIMER_SEPE
 .progmem.data._ZN9UIStrings12DeleteDialog11DELETE_ITEME
                0x0000000000000698        0xd CMakeFiles/BrewTroller-OT_DX1_RIMSDF.elf.dir/UIStrings.cpp.obj
                0x0000000000000698                _ZN9UIStrings12DeleteDialog11DELETE_ITEME
 .progmem.data._ZN9UIStrings11AbortDialog5RESETE
                0x00000000000006a5        0x6 CMakeFiles/BrewTroller-OT_DX1_RIMSDF.elf.dir/UIStrings.cpp.obj
                0x00000000000006a5                _ZN9UIStrings11AbortDialog5RESETE
 .progmem.data._ZN9UIStrings11AbortDialog9ABORT_OP3E
                0x00000000000006ab       0x14 CMakeFiles/BrewTroller-OT_DX1_RIMSDF.elf.dir/UIStrings.cpp.obj
                0x00000000000006ab                _ZN9UIStrings11AbortDialog9ABORT_OP3E
 .progmem.data._ZN9UIStrings11AbortDialog9ABORT_OP2E
                0x00000000000006bf       0x11 CMakeFiles/BrewTroller-OT_DX1_RIMSDF.elf.dir/UIStrings.cpp.obj
                0x00000000000006bf                _ZN9UIStrings11AbortDialog9ABORT_OP2E
 .progmem.data._ZN9UIStrings11AbortDialog9ABORT_OP1E
                0x00000000000006d0       0x14 CMakeFiles/BrewTroller-OT_DX1_RIMSDF.elf.dir/UIStrings.cpp.obj
                0x00000000000006d0                _ZN9UIStrings11AbortDialog9ABORT_OP1E
 .progmem.data._ZN9UIStrings5EStop11CLEAR_ESTOPE
                0x00000000000006e4        0xe CMakeFiles/BrewTroller-OT_DX1_RIMSDF.elf.dir/UIStrings.cpp.obj
                0x00000000000006e4                _ZN9UIStrings5EStop11CLEAR_ESTOPE
 .progmem.data._ZN9UIStrings5EStop11CLEAR_ALARME
                0x00000000000006f2        0xd CMakeFiles/BrewTroller-OT_DX1_RIMSDF.elf.dir/UIStrings.cpp.obj
                0x00000000000006f2                _ZN9UIStrings5EStop11CLEAR_ALARME
 .progmem.data._ZN9UIStrings5EStop15ESTOP_TRIGGEREDE
                0x00000000000006ff       0x11 CMakeFiles/BrewTroller-OT_DX1_RIMSDF.elf.dir/UIStrings.cpp.obj
                0x00000000000006ff                _ZN9UIStrings5EStop15ESTOP_TRIGGEREDE
 .progmem.data._ZN9UIStrings6Vessel13TITLE_VS_PUMPE
                0x0000000000000710        0x5 CMakeFiles/BrewTroller-OT_DX1_RIMSDF.elf.dir/UIStrings.cpp.obj
                0x0000000000000710                _ZN9UIStrings6Vessel13TITLE_VS_PUMPE
 .progmem.data._ZN9UIStrings6Vessel15TITLE_VS_KETTLEE
                0x0000000000000715        0x7 CMakeFiles/BrewTroller-OT_DX1_RIMSDF.elf.dir/UIStrings.cpp.obj
                0x0000000000000715                _ZN9UIStrings6Vessel15TITLE_VS_KETTLEE
 .progmem.data._ZN9UIStrings6Vessel13TITLE_VS_MASHE
                0x000000000000071c        0x5 CMakeFiles/BrewTroller-OT_DX1_RIMSDF.elf.dir/UIStrings.cpp.obj
                0x000000000000071c                _ZN9UIStrings6Vessel13TITLE_VS_MASHE
 .progmem.data._ZN9UIStrings6Vessel12TITLE_VS_HLTE
                0x0000000000000721        0x4 CMakeFiles/BrewTroller-OT_DX1_RIMSDF.elf.dir/UIStrings.cpp.obj
                0x0000000000000721                _ZN9UIStrings6Vessel12TITLE_VS_HLTE
 .progmem.data._ZN9UIStrings7Program9StepError11FAILED_ADV2E
                0x0000000000000725        0x9 CMakeFiles/BrewTroller-OT_DX1_RIMSDF.elf.dir/UIStrings.cpp.obj
                0x0000000000000725                _ZN9UIStrings7Program9StepError11FAILED_ADV2E
 .progmem.data._ZN9UIStrings7Program9StepError11FAILED_ADV1E
                0x000000000000072e       0x12 CMakeFiles/BrewTroller-OT_DX1_RIMSDF.elf.dir/UIStrings.cpp.obj
                0x000000000000072e                _ZN9UIStrings7Program9StepError11FAILED_ADV1E
 .progmem.data._ZN9UIStrings7Program11BoilWarning13BOIL_CAP_WARNE
                0x0000000000000740       0x14 CMakeFiles/BrewTroller-OT_DX1_RIMSDF.elf.dir/UIStrings.cpp.obj
                0x0000000000000740                _ZN9UIStrings7Program11BoilWarning13BOIL_CAP_WARNE
 .progmem.data._ZN9UIStrings7Program11MashWarning13MASH_CAP_WARNE
                0x0000000000000754       0x14 CMakeFiles/BrewTroller-OT_DX1_RIMSDF.elf.dir/UIStrings.cpp.obj
                0x0000000000000754                _ZN9UIStrings7Program11MashWarning13MASH_CAP_WARNE
 .progmem.data._ZN9UIStrings7Program10HLTWarning12HLT_CAP_WARNE
                0x0000000000000768       0x13 CMakeFiles/BrewTroller-OT_DX1_RIMSDF.elf.dir/UIStrings.cpp.obj
                0x0000000000000768                _ZN9UIStrings7Program10HLTWarning12HLT_CAP_WARNE
 .progmem.data._ZN9UIStrings7Program11HopSchedule10MIN_3SPACEE
                0x000000000000077b        0x7 CMakeFiles/BrewTroller-OT_DX1_RIMSDF.elf.dir/UIStrings.cpp.obj
                0x000000000000077b                _ZN9UIStrings7Program11HopSchedule10MIN_3SPACEE
 .progmem.data._ZN9UIStrings7Program11HopSchedule10MIN_2SPACEE
                0x0000000000000782        0x6 CMakeFiles/BrewTroller-OT_DX1_RIMSDF.elf.dir/UIStrings.cpp.obj
                0x0000000000000782                _ZN9UIStrings7Program11HopSchedule10MIN_2SPACEE
 .progmem.data._ZN9UIStrings7Program11HopSchedule9MIN_SPACEE
                0x0000000000000788        0x5 CMakeFiles/BrewTroller-OT_DX1_RIMSDF.elf.dir/UIStrings.cpp.obj
                0x0000000000000788                _ZN9UIStrings7Program11HopSchedule9MIN_SPACEE
 .progmem.data._ZN9UIStrings7Program11HopSchedule7AT_BOILE
                0x000000000000078d        0x8 CMakeFiles/BrewTroller-OT_DX1_RIMSDF.elf.dir/UIStrings.cpp.obj
                0x000000000000078d                _ZN9UIStrings7Program11HopSchedule7AT_BOILE
 .progmem.data._ZN9UIStrings7Program11ProgramMenu10GRAIN_LOSSE
                0x0000000000000795        0xc CMakeFiles/BrewTroller-OT_DX1_RIMSDF.elf.dir/UIStrings.cpp.obj
                0x0000000000000795                _ZN9UIStrings7Program11ProgramMenu10GRAIN_LOSSE
 .progmem.data._ZN9UIStrings7Program11ProgramMenu9GRAIN_VOLE
                0x00000000000007a1        0xb CMakeFiles/BrewTroller-OT_DX1_RIMSDF.elf.dir/UIStrings.cpp.obj
                0x00000000000007a1                _ZN9UIStrings7Program11ProgramMenu9GRAIN_VOLE
 .progmem.data._ZN9UIStrings7Program11ProgramMenu11PREBOIL_VOLE
                0x00000000000007ac        0xd CMakeFiles/BrewTroller-OT_DX1_RIMSDF.elf.dir/UIStrings.cpp.obj
                0x00000000000007ac                _ZN9UIStrings7Program11ProgramMenu11PREBOIL_VOLE
 .progmem.data._ZN9UIStrings7Program11ProgramMenu10SPARGE_VOLE
                0x00000000000007b9        0xc CMakeFiles/BrewTroller-OT_DX1_RIMSDF.elf.dir/UIStrings.cpp.obj
                0x00000000000007b9                _ZN9UIStrings7Program11ProgramMenu10SPARGE_VOLE
 .progmem.data._ZN9UIStrings7Program11ProgramMenu10STRIKE_VOLE
                0x00000000000007c5        0xc CMakeFiles/BrewTroller-OT_DX1_RIMSDF.elf.dir/UIStrings.cpp.obj
                0x00000000000007c5                _ZN9UIStrings7Program11ProgramMenu10STRIKE_VOLE
 .progmem.data._ZN9UIStrings7Program11ProgramMenu11STRIKE_TEMPE
                0x00000000000007d1        0xd CMakeFiles/BrewTroller-OT_DX1_RIMSDF.elf.dir/UIStrings.cpp.obj
                0x00000000000007d1                _ZN9UIStrings7Program11ProgramMenu11STRIKE_TEMPE
 .progmem.data._ZN9UIStrings7Program11ProgramMenu11RATIO_UNITSE
                0x00000000000007de        0x7 CMakeFiles/BrewTroller-OT_DX1_RIMSDF.elf.dir/UIStrings.cpp.obj
                0x00000000000007de                _ZN9UIStrings7Program11ProgramMenu11RATIO_UNITSE
 .progmem.data._ZN9UIStrings7Program11ProgramMenu12GRAIN_WEIGHTE
                0x00000000000007e5        0xd CMakeFiles/BrewTroller-OT_DX1_RIMSDF.elf.dir/UIStrings.cpp.obj
                0x00000000000007e5                _ZN9UIStrings7Program11ProgramMenu12GRAIN_WEIGHTE
 .progmem.data._ZN9UIStrings7Program11ProgramMenu12BATCH_VOLUMEE
                0x00000000000007f2        0xd CMakeFiles/BrewTroller-OT_DX1_RIMSDF.elf.dir/UIStrings.cpp.obj
                0x00000000000007f2                _ZN9UIStrings7Program11ProgramMenu12BATCH_VOLUMEE
 .progmem.data._ZN9UIStrings7Program11ProgramMenu10PROG_CALCSE
                0x00000000000007ff        0xe CMakeFiles/BrewTroller-OT_DX1_RIMSDF.elf.dir/UIStrings.cpp.obj
                0x00000000000007ff                _ZN9UIStrings7Program11ProgramMenu10PROG_CALCSE
 .progmem.data._ZN9UIStrings7Program11ProgramMenu5UNKWNE
                0x000000000000080d        0x6 CMakeFiles/BrewTroller-OT_DX1_RIMSDF.elf.dir/UIStrings.cpp.obj
                0x000000000000080d                _ZN9UIStrings7Program11ProgramMenu5UNKWNE
 .progmem.data._ZN9UIStrings7Program11ProgramMenu4MASHE
                0x0000000000000813        0x5 CMakeFiles/BrewTroller-OT_DX1_RIMSDF.elf.dir/UIStrings.cpp.obj
                0x0000000000000813                _ZN9UIStrings7Program11ProgramMenu4MASHE
 .progmem.data._ZN9UIStrings7Program11ProgramMenu14HEAT_STRIKE_INE
                0x0000000000000818       0x10 CMakeFiles/BrewTroller-OT_DX1_RIMSDF.elf.dir/UIStrings.cpp.obj
                0x0000000000000818                _ZN9UIStrings7Program11ProgramMenu14HEAT_STRIKE_INE
 .progmem.data._ZN9UIStrings7Program11ProgramMenu10MASH_SCHEDE
                0x0000000000000828        0xe CMakeFiles/BrewTroller-OT_DX1_RIMSDF.elf.dir/UIStrings.cpp.obj
                0x0000000000000828                _ZN9UIStrings7Program11ProgramMenu10MASH_SCHEDE
 .progmem.data._ZN9UIStrings7Program11ProgramMenu10PITCH_TEMPE
                0x0000000000000836        0xb CMakeFiles/BrewTroller-OT_DX1_RIMSDF.elf.dir/UIStrings.cpp.obj
                0x0000000000000836                _ZN9UIStrings7Program11ProgramMenu10PITCH_TEMPE
 .progmem.data._ZN9UIStrings7Program11ProgramMenu11SPARGE_TEMPE
                0x0000000000000841        0xc CMakeFiles/BrewTroller-OT_DX1_RIMSDF.elf.dir/UIStrings.cpp.obj
                0x0000000000000841                _ZN9UIStrings7Program11ProgramMenu11SPARGE_TEMPE
 .progmem.data._ZN9UIStrings7Program11ProgramMenu8HLT_TEMPE
                0x000000000000084d        0xa CMakeFiles/BrewTroller-OT_DX1_RIMSDF.elf.dir/UIStrings.cpp.obj
                0x000000000000084d                _ZN9UIStrings7Program11ProgramMenu8HLT_TEMPE
 .progmem.data._ZN9UIStrings7Program11ProgramMenu9NO_SPARGEE
                0x0000000000000857        0x9 CMakeFiles/BrewTroller-OT_DX1_RIMSDF.elf.dir/UIStrings.cpp.obj
                0x0000000000000857                _ZN9UIStrings7Program11ProgramMenu9NO_SPARGEE
 .progmem.data._ZN9UIStrings7Program11ProgramMenu10RATIO_TO_1E
                0x0000000000000860        0x3 CMakeFiles/BrewTroller-OT_DX1_RIMSDF.elf.dir/UIStrings.cpp.obj
                0x0000000000000860                _ZN9UIStrings7Program11ProgramMenu10RATIO_TO_1E
 .progmem.data._ZN9UIStrings7Program11ProgramMenu10MASH_RATIOE
                0x0000000000000863        0xb CMakeFiles/BrewTroller-OT_DX1_RIMSDF.elf.dir/UIStrings.cpp.obj
                0x0000000000000863                _ZN9UIStrings7Program11ProgramMenu10MASH_RATIOE
 .progmem.data._ZN9UIStrings7Program11ProgramMenu11MINUTES_INDE
                0x000000000000086e        0x5 CMakeFiles/BrewTroller-OT_DX1_RIMSDF.elf.dir/UIStrings.cpp.obj
                0x000000000000086e                _ZN9UIStrings7Program11ProgramMenu11MINUTES_INDE
 .progmem.data._ZN9UIStrings7Program11ProgramMenu8BOIL_LENE
                0x0000000000000873        0xc CMakeFiles/BrewTroller-OT_DX1_RIMSDF.elf.dir/UIStrings.cpp.obj
                0x0000000000000873                _ZN9UIStrings7Program11ProgramMenu8BOIL_LENE
 .progmem.data._ZN9UIStrings7Program11ProgramMenu8GRAIN_WTE
                0x000000000000087f        0xa CMakeFiles/BrewTroller-OT_DX1_RIMSDF.elf.dir/UIStrings.cpp.obj
                0x000000000000087f                _ZN9UIStrings7Program11ProgramMenu8GRAIN_WTE
 .progmem.data._ZN9UIStrings7Program11ProgramMenu9BATCH_VOLE
                0x0000000000000889        0xb CMakeFiles/BrewTroller-OT_DX1_RIMSDF.elf.dir/UIStrings.cpp.obj
                0x0000000000000889                _ZN9UIStrings7Program11ProgramMenu9BATCH_VOLE
 .progmem.data._ZN9UIStrings7Program11ProgramMenu10START_ERR3E
                0x0000000000000894        0x8 CMakeFiles/BrewTroller-OT_DX1_RIMSDF.elf.dir/UIStrings.cpp.obj
                0x0000000000000894                _ZN9UIStrings7Program11ProgramMenu10START_ERR3E
 .progmem.data._ZN9UIStrings7Program11ProgramMenu10START_ERR2E
                0x000000000000089c       0x13 CMakeFiles/BrewTroller-OT_DX1_RIMSDF.elf.dir/UIStrings.cpp.obj
                0x000000000000089c                _ZN9UIStrings7Program11ProgramMenu10START_ERR2E
 .progmem.data._ZN9UIStrings7Program11ProgramMenu10START_ERR1E
                0x00000000000008af       0x15 CMakeFiles/BrewTroller-OT_DX1_RIMSDF.elf.dir/UIStrings.cpp.obj
                0x00000000000008af                _ZN9UIStrings7Program11ProgramMenu10START_ERR1E
 .progmem.data._ZN9UIStrings7Program11ProgramMenu12START_FAILEDE
                0x00000000000008c4       0x15 CMakeFiles/BrewTroller-OT_DX1_RIMSDF.elf.dir/UIStrings.cpp.obj
                0x00000000000008c4                _ZN9UIStrings7Program11ProgramMenu12START_FAILEDE
 .progmem.data._ZN9UIStrings7Program11ProgramMenu11DELAY_STARTE
                0x00000000000008d9        0xc CMakeFiles/BrewTroller-OT_DX1_RIMSDF.elf.dir/UIStrings.cpp.obj
                0x00000000000008d9                _ZN9UIStrings7Program11ProgramMenu11DELAY_STARTE
 .progmem.data._ZN9UIStrings7Program11ProgramMenu5STARTE
                0x00000000000008e5        0x6 CMakeFiles/BrewTroller-OT_DX1_RIMSDF.elf.dir/UIStrings.cpp.obj
                0x00000000000008e5                _ZN9UIStrings7Program11ProgramMenu5STARTE
 .progmem.data._ZN9UIStrings7Program11ProgramMenu10GRAIN_TEMPE
                0x00000000000008eb        0xb CMakeFiles/BrewTroller-OT_DX1_RIMSDF.elf.dir/UIStrings.cpp.obj
                0x00000000000008eb                _ZN9UIStrings7Program11ProgramMenu10GRAIN_TEMPE
 .progmem.data._ZN9UIStrings7Program11ProgramMenu9EDIT_PROGE
                0x00000000000008f6        0xd CMakeFiles/BrewTroller-OT_DX1_RIMSDF.elf.dir/UIStrings.cpp.obj
                0x00000000000008f6                _ZN9UIStrings7Program11ProgramMenu9EDIT_PROGE
 .progmem.data._ZN9UIStrings7Program11ProgramMenu9PROG_NAMEE
                0x0000000000000903        0xe CMakeFiles/BrewTroller-OT_DX1_RIMSDF.elf.dir/UIStrings.cpp.obj
                0x0000000000000903                _ZN9UIStrings7Program11ProgramMenu9PROG_NAMEE
 .progmem.data._ZN9UIStrings8BoilMenu10BOIL_TIMERE
                0x0000000000000911        0xb CMakeFiles/BrewTroller-OT_DX1_RIMSDF.elf.dir/UIStrings.cpp.obj
                0x0000000000000911                _ZN9UIStrings8BoilMenu10BOIL_TIMERE
 .progmem.data._ZN9UIStrings8BoilMenu10BOIL_POWERE
                0x000000000000091c        0xb CMakeFiles/BrewTroller-OT_DX1_RIMSDF.elf.dir/UIStrings.cpp.obj
                0x000000000000091c                _ZN9UIStrings8BoilMenu10BOIL_POWERE
 .progmem.data._ZN9UIStrings8BoilMenu9BOIL_TEMPE
                0x0000000000000927        0xa CMakeFiles/BrewTroller-OT_DX1_RIMSDF.elf.dir/UIStrings.cpp.obj
                0x0000000000000927                _ZN9UIStrings8BoilMenu9BOIL_TEMPE
 .progmem.data._ZN9UIStrings8BoilMenu9BOIL_CTRLE
                0x0000000000000931        0xc CMakeFiles/BrewTroller-OT_DX1_RIMSDF.elf.dir/UIStrings.cpp.obj
                0x0000000000000931                _ZN9UIStrings8BoilMenu9BOIL_CTRLE
 .progmem.data._ZN9UIStrings10SpargeMenu17KETTLE_TARGET_VOLE
                0x000000000000093d       0x12 CMakeFiles/BrewTroller-OT_DX1_RIMSDF.elf.dir/UIStrings.cpp.obj
                0x000000000000093d                _ZN9UIStrings10SpargeMenu17KETTLE_TARGET_VOLE
 .progmem.data._ZN9UIStrings10SpargeMenu13KETTLE_TARGETE
                0x000000000000094f        0xe CMakeFiles/BrewTroller-OT_DX1_RIMSDF.elf.dir/UIStrings.cpp.obj
                0x000000000000094f                _ZN9UIStrings10SpargeMenu13KETTLE_TARGETE
 .progmem.data._ZN9UIStrings10SpargeMenu8AUTO_FLYE
                0x000000000000095d        0x9 CMakeFiles/BrewTroller-OT_DX1_RIMSDF.elf.dir/UIStrings.cpp.obj
                0x000000000000095d                _ZN9UIStrings10SpargeMenu8AUTO_FLYE
 .progmem.data._ZN9UIStrings10SpargeMenu8AUTO_OUTE
                0x0000000000000966        0x9 CMakeFiles/BrewTroller-OT_DX1_RIMSDF.elf.dir/UIStrings.cpp.obj
                0x0000000000000966                _ZN9UIStrings10SpargeMenu8AUTO_OUTE
 .progmem.data._ZN9UIStrings10SpargeMenu7AUTO_INE
                0x000000000000096f        0x8 CMakeFiles/BrewTroller-OT_DX1_RIMSDF.elf.dir/UIStrings.cpp.obj
                0x000000000000096f                _ZN9UIStrings10SpargeMenu7AUTO_INE
 .progmem.data._ZN9UIStrings8MashMenu10MASH_TIMERE
                0x0000000000000977        0xb CMakeFiles/BrewTroller-OT_DX1_RIMSDF.elf.dir/UIStrings.cpp.obj
                0x0000000000000977                _ZN9UIStrings8MashMenu10MASH_TIMERE
 .progmem.data._ZN9UIStrings8MashMenu13MASH_SETPOINTE
                0x0000000000000982        0xe CMakeFiles/BrewTroller-OT_DX1_RIMSDF.elf.dir/UIStrings.cpp.obj
                0x0000000000000982                _ZN9UIStrings8MashMenu13MASH_SETPOINTE
 .progmem.data._ZN9UIStrings8FillMenu15MASH_TARGET_VOLE
                0x0000000000000990       0x10 CMakeFiles/BrewTroller-OT_DX1_RIMSDF.elf.dir/UIStrings.cpp.obj
                0x0000000000000990                _ZN9UIStrings8FillMenu15MASH_TARGET_VOLE
 .progmem.data._ZN9UIStrings8FillMenu11MASH_TARGETE
                0x00000000000009a0        0xc CMakeFiles/BrewTroller-OT_DX1_RIMSDF.elf.dir/UIStrings.cpp.obj
                0x00000000000009a0                _ZN9UIStrings8FillMenu11MASH_TARGETE
 .progmem.data._ZN9UIStrings8FillMenu9AUTO_FILLE
                0x00000000000009ac        0xa CMakeFiles/BrewTroller-OT_DX1_RIMSDF.elf.dir/UIStrings.cpp.obj
                0x00000000000009ac                _ZN9UIStrings8FillMenu9AUTO_FILLE
 .progmem.data._ZN9UIStrings8MainMenu10DRAIN_ERR3E
                0x00000000000009b6        0xa CMakeFiles/BrewTroller-OT_DX1_RIMSDF.elf.dir/UIStrings.cpp.obj
                0x00000000000009b6                _ZN9UIStrings8MainMenu10DRAIN_ERR3E
 .progmem.data._ZN9UIStrings8MainMenu10DRAIN_ERR2E
                0x00000000000009c0       0x12 CMakeFiles/BrewTroller-OT_DX1_RIMSDF.elf.dir/UIStrings.cpp.obj
                0x00000000000009c0                _ZN9UIStrings8MainMenu10DRAIN_ERR2E
 .progmem.data._ZN9UIStrings8MainMenu10DRAIN_ERR1E
                0x00000000000009d2       0x13 CMakeFiles/BrewTroller-OT_DX1_RIMSDF.elf.dir/UIStrings.cpp.obj
                0x00000000000009d2                _ZN9UIStrings8MainMenu10DRAIN_ERR1E
 .progmem.data._ZN9UIStrings8MainMenu12SYSTEM_SETUPE
                0x00000000000009e5        0xd CMakeFiles/BrewTroller-OT_DX1_RIMSDF.elf.dir/UIStrings.cpp.obj
                0x00000000000009e5                _ZN9UIStrings8MainMenu12SYSTEM_SETUPE
 .progmem.data._ZN9UIStrings8MainMenu9RESET_ALLE
                0x00000000000009f2        0xa CMakeFiles/BrewTroller-OT_DX1_RIMSDF.elf.dir/UIStrings.cpp.obj
                0x00000000000009f2                _ZN9UIStrings8MainMenu9RESET_ALLE
 .progmem.data._ZN9UIStrings8MainMenu13START_PROGRAME
                0x00000000000009fc        0xe CMakeFiles/BrewTroller-OT_DX1_RIMSDF.elf.dir/UIStrings.cpp.obj
                0x00000000000009fc                _ZN9UIStrings8MainMenu13START_PROGRAME
 .progmem.data._ZN9UIStrings8MainMenu12EDIT_PROGRAME
                0x0000000000000a0a        0xd CMakeFiles/BrewTroller-OT_DX1_RIMSDF.elf.dir/UIStrings.cpp.obj
                0x0000000000000a0a                _ZN9UIStrings8MainMenu12EDIT_PROGRAME
 .progmem.data._ZN9UIStrings9AUXScreen9AUX_THREEE
                0x0000000000000a17        0x5 CMakeFiles/BrewTroller-OT_DX1_RIMSDF.elf.dir/UIStrings.cpp.obj
                0x0000000000000a17                _ZN9UIStrings9AUXScreen9AUX_THREEE
 .progmem.data._ZN9UIStrings9AUXScreen7AUX_TWOE
                0x0000000000000a1c        0x5 CMakeFiles/BrewTroller-OT_DX1_RIMSDF.elf.dir/UIStrings.cpp.obj
                0x0000000000000a1c                _ZN9UIStrings9AUXScreen7AUX_TWOE
 .progmem.data._ZN9UIStrings9AUXScreen7AUX_ONEE
                0x0000000000000a21        0x5 CMakeFiles/BrewTroller-OT_DX1_RIMSDF.elf.dir/UIStrings.cpp.obj
                0x0000000000000a21                _ZN9UIStrings9AUXScreen7AUX_ONEE
 .progmem.data._ZN9UIStrings9AUXScreen9AUX_TEMPSE
                0x0000000000000a26        0xa CMakeFiles/BrewTroller-OT_DX1_RIMSDF.elf.dir/UIStrings.cpp.obj
                0x0000000000000a26                _ZN9UIStrings9AUXScreen9AUX_TEMPSE
 .progmem.data._ZN9UIStrings11ChillScreen10CHILL_BOTHE
                0x0000000000000a30        0xb CMakeFiles/BrewTroller-OT_DX1_RIMSDF.elf.dir/UIStrings.cpp.obj
                0x0000000000000a30                _ZN9UIStrings11ChillScreen10CHILL_BOTHE
 .progmem.data._ZN9UIStrings11ChillScreen3OUTE
                0x0000000000000a3b        0x4 CMakeFiles/BrewTroller-OT_DX1_RIMSDF.elf.dir/UIStrings.cpp.obj
                0x0000000000000a3b                _ZN9UIStrings11ChillScreen3OUTE
 .progmem.data._ZN9UIStrings11ChillScreen2INE
                0x0000000000000a3f        0x3 CMakeFiles/BrewTroller-OT_DX1_RIMSDF.elf.dir/UIStrings.cpp.obj
                0x0000000000000a3f                _ZN9UIStrings11ChillScreen2INE
 .progmem.data._ZN9UIStrings11ChillScreen3H20E
                0x0000000000000a42        0x4 CMakeFiles/BrewTroller-OT_DX1_RIMSDF.elf.dir/UIStrings.cpp.obj
                0x0000000000000a42                _ZN9UIStrings11ChillScreen3H20E
 .progmem.data._ZN9UIStrings11ChillScreen4BEERE
                0x0000000000000a46        0x5 CMakeFiles/BrewTroller-OT_DX1_RIMSDF.elf.dir/UIStrings.cpp.obj
                0x0000000000000a46                _ZN9UIStrings11ChillScreen4BEERE
 .progmem.data._ZN9UIStrings11ChillScreen5CHILLE
                0x0000000000000a4b        0x6 CMakeFiles/BrewTroller-OT_DX1_RIMSDF.elf.dir/UIStrings.cpp.obj
                0x0000000000000a4b                _ZN9UIStrings11ChillScreen5CHILLE
 .progmem.data._ZN9UIStrings10BoilScreen9BOIL_AUTOE
                0x0000000000000a51        0x7 CMakeFiles/BrewTroller-OT_DX1_RIMSDF.elf.dir/UIStrings.cpp.obj
                0x0000000000000a51                _ZN9UIStrings10BoilScreen9BOIL_AUTOE
 .progmem.data._ZN9UIStrings10BoilScreen4BOILE
                0x0000000000000a58        0x5 CMakeFiles/BrewTroller-OT_DX1_RIMSDF.elf.dir/UIStrings.cpp.obj
                0x0000000000000a58                _ZN9UIStrings10BoilScreen4BOILE
 .progmem.data._ZN9UIStrings12SpargeScreen9FLYSPARGEE
                0x0000000000000a5d        0xb CMakeFiles/BrewTroller-OT_DX1_RIMSDF.elf.dir/UIStrings.cpp.obj
                0x0000000000000a5d                _ZN9UIStrings12SpargeScreen9FLYSPARGEE
 .progmem.data._ZN9UIStrings12SpargeScreen8FILLBOTHE
                0x0000000000000a68        0xa CMakeFiles/BrewTroller-OT_DX1_RIMSDF.elf.dir/UIStrings.cpp.obj
                0x0000000000000a68                _ZN9UIStrings12SpargeScreen8FILLBOTHE
 .progmem.data._ZN9UIStrings12SpargeScreen6SPARGEE
                0x0000000000000a72        0x7 CMakeFiles/BrewTroller-OT_DX1_RIMSDF.elf.dir/UIStrings.cpp.obj
                0x0000000000000a72                _ZN9UIStrings12SpargeScreen6SPARGEE
 .progmem.data._ZN9UIStrings8MashStep7ENDMASHE
                0x0000000000000a79        0x9 CMakeFiles/BrewTroller-OT_DX1_RIMSDF.elf.dir/UIStrings.cpp.obj
                0x0000000000000a79                _ZN9UIStrings8MashStep7ENDMASHE
 .progmem.data._ZN9UIStrings8MashStep7MASHOUTE
                0x0000000000000a82        0x9 CMakeFiles/BrewTroller-OT_DX1_RIMSDF.elf.dir/UIStrings.cpp.obj
                0x0000000000000a82                _ZN9UIStrings8MashStep7MASHOUTE
 .progmem.data._ZN9UIStrings8MashStep6SACCH2E
                0x0000000000000a8b        0x7 CMakeFiles/BrewTroller-OT_DX1_RIMSDF.elf.dir/UIStrings.cpp.obj
                0x0000000000000a8b                _ZN9UIStrings8MashStep6SACCH2E
 .progmem.data._ZN9UIStrings8MashStep5SACCHE
                0x0000000000000a92        0x6 CMakeFiles/BrewTroller-OT_DX1_RIMSDF.elf.dir/UIStrings.cpp.obj
                0x0000000000000a92                _ZN9UIStrings8MashStep5SACCHE
 .progmem.data._ZN9UIStrings8MashStep7PROTEINE
                0x0000000000000a98        0x8 CMakeFiles/BrewTroller-OT_DX1_RIMSDF.elf.dir/UIStrings.cpp.obj
                0x0000000000000a98                _ZN9UIStrings8MashStep7PROTEINE
 .progmem.data._ZN9UIStrings8MashStep4ACIDE
                0x0000000000000aa0        0x5 CMakeFiles/BrewTroller-OT_DX1_RIMSDF.elf.dir/UIStrings.cpp.obj
                0x0000000000000aa0                _ZN9UIStrings8MashStep4ACIDE
 .progmem.data._ZN9UIStrings8MashStep7DOUGHINE
                0x0000000000000aa5        0x9 CMakeFiles/BrewTroller-OT_DX1_RIMSDF.elf.dir/UIStrings.cpp.obj
                0x0000000000000aa5                _ZN9UIStrings8MashStep7DOUGHINE
 .progmem.data._ZN9UIStrings8MashStep7PREHEATE
                0x0000000000000aae        0x8 CMakeFiles/BrewTroller-OT_DX1_RIMSDF.elf.dir/UIStrings.cpp.obj
                0x0000000000000aae                _ZN9UIStrings8MashStep7PREHEATE
 .progmem.data._ZN9UIStrings8MashStep5DELAYE
                0x0000000000000ab6        0x6 CMakeFiles/BrewTroller-OT_DX1_RIMSDF.elf.dir/UIStrings.cpp.obj
                0x0000000000000ab6                _ZN9UIStrings8MashStep5DELAYE
 .progmem.data._ZN9UIStrings13GrainInScreen7GRAININE
                0x0000000000000abc        0x9 CMakeFiles/BrewTroller-OT_DX1_RIMSDF.elf.dir/UIStrings.cpp.obj
                0x0000000000000abc                _ZN9UIStrings13GrainInScreen7GRAININE
 .progmem.data._ZN9UIStrings12ValveProfile5USER3E
                0x0000000000000ac5        0xd CMakeFiles/BrewTroller-OT_DX1_RIMSDF.elf.dir/UIStrings.cpp.obj
                0x0000000000000ac5                _ZN9UIStrings12ValveProfile5USER3E
 .progmem.data._ZN9UIStrings12ValveProfile5USER2E
                0x0000000000000ad2        0xd CMakeFiles/BrewTroller-OT_DX1_RIMSDF.elf.dir/UIStrings.cpp.obj
                0x0000000000000ad2                _ZN9UIStrings12ValveProfile5USER2E
 .progmem.data._ZN9UIStrings12ValveProfile5USER1E
                0x0000000000000adf        0xd CMakeFiles/BrewTroller-OT_DX1_RIMSDF.elf.dir/UIStrings.cpp.obj
                0x0000000000000adf                _ZN9UIStrings12ValveProfile5USER1E
 .progmem.data._ZN9UIStrings12ValveProfile10KETTLEIDLEE
                0x0000000000000aec        0xc CMakeFiles/BrewTroller-OT_DX1_RIMSDF.elf.dir/UIStrings.cpp.obj
                0x0000000000000aec                _ZN9UIStrings12ValveProfile10KETTLEIDLEE
 .progmem.data._ZN9UIStrings12ValveProfile10KETTLEHEATE
                0x0000000000000af8        0xc CMakeFiles/BrewTroller-OT_DX1_RIMSDF.elf.dir/UIStrings.cpp.obj
                0x0000000000000af8                _ZN9UIStrings12ValveProfile10KETTLEHEATE
 .progmem.data._ZN9UIStrings12ValveProfile7HLTIDLEE
                0x0000000000000b04        0x9 CMakeFiles/BrewTroller-OT_DX1_RIMSDF.elf.dir/UIStrings.cpp.obj
                0x0000000000000b04                _ZN9UIStrings12ValveProfile7HLTIDLEE
 .progmem.data._ZN9UIStrings12ValveProfile7HLTHEATE
                0x0000000000000b0d        0x9 CMakeFiles/BrewTroller-OT_DX1_RIMSDF.elf.dir/UIStrings.cpp.obj
                0x0000000000000b0d                _ZN9UIStrings12ValveProfile7HLTHEATE
 .progmem.data._ZN9UIStrings12ValveProfile5DRAINE
                0x0000000000000b16        0x6 CMakeFiles/BrewTroller-OT_DX1_RIMSDF.elf.dir/UIStrings.cpp.obj
                0x0000000000000b16                _ZN9UIStrings12ValveProfile5DRAINE
 .progmem.data._ZN9UIStrings12ValveProfile10BOILRECIRCE
                0x0000000000000b1c        0xc CMakeFiles/BrewTroller-OT_DX1_RIMSDF.elf.dir/UIStrings.cpp.obj
                0x0000000000000b1c                _ZN9UIStrings12ValveProfile10BOILRECIRCE
 .progmem.data._ZN9UIStrings12ValveProfile9CHILLBEERE
                0x0000000000000b28        0xb CMakeFiles/BrewTroller-OT_DX1_RIMSDF.elf.dir/UIStrings.cpp.obj
                0x0000000000000b28                _ZN9UIStrings12ValveProfile9CHILLBEERE
 .progmem.data._ZN9UIStrings12ValveProfile8CHILLH2OE
                0x0000000000000b33        0xa CMakeFiles/BrewTroller-OT_DX1_RIMSDF.elf.dir/UIStrings.cpp.obj
                0x0000000000000b33                _ZN9UIStrings12ValveProfile8CHILLH2OE
 .progmem.data._ZN9UIStrings12ValveProfile9KETTLELIDE
                0x0000000000000b3d        0xb CMakeFiles/BrewTroller-OT_DX1_RIMSDF.elf.dir/UIStrings.cpp.obj
                0x0000000000000b3d                _ZN9UIStrings12ValveProfile9KETTLELIDE
 .progmem.data._ZN9UIStrings12ValveProfile8BOILADDSE
                0x0000000000000b48        0xf CMakeFiles/BrewTroller-OT_DX1_RIMSDF.elf.dir/UIStrings.cpp.obj
                0x0000000000000b48                _ZN9UIStrings12ValveProfile8BOILADDSE
 .progmem.data._ZN9UIStrings12ValveProfile9SPARGEOUTE
                0x0000000000000b57        0xb CMakeFiles/BrewTroller-OT_DX1_RIMSDF.elf.dir/UIStrings.cpp.obj
                0x0000000000000b57                _ZN9UIStrings12ValveProfile9SPARGEOUTE
 .progmem.data._ZN9UIStrings12ValveProfile8SPARGEINE
                0x0000000000000b62        0xa CMakeFiles/BrewTroller-OT_DX1_RIMSDF.elf.dir/UIStrings.cpp.obj
                0x0000000000000b62                _ZN9UIStrings12ValveProfile8SPARGEINE
 .progmem.data._ZN9UIStrings12ValveProfile8MASHIDLEE
                0x0000000000000b6c        0xa CMakeFiles/BrewTroller-OT_DX1_RIMSDF.elf.dir/UIStrings.cpp.obj
                0x0000000000000b6c                _ZN9UIStrings12ValveProfile8MASHIDLEE
 .progmem.data._ZN9UIStrings12ValveProfile8MASHHEATE
                0x0000000000000b76        0xa CMakeFiles/BrewTroller-OT_DX1_RIMSDF.elf.dir/UIStrings.cpp.obj
                0x0000000000000b76                _ZN9UIStrings12ValveProfile8MASHHEATE
 .progmem.data._ZN9UIStrings12ValveProfile8ADDGRAINE
                0x0000000000000b80        0xa CMakeFiles/BrewTroller-OT_DX1_RIMSDF.elf.dir/UIStrings.cpp.obj
                0x0000000000000b80                _ZN9UIStrings12ValveProfile8ADDGRAINE
 .progmem.data._ZN9UIStrings12ValveProfile8FILLMASHE
                0x0000000000000b8a        0xa CMakeFiles/BrewTroller-OT_DX1_RIMSDF.elf.dir/UIStrings.cpp.obj
                0x0000000000000b8a                _ZN9UIStrings12ValveProfile8FILLMASHE
 .progmem.data._ZN9UIStrings12ValveProfile7FILLHLTE
                0x0000000000000b94        0x9 CMakeFiles/BrewTroller-OT_DX1_RIMSDF.elf.dir/UIStrings.cpp.obj
                0x0000000000000b94                _ZN9UIStrings12ValveProfile7FILLHLTE
 .progmem.data._ZN9UIStrings10FillScreen6REFILLE
                0x0000000000000b9d        0x7 CMakeFiles/BrewTroller-OT_DX1_RIMSDF.elf.dir/UIStrings.cpp.obj
                0x0000000000000b9d                _ZN9UIStrings10FillScreen6REFILLE
 .progmem.data._ZN9UIStrings10FillScreen4FILLE
                0x0000000000000ba4        0x5 CMakeFiles/BrewTroller-OT_DX1_RIMSDF.elf.dir/UIStrings.cpp.obj
                0x0000000000000ba4                _ZN9UIStrings10FillScreen4FILLE
 .progmem.data._ZN9UIStrings10HomeScreen6BT_URLE
                0x0000000000000ba9       0x14 CMakeFiles/BrewTroller-OT_DX1_RIMSDF.elf.dir/UIStrings.cpp.obj
                0x0000000000000ba9                _ZN9UIStrings10HomeScreen6BT_URLE
 .progmem.data._ZN9UIStrings10EEPROMInit11PLEASE_WAITE
                0x0000000000000bbd        0xf CMakeFiles/BrewTroller-OT_DX1_RIMSDF.elf.dir/UIStrings.cpp.obj
                0x0000000000000bbd                _ZN9UIStrings10EEPROMInit11PLEASE_WAITE
 .progmem.data._ZN9UIStrings10EEPROMInit11INIT_EEPROME
                0x0000000000000bcc       0x12 CMakeFiles/BrewTroller-OT_DX1_RIMSDF.elf.dir/UIStrings.cpp.obj
                0x0000000000000bcc                _ZN9UIStrings10EEPROMInit11INIT_EEPROME
 .progmem.data._ZN9UIStrings10EEPROMInit14MISSING_CONFIGE
                0x0000000000000bde        0xf CMakeFiles/BrewTroller-OT_DX1_RIMSDF.elf.dir/UIStrings.cpp.obj
                0x0000000000000bde                _ZN9UIStrings10EEPROMInit14MISSING_CONFIGE
 .progmem.data._ZN9UIStrings6Shared6DELETEE
                0x0000000000000bed        0x7 CMakeFiles/BrewTroller-OT_DX1_RIMSDF.elf.dir/UIStrings.cpp.obj
                0x0000000000000bed                _ZN9UIStrings6Shared6DELETEE
 .progmem.data._ZN9UIStrings6Shared4ZEROE
                0x0000000000000bf4        0x2 CMakeFiles/BrewTroller-OT_DX1_RIMSDF.elf.dir/UIStrings.cpp.obj
                0x0000000000000bf4                _ZN9UIStrings6Shared4ZEROE
 .progmem.data._ZN9UIStrings6Shared3SECE
                0x0000000000000bf6        0x2 CMakeFiles/BrewTroller-OT_DX1_RIMSDF.elf.dir/UIStrings.cpp.obj
                0x0000000000000bf6                _ZN9UIStrings6Shared3SECE
 .progmem.data._ZN9UIStrings6Shared8MASHDESCE
                0x0000000000000bf8        0x9 CMakeFiles/BrewTroller-OT_DX1_RIMSDF.elf.dir/UIStrings.cpp.obj
                0x0000000000000bf8                _ZN9UIStrings6Shared8MASHDESCE
 .progmem.data._ZN9UIStrings6Shared7HLTDESCE
                0x0000000000000c01       0x10 CMakeFiles/BrewTroller-OT_DX1_RIMSDF.elf.dir/UIStrings.cpp.obj
                0x0000000000000c01                _ZN9UIStrings6Shared7HLTDESCE
 .progmem.data._ZN9UIStrings6Shared12HLT_SETPOINTE
                0x0000000000000c11        0xd CMakeFiles/BrewTroller-OT_DX1_RIMSDF.elf.dir/UIStrings.cpp.obj
                0x0000000000000c11                _ZN9UIStrings6Shared12HLT_SETPOINTE
 .progmem.data._ZN9UIStrings6Shared9VALVE_OFFE
                0x0000000000000c1e        0x6 CMakeFiles/BrewTroller-OT_DX1_RIMSDF.elf.dir/UIStrings.cpp.obj
                0x0000000000000c1e                _ZN9UIStrings6Shared9VALVE_OFFE
 .progmem.data._ZN9UIStrings6Shared8VALVE_ONE
                0x0000000000000c24        0x5 CMakeFiles/BrewTroller-OT_DX1_RIMSDF.elf.dir/UIStrings.cpp.obj
                0x0000000000000c24                _ZN9UIStrings6Shared8VALVE_ONE
 .progmem.data._ZN9UIStrings6Shared14HLT_TARGET_VOLE
                0x0000000000000c29        0xf CMakeFiles/BrewTroller-OT_DX1_RIMSDF.elf.dir/UIStrings.cpp.obj
                0x0000000000000c29                _ZN9UIStrings6Shared14HLT_TARGET_VOLE
 .progmem.data._ZN9UIStrings6Shared10HLT_TARGETE
                0x0000000000000c38        0xb CMakeFiles/BrewTroller-OT_DX1_RIMSDF.elf.dir/UIStrings.cpp.obj
                0x0000000000000c38                _ZN9UIStrings6Shared10HLT_TARGETE
 .progmem.data._ZN9UIStrings6Shared6ALLOFFE
                0x0000000000000c43        0x8 CMakeFiles/BrewTroller-OT_DX1_RIMSDF.elf.dir/UIStrings.cpp.obj
                0x0000000000000c43                _ZN9UIStrings6Shared6ALLOFFE
 .progmem.data._ZN9UIStrings7Generic5EMPTYE
                0x0000000000000c4b        0x1 CMakeFiles/BrewTroller-OT_DX1_RIMSDF.elf.dir/UIStrings.cpp.obj
                0x0000000000000c4b                _ZN9UIStrings7Generic5EMPTYE
 .progmem.data._ZN9UIStrings7Generic8PERC_SYME
                0x0000000000000c4c        0x2 CMakeFiles/BrewTroller-OT_DX1_RIMSDF.elf.dir/UIStrings.cpp.obj
                0x0000000000000c4c                _ZN9UIStrings7Generic8PERC_SYME
 .progmem.data._ZN9UIStrings7Generic11COLON_SPACEE
                0x0000000000000c4e        0x3 CMakeFiles/BrewTroller-OT_DX1_RIMSDF.elf.dir/UIStrings.cpp.obj
                0x0000000000000c4e                _ZN9UIStrings7Generic11COLON_SPACEE
 .progmem.data._ZN9UIStrings7Generic11START_TIMERE
                0x0000000000000c51        0xc CMakeFiles/BrewTroller-OT_DX1_RIMSDF.elf.dir/UIStrings.cpp.obj
                0x0000000000000c51                _ZN9UIStrings7Generic11START_TIMERE
 .progmem.data._ZN9UIStrings7Generic11PAUSE_TIMERE
                0x0000000000000c5d        0xc CMakeFiles/BrewTroller-OT_DX1_RIMSDF.elf.dir/UIStrings.cpp.obj
                0x0000000000000c5d                _ZN9UIStrings7Generic11PAUSE_TIMERE
 .progmem.data._ZN9UIStrings7Generic9SET_TIMERE
                0x0000000000000c69        0xa CMakeFiles/BrewTroller-OT_DX1_RIMSDF.elf.dir/UIStrings.cpp.obj
                0x0000000000000c69                _ZN9UIStrings7Generic9SET_TIMERE
 .progmem.data._ZN9UIStrings7Generic6MANUALE
                0x0000000000000c73        0x7 CMakeFiles/BrewTroller-OT_DX1_RIMSDF.elf.dir/UIStrings.cpp.obj
                0x0000000000000c73                _ZN9UIStrings7Generic6MANUALE
 .progmem.data._ZN9UIStrings7Generic4AUTOE
                0x0000000000000c7a        0x5 CMakeFiles/BrewTroller-OT_DX1_RIMSDF.elf.dir/UIStrings.cpp.obj
                0x0000000000000c7a                _ZN9UIStrings7Generic4AUTOE
 .progmem.data._ZN9UIStrings7Generic8VOLBLANKE
                0x0000000000000c7f        0x7 CMakeFiles/BrewTroller-OT_DX1_RIMSDF.elf.dir/UIStrings.cpp.obj
                0x0000000000000c7f                _ZN9UIStrings7Generic8VOLBLANKE
 .progmem.data._ZN9UIStrings7Generic9TEMPBLANKE
                0x0000000000000c86        0x5 CMakeFiles/BrewTroller-OT_DX1_RIMSDF.elf.dir/UIStrings.cpp.obj
                0x0000000000000c86                _ZN9UIStrings7Generic9TEMPBLANKE
 .progmem.data._ZN9UIStrings7Generic3OFFE
                0x0000000000000c8b        0x4 CMakeFiles/BrewTroller-OT_DX1_RIMSDF.elf.dir/UIStrings.cpp.obj
                0x0000000000000c8b                _ZN9UIStrings7Generic3OFFE
 .progmem.data._ZN9UIStrings7Generic2ONE
                0x0000000000000c8f        0x3 CMakeFiles/BrewTroller-OT_DX1_RIMSDF.elf.dir/UIStrings.cpp.obj
                0x0000000000000c8f                _ZN9UIStrings7Generic2ONE
 .progmem.data._ZN9UIStrings7Generic5COLONE
                0x0000000000000c92        0x2 CMakeFiles/BrewTroller-OT_DX1_RIMSDF.elf.dir/UIStrings.cpp.obj
                0x0000000000000c92                _ZN9UIStrings7Generic5COLONE
 .progmem.data._ZN9UIStrings7Generic8LESS_SYME
                0x0000000000000c94        0x2 CMakeFiles/BrewTroller-OT_DX1_RIMSDF.elf.dir/UIStrings.cpp.obj
                0x0000000000000c94                _ZN9UIStrings7Generic8LESS_SYME
 .progmem.data._ZN9UIStrings7Generic11GREATER_SYME
                0x0000000000000c96        0x2 CMakeFiles/BrewTroller-OT_DX1_RIMSDF.elf.dir/UIStrings.cpp.obj
                0x0000000000000c96                _ZN9UIStrings7Generic11GREATER_SYME
 .progmem.data._ZN9UIStrings7Generic6ACTUALE
                0x0000000000000c98        0x7 CMakeFiles/BrewTroller-OT_DX1_RIMSDF.elf.dir/UIStrings.cpp.obj
                0x0000000000000c98                _ZN9UIStrings7Generic6ACTUALE
 .progmem.data._ZN9UIStrings7Generic6TARGETE
                0x0000000000000c9f        0x7 CMakeFiles/BrewTroller-OT_DX1_RIMSDF.elf.dir/UIStrings.cpp.obj
                0x0000000000000c9f                _ZN9UIStrings7Generic6TARGETE
 .progmem.data._ZN9UIStrings7Generic8CONTINUEE
                0x0000000000000ca6        0x9 CMakeFiles/BrewTroller-OT_DX1_RIMSDF.elf.dir/UIStrings.cpp.obj
                0x0000000000000ca6                _ZN9UIStrings7Generic8CONTINUEE
 .progmem.data._ZN9UIStrings7Generic5SPACEE
                0x0000000000000caf        0x2 CMakeFiles/BrewTroller-OT_DX1_RIMSDF.elf.dir/UIStrings.cpp.obj
                0x0000000000000caf                _ZN9UIStrings7Generic5SPACEE
 .progmem.data._ZN9UIStrings7Generic4MENUE
                0x0000000000000cb1        0x5 CMakeFiles/BrewTroller-OT_DX1_RIMSDF.elf.dir/UIStrings.cpp.obj
                0x0000000000000cb1                _ZN9UIStrings7Generic4MENUE
 .progmem.data._ZN9UIStrings7Generic5ABORTE
                0x0000000000000cb6        0x6 CMakeFiles/BrewTroller-OT_DX1_RIMSDF.elf.dir/UIStrings.cpp.obj
                0x0000000000000cb6                _ZN9UIStrings7Generic5ABORTE
 .progmem.data._ZN9UIStrings7Generic4EXITE
                0x0000000000000cbc        0x5 CMakeFiles/BrewTroller-OT_DX1_RIMSDF.elf.dir/UIStrings.cpp.obj
                0x0000000000000cbc                _ZN9UIStrings7Generic4EXITE
 .progmem.data._ZN9UIStrings7Generic6CANCELE
                0x0000000000000cc1        0x7 CMakeFiles/BrewTroller-OT_DX1_RIMSDF.elf.dir/UIStrings.cpp.obj
                0x0000000000000cc1                _ZN9UIStrings7Generic6CANCELE
 .progmem.data._ZN9UIStrings7Generic2OKE
                0x0000000000000cc8        0x3 CMakeFiles/BrewTroller-OT_DX1_RIMSDF.elf.dir/UIStrings.cpp.obj
                0x0000000000000cc8                _ZN9UIStrings7Generic2OKE
 .progmem.data._ZN9UIStrings7Generic5BTVERE
                0x0000000000000ccb        0xa CMakeFiles/BrewTroller-OT_DX1_RIMSDF.elf.dir/UIStrings.cpp.obj
                0x0000000000000ccb                _ZN9UIStrings7Generic5BTVERE
 .progmem.data._ZN9UIStrings7Generic2BTE
                0x0000000000000cd5        0xc CMakeFiles/BrewTroller-OT_DX1_RIMSDF.elf.dir/UIStrings.cpp.obj
                0x0000000000000cd5                _ZN9UIStrings7Generic2BTE
 .progmem.data.digital_pin_to_timer_PGM
                0x0000000000000ce1       0x20 ../lib/libBT-libs.a(wiring_digital.c.obj)
                0x0000000000000ce1                digital_pin_to_timer_PGM
 .progmem.data.digital_pin_to_bit_mask_PGM
                0x0000000000000d01       0x20 ../lib/libBT-libs.a(wiring_digital.c.obj)
                0x0000000000000d01                digital_pin_to_bit_mask_PGM
 .progmem.data.digital_pin_to_port_PGM
                0x0000000000000d21       0x20 ../lib/libBT-libs.a(wiring_digital.c.obj)
                0x0000000000000d21                digital_pin_to_port_PGM
 .progmem.data.port_to_input_PGM
                0x0000000000000d41        0xa ../lib/libBT-libs.a(wiring_digital.c.obj)
                0x0000000000000d41                port_to_input_PGM
 .progmem.data.port_to_output_PGM
                0x0000000000000d4b        0xa ../lib/libBT-libs.a(wiring_digital.c.obj)
                0x0000000000000d4b                port_to_output_PGM
 .progmem.data.port_to_mode_PGM
                0x0000000000000d55        0xa ../lib/libBT-libs.a(wiring_digital.c.obj)
                0x0000000000000d55                port_to_mode_PGM
 .progmem.data.digitalpin_to_pcint_PGM
                0x0000000000000d5f       0x20 ../lib/libBT-libs.a(pin.cpp.obj)
                0x0000000000000d5f                digitalpin_to_pcint_PGM
                0x0000000000000d80                . = ALIGN (0x2)
 *fill*         0x0000000000000d7f        0x1 
                0x0000000000000d80                __trampolines_start = .
 *(.trampolines)
 .trampolines   0x0000000000000d80        0x0 linker stubs
 *(.trampolines*)
                0x0000000000000d80                __trampolines_end = .
 *(.jumptables)
 *(.jumptables*)
 *(.lowtext)
 *(.lowtext*)
                0x0000000000000d80                __ctors_start = .
 *(.ctors)
 .ctors         0x0000000000000d80        0x2 CMakeFiles/BrewTroller-OT_DX1_RIMSDF.elf.dir/BrewTroller.cpp.obj
 .ctors         0x0000000000000d82        0x2 CMakeFiles/BrewTroller-OT_DX1_RIMSDF.elf.dir/Com.cpp.obj
 .ctors         0x0000000000000d84        0x2 CMakeFiles/BrewTroller-OT_DX1_RIMSDF.elf.dir/Temp.cpp.obj
 .ctors         0x0000000000000d86        0x2 CMakeFiles/BrewTroller-OT_DX1_RIMSDF.elf.dir/Timer.cpp.obj
 .ctors         0x0000000000000d88        0x2 ../lib/libBT-libs.a(HardwareSerial.cpp.obj)
 .ctors         0x0000000000000d8a        0x2 ../lib/libBT-libs.a(Wire.cpp.obj)
 .ctors         0x0000000000000d8c        0x2 ../lib/libBT-libs.a(encoder.cpp.obj)
 .ctors         0x0000000000000d8e        0x2 ../lib/libBT-libs.a(pin.cpp.obj)
 .ctors         0x0000000000000d90        0x2 ../lib/libBT-libs.a(ModbusMaster.cpp.obj)
                0x0000000000000d92                __ctors_end = .
                0x0000000000000d92                __dtors_start = .
 *(.dtors)
 .dtors         0x0000000000000d92        0x2 CMakeFiles/BrewTroller-OT_DX1_RIMSDF.elf.dir/BrewTroller.cpp.obj
                0x0000000000000d94                __dtors_end = .
 SORT(*)(.ctors)
 SORT(*)(.dtors)
 *(.init0)
 .init0         0x0000000000000d94        0x0 /usr/lib/gcc/avr/4.8.2/../../../avr/lib/avr51/crtm1284p.o
                0x0000000000000d94                __init
 *(.init0)
 *(.init1)
 *(.init1)
 *(.init2)
 .init2         0x0000000000000d94        0xc /usr/lib/gcc/avr/4.8.2/../../../avr/lib/avr51/crtm1284p.o
 *(.init2)
 *(.init3)
 *(.init3)
 *(.init4)
 .init4         0x0000000000000da0       0x1a /usr/lib/gcc/avr/4.8.2/avr51/libgcc.a(_copy_data.o)
                0x0000000000000da0                __do_copy_data
 .init4         0x0000000000000dba       0x10 /usr/lib/gcc/avr/4.8.2/avr51/libgcc.a(_clear_bss.o)
                0x0000000000000dba                __do_clear_bss
 *(.init4)
 *(.init5)
 *(.init5)
 *(.init6)
 .init6         0x0000000000000dca       0x20 /usr/lib/gcc/avr/4.8.2/avr51/libgcc.a(_ctors.o)
                0x0000000000000dca                __do_global_ctors
 *(.init6)
 *(.init7)
 *(.init7)
 *(.init8)
 *(.init8)
 *(.init9)
 .init9         0x0000000000000dea        0x6 /usr/lib/gcc/avr/4.8.2/../../../avr/lib/avr51/crtm1284p.o
 *(.init9)
 *(.text)
 .text          0x0000000000000df0        0x2 /usr/lib/gcc/avr/4.8.2/../../../avr/lib/avr51/crtm1284p.o
                0x0000000000000df0                __vector_22
                0x0000000000000df0                __vector_32
                0x0000000000000df0                __vector_34
                0x0000000000000df0                __vector_24
                0x0000000000000df0                __vector_12
                0x0000000000000df0                __bad_interrupt
                0x0000000000000df0                __vector_31
                0x0000000000000df0                __vector_23
                0x0000000000000df0                __vector_30
                0x0000000000000df0                __vector_25
                0x0000000000000df0                __vector_11
                0x0000000000000df0                __vector_13
                0x0000000000000df0                __vector_17
                0x0000000000000df0                __vector_19
                0x0000000000000df0                __vector_27
                0x0000000000000df0                __vector_33
                0x0000000000000df0                __vector_9
                0x0000000000000df0                __vector_15
                0x0000000000000df0                __vector_8
                0x0000000000000df0                __vector_14
                0x0000000000000df0                __vector_10
                0x0000000000000df0                __vector_16
                0x0000000000000df2                . = ALIGN (0x2)
 *(.text.*)
 .text._ZN7TwoWire5writeEi
                0x0000000000000df2       0x10 CMakeFiles/BrewTroller-OT_DX1_RIMSDF.elf.dir/BrewCore.cpp.obj
                0x0000000000000df2                _ZN7TwoWire5writeEi
 .text._Z9heartbeatv
                0x0000000000000e02       0x4c CMakeFiles/BrewTroller-OT_DX1_RIMSDF.elf.dir/BrewCore.cpp.obj
                0x0000000000000e02                _Z9heartbeatv
 .text._ZN6LCDI2C6updateEv
                0x0000000000000e4e       0xe6 CMakeFiles/BrewTroller-OT_DX1_RIMSDF.elf.dir/BrewCore.cpp.obj
                0x0000000000000e4e                _ZN6LCDI2C6updateEv
 .text._Z8brewCorev
                0x0000000000000f34       0x7a CMakeFiles/BrewTroller-OT_DX1_RIMSDF.elf.dir/BrewCore.cpp.obj
                0x0000000000000f34                _Z8brewCorev
 .text.setup    0x0000000000000fae       0xb6 CMakeFiles/BrewTroller-OT_DX1_RIMSDF.elf.dir/BrewTroller.cpp.obj
                0x0000000000000fae                setup
 .text.loop     0x0000000000001064        0x6 CMakeFiles/BrewTroller-OT_DX1_RIMSDF.elf.dir/BrewTroller.cpp.obj
                0x0000000000001064                loop
 .text.startup.main
                0x000000000000106a       0x16 CMakeFiles/BrewTroller-OT_DX1_RIMSDF.elf.dir/BrewTroller.cpp.obj
                0x000000000000106a                main
 .text.startup._GLOBAL__sub_I_softReset
                0x0000000000001080       0x3e CMakeFiles/BrewTroller-OT_DX1_RIMSDF.elf.dir/BrewTroller.cpp.obj
 .text.exit._GLOBAL__sub_D_softReset
                0x00000000000010be        0x8 CMakeFiles/BrewTroller-OT_DX1_RIMSDF.elf.dir/BrewTroller.cpp.obj
 .text._ZN14FlowController9startAutoEv
                0x00000000000010c6        0xa CMakeFiles/BrewTroller-OT_DX1_RIMSDF.elf.dir/Com.cpp.obj
                0x00000000000010c6                _ZN14FlowController9startAutoEv
 .text._Z12printFieldULm
                0x00000000000010d0       0x1c CMakeFiles/BrewTroller-OT_DX1_RIMSDF.elf.dir/Com.cpp.obj
                0x00000000000010d0                _Z12printFieldULm
 .text._Z12printFieldPSPKc
                0x00000000000010ec       0x32 CMakeFiles/BrewTroller-OT_DX1_RIMSDF.elf.dir/Com.cpp.obj
                0x00000000000010ec                _Z12printFieldPSPKc
 .text._Z15logASCIIVersionv
                0x000000000000111e       0x4c CMakeFiles/BrewTroller-OT_DX1_RIMSDF.elf.dir/Com.cpp.obj
                0x000000000000111e                _Z15logASCIIVersionv
 .text._Z7comInitv
                0x000000000000116a       0x1a CMakeFiles/BrewTroller-OT_DX1_RIMSDF.elf.dir/Com.cpp.obj
                0x000000000000116a                _Z7comInitv
 .text._ZN5BTnicC2Ev
                0x0000000000001184       0x14 CMakeFiles/BrewTroller-OT_DX1_RIMSDF.elf.dir/Com.cpp.obj
                0x0000000000001184                _ZN5BTnicC2Ev
                0x0000000000001184                _ZN5BTnicC1Ev
 .text._ZN5BTnic2txEv
                0x0000000000001198       0x32 CMakeFiles/BrewTroller-OT_DX1_RIMSDF.elf.dir/Com.cpp.obj
                0x0000000000001198                _ZN5BTnic2txEv
 .text._ZN5BTnic8getStateEv
                0x00000000000011ca       0x2c CMakeFiles/BrewTroller-OT_DX1_RIMSDF.elf.dir/Com.cpp.obj
                0x00000000000011ca                _ZN5BTnic8getStateEv
 .text._ZN5BTnic8logFieldEPc
                0x00000000000011f6       0x4c CMakeFiles/BrewTroller-OT_DX1_RIMSDF.elf.dir/Com.cpp.obj
                0x00000000000011f6                _ZN5BTnic8logFieldEPc
 .text._ZN5BTnic11logFieldCmdEhi
                0x0000000000001242       0x50 CMakeFiles/BrewTroller-OT_DX1_RIMSDF.elf.dir/Com.cpp.obj
                0x0000000000001242                _ZN5BTnic11logFieldCmdEhi
 .text._ZN5BTnic10logField_PEPKc
                0x0000000000001292       0x54 CMakeFiles/BrewTroller-OT_DX1_RIMSDF.elf.dir/Com.cpp.obj
                0x0000000000001292                _ZN5BTnic10logField_PEPKc
 .text._ZN5BTnic9logFieldIEm
                0x00000000000012e6       0x32 CMakeFiles/BrewTroller-OT_DX1_RIMSDF.elf.dir/Com.cpp.obj
                0x00000000000012e6                _ZN5BTnic9logFieldIEm
 .text._ZN5BTnic10logStepPrgEv
                0x0000000000001318       0x5a CMakeFiles/BrewTroller-OT_DX1_RIMSDF.elf.dir/Com.cpp.obj
                0x0000000000001318                _ZN5BTnic10logStepPrgEv
 .text._ZN5BTnic6logEndEv
                0x0000000000001372       0x3c CMakeFiles/BrewTroller-OT_DX1_RIMSDF.elf.dir/Com.cpp.obj
                0x0000000000001372                _ZN5BTnic6logEndEv
 .text._ZN5BTnic9rejectCmdEh
                0x00000000000013ae       0x6c CMakeFiles/BrewTroller-OT_DX1_RIMSDF.elf.dir/Com.cpp.obj
                0x00000000000013ae                _ZN5BTnic9rejectCmdEh
 .text._ZN5BTnic11getCmdIndexEv
                0x000000000000141a       0xb2 CMakeFiles/BrewTroller-OT_DX1_RIMSDF.elf.dir/Com.cpp.obj
                0x000000000000141a                _ZN5BTnic11getCmdIndexEv
 .text._ZN5BTnic16getCmdParamCountEv
                0x00000000000014cc       0x2a CMakeFiles/BrewTroller-OT_DX1_RIMSDF.elf.dir/Com.cpp.obj
                0x00000000000014cc                _ZN5BTnic16getCmdParamCountEv
 .text._ZN5BTnic11getCmdParamEhPch
                0x00000000000014f6       0x6c CMakeFiles/BrewTroller-OT_DX1_RIMSDF.elf.dir/Com.cpp.obj
                0x00000000000014f6                _ZN5BTnic11getCmdParamEhPch
 .text._ZN5BTnic14getCmdParamNumEh
                0x0000000000001562       0x2e CMakeFiles/BrewTroller-OT_DX1_RIMSDF.elf.dir/Com.cpp.obj
                0x0000000000001562                _ZN5BTnic14getCmdParamNumEh
 .text._ZN5BTnic7execCmdEv
                0x0000000000001590      0xff4 CMakeFiles/BrewTroller-OT_DX1_RIMSDF.elf.dir/Com.cpp.obj
                0x0000000000001590                _ZN5BTnic7execCmdEv
 .text._ZN5BTnic2rxEh
                0x0000000000002584       0x48 CMakeFiles/BrewTroller-OT_DX1_RIMSDF.elf.dir/Com.cpp.obj
                0x0000000000002584                _ZN5BTnic2rxEh
 .text._Z8comEventhi
                0x00000000000025cc        0x2 CMakeFiles/BrewTroller-OT_DX1_RIMSDF.elf.dir/Com.cpp.obj
                0x00000000000025cc                _Z8comEventhi
 .text.startup._GLOBAL__sub_I__Z7comInitv
                0x00000000000025ce       0x10 CMakeFiles/BrewTroller-OT_DX1_RIMSDF.elf.dir/Com.cpp.obj
 .text._Z14updateI2CBTnicv
                0x00000000000025de       0x9c CMakeFiles/BrewTroller-OT_DX1_RIMSDF.elf.dir/Com.cpp.obj
                0x00000000000025de                _Z14updateI2CBTnicv
 .text._Z13updateS0BTnicv
                0x000000000000267a       0x68 CMakeFiles/BrewTroller-OT_DX1_RIMSDF.elf.dir/Com.cpp.obj
                0x000000000000267a                _Z13updateS0BTnicv
 .text._Z9updateComv
                0x00000000000026e2        0x6 CMakeFiles/BrewTroller-OT_DX1_RIMSDF.elf.dir/Com.cpp.obj
                0x00000000000026e2                _Z9updateComv
 .text._ZN5Print5writeEPKc
                0x00000000000026e8       0x2e CMakeFiles/BrewTroller-OT_DX1_RIMSDF.elf.dir/Com_BTPD.cpp.obj
                0x00000000000026e8                _ZN5Print5writeEPKc
 .text._Z12SendTimeBTPDhhhhh
                0x0000000000002716       0xf2 CMakeFiles/BrewTroller-OT_DX1_RIMSDF.elf.dir/Com_BTPD.cpp.obj
                0x0000000000002716                _Z12SendTimeBTPDhhhhh
 .text._Z10sendVsTimehhh
                0x0000000000002808      0x1a8 CMakeFiles/BrewTroller-OT_DX1_RIMSDF.elf.dir/Com_BTPD.cpp.obj
                0x0000000000002808                _Z10sendVsTimehhh
 .text._Z14sendStringBTPDhPKc
                0x00000000000029b0       0x3a CMakeFiles/BrewTroller-OT_DX1_RIMSDF.elf.dir/Com_BTPD.cpp.obj
                0x00000000000029b0                _Z14sendStringBTPDhPKc
 .text._Z14sendFloatsBTPDhff
                0x00000000000029ea       0x72 CMakeFiles/BrewTroller-OT_DX1_RIMSDF.elf.dir/Com_BTPD.cpp.obj
                0x00000000000029ea                _Z14sendFloatsBTPDhff
 .text._Z10sendVsTemphhh
                0x0000000000002a5c       0x64 CMakeFiles/BrewTroller-OT_DX1_RIMSDF.elf.dir/Com_BTPD.cpp.obj
                0x0000000000002a5c                _Z10sendVsTemphhh
 .text._Z14sendVesselTemphP6Vessel
                0x0000000000002ac0       0x56 CMakeFiles/BrewTroller-OT_DX1_RIMSDF.elf.dir/Com_BTPD.cpp.obj
                0x0000000000002ac0                _Z14sendVesselTemphP6Vessel
 .text._Z10updateBTPDv
                0x0000000000002b16       0xc8 CMakeFiles/BrewTroller-OT_DX1_RIMSDF.elf.dir/Com_BTPD.cpp.obj
                0x0000000000002b16                _Z10updateBTPDv
 .text._Z14loadVlvConfigsv
                0x0000000000002bde       0x10 CMakeFiles/BrewTroller-OT_DX1_RIMSDF.elf.dir/EEPROM.cpp.obj
                0x0000000000002bde                _Z14loadVlvConfigsv
 .text._Z13getPIDEnabledh
                0x0000000000002bee       0x22 CMakeFiles/BrewTroller-OT_DX1_RIMSDF.elf.dir/EEPROM.cpp.obj
                0x0000000000002bee                _Z13getPIDEnabledh
 .text._Z7getPIDph
                0x0000000000002c10       0x16 CMakeFiles/BrewTroller-OT_DX1_RIMSDF.elf.dir/EEPROM.cpp.obj
                0x0000000000002c10                _Z7getPIDph
 .text._Z7getPIDih
                0x0000000000002c26       0x16 CMakeFiles/BrewTroller-OT_DX1_RIMSDF.elf.dir/EEPROM.cpp.obj
                0x0000000000002c26                _Z7getPIDih
 .text._Z7getPIDdh
                0x0000000000002c3c       0x16 CMakeFiles/BrewTroller-OT_DX1_RIMSDF.elf.dir/EEPROM.cpp.obj
                0x0000000000002c3c                _Z7getPIDdh
 .text._Z11getPIDCycleh
                0x0000000000002c52       0x2a CMakeFiles/BrewTroller-OT_DX1_RIMSDF.elf.dir/EEPROM.cpp.obj
                0x0000000000002c52                _Z11getPIDCycleh
 .text._Z13getHysteresish
                0x0000000000002c7c       0x2a CMakeFiles/BrewTroller-OT_DX1_RIMSDF.elf.dir/EEPROM.cpp.obj
                0x0000000000002c7c                _Z13getHysteresish
 .text._Z11getBoilTempv
                0x0000000000002ca6        0xc CMakeFiles/BrewTroller-OT_DX1_RIMSDF.elf.dir/EEPROM.cpp.obj
                0x0000000000002ca6                _Z11getBoilTempv
 .text._Z11setBoilTemph
                0x0000000000002cb2        0xe CMakeFiles/BrewTroller-OT_DX1_RIMSDF.elf.dir/EEPROM.cpp.obj
                0x0000000000002cb2                _Z11setBoilTemph
 .text._Z10setBoilPwrh
                0x0000000000002cc0       0x38 CMakeFiles/BrewTroller-OT_DX1_RIMSDF.elf.dir/EEPROM.cpp.obj
                0x0000000000002cc0                _Z10setBoilPwrh
 .text._Z11setEvapRateh
                0x0000000000002cf8        0xe CMakeFiles/BrewTroller-OT_DX1_RIMSDF.elf.dir/EEPROM.cpp.obj
                0x0000000000002cf8                _Z11setEvapRateh
 .text._Z11getEvapRatev
                0x0000000000002d06        0xc CMakeFiles/BrewTroller-OT_DX1_RIMSDF.elf.dir/EEPROM.cpp.obj
                0x0000000000002d06                _Z11getEvapRatev
 .text._Z11setSetpointhi
                0x0000000000002d12       0x38 CMakeFiles/BrewTroller-OT_DX1_RIMSDF.elf.dir/EEPROM.cpp.obj
                0x0000000000002d12                _Z11setSetpointhi
 .text._Z14setTimerStatushh
                0x0000000000002d4a       0x52 CMakeFiles/BrewTroller-OT_DX1_RIMSDF.elf.dir/EEPROM.cpp.obj
                0x0000000000002d4a                _Z14setTimerStatushh
 .text._Z14setAlarmStatush
                0x0000000000002d9c       0x30 CMakeFiles/BrewTroller-OT_DX1_RIMSDF.elf.dir/EEPROM.cpp.obj
                0x0000000000002d9c                _Z14setAlarmStatush
 .text._Z23eepromLoadProgramThreadhP13ProgramThread
                0x0000000000002dcc       0x18 CMakeFiles/BrewTroller-OT_DX1_RIMSDF.elf.dir/EEPROM.cpp.obj
                0x0000000000002dcc                _Z23eepromLoadProgramThreadhP13ProgramThread
 .text._Z23eepromSaveProgramThreadhP13ProgramThread
                0x0000000000002de4       0x18 CMakeFiles/BrewTroller-OT_DX1_RIMSDF.elf.dir/EEPROM.cpp.obj
                0x0000000000002de4                _Z23eepromSaveProgramThreadhP13ProgramThread
 .text._Z12setGrainTemph
                0x0000000000002dfc        0xe CMakeFiles/BrewTroller-OT_DX1_RIMSDF.elf.dir/EEPROM.cpp.obj
                0x0000000000002dfc                _Z12setGrainTemph
 .text._Z12getGrainTempv
                0x0000000000002e0a        0xc CMakeFiles/BrewTroller-OT_DX1_RIMSDF.elf.dir/EEPROM.cpp.obj
                0x0000000000002e0a                _Z12getGrainTempv
 .text._Z11setProgNamehPc
                0x0000000000002e16       0x48 CMakeFiles/BrewTroller-OT_DX1_RIMSDF.elf.dir/EEPROM.cpp.obj
                0x0000000000002e16                _Z11setProgNamehPc
 .text._Z11getProgNamehPc
                0x0000000000002e5e       0x4e CMakeFiles/BrewTroller-OT_DX1_RIMSDF.elf.dir/EEPROM.cpp.obj
                0x0000000000002e5e                _Z11getProgNamehPc
 .text._Z13setProgSpargehh
                0x0000000000002eac       0x18 CMakeFiles/BrewTroller-OT_DX1_RIMSDF.elf.dir/EEPROM.cpp.obj
                0x0000000000002eac                _Z13setProgSpargehh
 .text._Z13getProgSpargeh
                0x0000000000002ec4       0x20 CMakeFiles/BrewTroller-OT_DX1_RIMSDF.elf.dir/EEPROM.cpp.obj
                0x0000000000002ec4                _Z13getProgSpargeh
 .text._Z15setProgMashTemphhh
                0x0000000000002ee4       0x1c CMakeFiles/BrewTroller-OT_DX1_RIMSDF.elf.dir/EEPROM.cpp.obj
                0x0000000000002ee4                _Z15setProgMashTemphhh
 .text._Z15getProgMashTemphh
                0x0000000000002f00       0x26 CMakeFiles/BrewTroller-OT_DX1_RIMSDF.elf.dir/EEPROM.cpp.obj
                0x0000000000002f00                _Z15getProgMashTemphh
 .text._Z15setProgMashMinshhh
                0x0000000000002f26       0x22 CMakeFiles/BrewTroller-OT_DX1_RIMSDF.elf.dir/EEPROM.cpp.obj
                0x0000000000002f26                _Z15setProgMashMinshhh
 .text._Z15getProgMashMinshh
                0x0000000000002f48       0x1c CMakeFiles/BrewTroller-OT_DX1_RIMSDF.elf.dir/EEPROM.cpp.obj
                0x0000000000002f48                _Z15getProgMashMinshh
 .text._Z16setProgMLHeatSrchh
                0x0000000000002f64       0x18 CMakeFiles/BrewTroller-OT_DX1_RIMSDF.elf.dir/EEPROM.cpp.obj
                0x0000000000002f64                _Z16setProgMLHeatSrchh
 .text._Z16getProgMLHeatSrch
                0x0000000000002f7c       0x16 CMakeFiles/BrewTroller-OT_DX1_RIMSDF.elf.dir/EEPROM.cpp.obj
                0x0000000000002f7c                _Z16getProgMLHeatSrch
 .text._Z10setProgHLThh
                0x0000000000002f92       0x18 CMakeFiles/BrewTroller-OT_DX1_RIMSDF.elf.dir/EEPROM.cpp.obj
                0x0000000000002f92                _Z10setProgHLThh
 .text._Z10getProgHLTh
                0x0000000000002faa       0x20 CMakeFiles/BrewTroller-OT_DX1_RIMSDF.elf.dir/EEPROM.cpp.obj
                0x0000000000002faa                _Z10getProgHLTh
 .text._Z12setProgPitchhh
                0x0000000000002fca       0x18 CMakeFiles/BrewTroller-OT_DX1_RIMSDF.elf.dir/EEPROM.cpp.obj
                0x0000000000002fca                _Z12setProgPitchhh
 .text._Z12getProgPitchh
                0x0000000000002fe2       0x20 CMakeFiles/BrewTroller-OT_DX1_RIMSDF.elf.dir/EEPROM.cpp.obj
                0x0000000000002fe2                _Z12getProgPitchh
 .text._Z13getTriggerPinh
                0x0000000000003002       0x10 CMakeFiles/BrewTroller-OT_DX1_RIMSDF.elf.dir/EEPROM.cpp.obj
                0x0000000000003002                _Z13getTriggerPinh
 .text._Z13setTriggerPinhh
                0x0000000000003012       0x16 CMakeFiles/BrewTroller-OT_DX1_RIMSDF.elf.dir/EEPROM.cpp.obj
                0x0000000000003012                _Z13setTriggerPinhh
 .text._Z16getVlvModbusAddrh
                0x0000000000003028       0x16 CMakeFiles/BrewTroller-OT_DX1_RIMSDF.elf.dir/EEPROM.cpp.obj
                0x0000000000003028                _Z16getVlvModbusAddrh
 .text._Z21getVlvModbusCoilCounth
                0x000000000000303e       0x16 CMakeFiles/BrewTroller-OT_DX1_RIMSDF.elf.dir/EEPROM.cpp.obj
                0x000000000000303e                _Z21getVlvModbusCoilCounth
 .text._Z18getVlvModbusOffseth
                0x0000000000003054       0x16 CMakeFiles/BrewTroller-OT_DX1_RIMSDF.elf.dir/EEPROM.cpp.obj
                0x0000000000003054                _Z18getVlvModbusOffseth
 .text._Z16setVlvModbusAddrhh