Archive member included because of file (symbol)

../lib/libBT-libs.a(malloc.c.obj)
                              CMakeFiles/BrewTroller-OT_DX1_STEAMPWM.elf.dir/PVOut.cpp.obj (malloc)
../lib/libBT-libs.a(HardwareSerial.cpp.obj)
                              CMakeFiles/BrewTroller-OT_DX1_STEAMPWM.elf.dir/Com.cpp.obj (_ZN14HardwareSerial9availableEv)
../lib/libBT-libs.a(new.cpp.obj)
                              CMakeFiles/BrewTroller-OT_DX1_STEAMPWM.elf.dir/EEPROM.cpp.obj (_Znwj)
../lib/libBT-libs.a(Print.cpp.obj)
                              ../lib/libBT-libs.a(HardwareSerial.cpp.obj) (_ZN5Print5writeEPKhj)
../lib/libBT-libs.a(wiring.c.obj)
                              CMakeFiles/BrewTroller-OT_DX1_STEAMPWM.elf.dir/BrewCore.cpp.obj (millis)
../lib/libBT-libs.a(wiring_analog.c.obj)
                              CMakeFiles/BrewTroller-OT_DX1_STEAMPWM.elf.dir/Vessel.cpp.obj (analogRead)
../lib/libBT-libs.a(wiring_digital.c.obj)
                              ../lib/libBT-libs.a(wiring_analog.c.obj) (pinMode)
../lib/libBT-libs.a(WString.cpp.obj)
                              ../lib/libBT-libs.a(Print.cpp.obj) (_ZNK6StringixEj)
../lib/libBT-libs.a(EEPROM.cpp.obj)
                              CMakeFiles/BrewTroller-OT_DX1_STEAMPWM.elf.dir/EEPROM.cpp.obj (_ZN11EEPROMClass4readEi)
../lib/libBT-libs.a(Wire.cpp.obj)
                              CMakeFiles/BrewTroller-OT_DX1_STEAMPWM.elf.dir/Com.cpp.obj (_ZN7TwoWire9availableEv)
../lib/libBT-libs.a(twi.c.obj)
                              ../lib/libBT-libs.a(Wire.cpp.obj) (twi_init)
../lib/libBT-libs.a(encoder.cpp.obj)
                              CMakeFiles/BrewTroller-OT_DX1_STEAMPWM.elf.dir/UI.cpp.obj (_ZN7encoder5beginEh)
../lib/libBT-libs.a(pin.cpp.obj)
                              CMakeFiles/BrewTroller-OT_DX1_STEAMPWM.elf.dir/BrewTroller.cpp.obj (_ZN3pinC1Ev)
../lib/libBT-libs.a(menu.cpp.obj)
                              CMakeFiles/BrewTroller-OT_DX1_STEAMPWM.elf.dir/UI.cpp.obj (_ZN4menuC1Ehh)
../lib/libBT-libs.a(ModbusMaster.cpp.obj)
                              CMakeFiles/BrewTroller-OT_DX1_STEAMPWM.elf.dir/PVOut.cpp.obj (_ZN12ModbusMasterC1Ev)
../lib/libBT-libs.a(PID_Beta6.cpp.obj)
                              CMakeFiles/BrewTroller-OT_DX1_STEAMPWM.elf.dir/Vessel.cpp.obj (_ZN3PID14SetInputLimitsEdd)
../lib/libBT-libs.a(DS2482.cpp.obj)
                              CMakeFiles/BrewTroller-OT_DX1_STEAMPWM.elf.dir/Temp.cpp.obj (_ZN6DS2482C1Eh)
../lib/libBT-libs.a(realloc.c.obj)
                              ../lib/libBT-libs.a(WString.cpp.obj) (realloc)
../lib/libBT-libs.a(WInterrupts.c.obj)
                              ../lib/libBT-libs.a(encoder.cpp.obj) (attachInterrupt)
../lib/libBT-libs.a(WMath.cpp.obj)
                              ../lib/libBT-libs.a(ModbusMaster.cpp.obj) (_Z8makeWordhh)
/usr/lib/gcc/avr/4.8.2/avr51/libgcc.a(_umulhisi3.o)
                              CMakeFiles/BrewTroller-OT_DX1_STEAMPWM.elf.dir/UI.cpp.obj (__umulhisi3)
/usr/lib/gcc/avr/4.8.2/avr51/libgcc.a(_usmulhisi3.o)
                              CMakeFiles/BrewTroller-OT_DX1_STEAMPWM.elf.dir/EEPROM.cpp.obj (__usmulhisi3)
/usr/lib/gcc/avr/4.8.2/avr51/libgcc.a(_muluhisi3.o)
                              CMakeFiles/BrewTroller-OT_DX1_STEAMPWM.elf.dir/Com_BTPD.cpp.obj (__muluhisi3)
/usr/lib/gcc/avr/4.8.2/avr51/libgcc.a(_mulshisi3.o)
                              CMakeFiles/BrewTroller-OT_DX1_STEAMPWM.elf.dir/UI.cpp.obj (__mulshisi3)
/usr/lib/gcc/avr/4.8.2/avr51/libgcc.a(_mulsi3.o)
                              CMakeFiles/BrewTroller-OT_DX1_STEAMPWM.elf.dir/StepLogic.cpp.obj (__mulsi3)
/usr/lib/gcc/avr/4.8.2/avr51/libgcc.a(_udivmodhi4.o)
                              CMakeFiles/BrewTroller-OT_DX1_STEAMPWM.elf.dir/UI.cpp.obj (__udivmodhi4)
/usr/lib/gcc/avr/4.8.2/avr51/libgcc.a(_divmodhi4.o)
                              CMakeFiles/BrewTroller-OT_DX1_STEAMPWM.elf.dir/Com.cpp.obj (__divmodhi4)
/usr/lib/gcc/avr/4.8.2/avr51/libgcc.a(_udivmodsi4.o)
                              CMakeFiles/BrewTroller-OT_DX1_STEAMPWM.elf.dir/Com_BTPD.cpp.obj (__udivmodsi4)
/usr/lib/gcc/avr/4.8.2/avr51/libgcc.a(_divmodsi4.o)
                              CMakeFiles/BrewTroller-OT_DX1_STEAMPWM.elf.dir/Temp.cpp.obj (__divmodsi4)
/usr/lib/gcc/avr/4.8.2/avr51/libgcc.a(_negsi2.o)
                              /usr/lib/gcc/avr/4.8.2/avr51/libgcc.a(_divmodsi4.o) (__negsi2)
/usr/lib/gcc/avr/4.8.2/avr51/libgcc.a(_prologue.o)
                              CMakeFiles/BrewTroller-OT_DX1_STEAMPWM.elf.dir/BrewCore.cpp.obj (__prologue_saves__)
/usr/lib/gcc/avr/4.8.2/avr51/libgcc.a(_epilogue.o)
                              CMakeFiles/BrewTroller-OT_DX1_STEAMPWM.elf.dir/BrewCore.cpp.obj (__epilogue_restores__)
/usr/lib/gcc/avr/4.8.2/avr51/libgcc.a(_exit.o)
                              /usr/lib/gcc/avr/4.8.2/../../../avr/lib/avr51/crtm1284p.o (exit)
/usr/lib/gcc/avr/4.8.2/avr51/libgcc.a(_tablejump.o)
                              CMakeFiles/BrewTroller-OT_DX1_STEAMPWM.elf.dir/BrewCore.cpp.obj (__tablejump2__)
[...]
Memory Configuration

Name             Origin             Length             Attributes
text             0x0000000000000000 0x0000000000020000 xr
data             0x0000000000800100 0x000000000000ff00 rw !x
eeprom           0x0000000000810000 0x0000000000010000 rw !x
fuse             0x0000000000820000 0x0000000000000400 rw !x
lock             0x0000000000830000 0x0000000000000400 rw !x
signature        0x0000000000840000 0x0000000000000400 rw !x
user_signatures  0x0000000000850000 0x0000000000000400 rw !x
*default*        0x0000000000000000 0xffffffffffffffff

Linker script and memory map

Address of section .data set to 0x800100
LOAD /usr/lib/gcc/avr/4.8.2/../../../avr/lib/avr51/crtm1284p.o
LOAD /usr/lib/gcc/avr/4.8.2/../../../avr/lib/avr51/libm.a
LOAD CMakeFiles/BrewTroller-OT_DX1_STEAMPWM.elf.dir/BrewCore.cpp.obj
LOAD CMakeFiles/BrewTroller-OT_DX1_STEAMPWM.elf.dir/BrewTroller.cpp.obj
LOAD CMakeFiles/BrewTroller-OT_DX1_STEAMPWM.elf.dir/Com.cpp.obj
LOAD CMakeFiles/BrewTroller-OT_DX1_STEAMPWM.elf.dir/Com_BTPD.cpp.obj
LOAD CMakeFiles/BrewTroller-OT_DX1_STEAMPWM.elf.dir/Com_RGBIO8.cpp.obj
LOAD CMakeFiles/BrewTroller-OT_DX1_STEAMPWM.elf.dir/Com_S0ASC.cpp.obj
LOAD CMakeFiles/BrewTroller-OT_DX1_STEAMPWM.elf.dir/EEPROM.cpp.obj
LOAD CMakeFiles/BrewTroller-OT_DX1_STEAMPWM.elf.dir/Events.cpp.obj
LOAD CMakeFiles/BrewTroller-OT_DX1_STEAMPWM.elf.dir/Outputs.cpp.obj
LOAD CMakeFiles/BrewTroller-OT_DX1_STEAMPWM.elf.dir/PVOut.cpp.obj
LOAD CMakeFiles/BrewTroller-OT_DX1_STEAMPWM.elf.dir/StepLogic.cpp.obj
LOAD CMakeFiles/BrewTroller-OT_DX1_STEAMPWM.elf.dir/Temp.cpp.obj
LOAD CMakeFiles/BrewTroller-OT_DX1_STEAMPWM.elf.dir/Timer.cpp.obj
LOAD CMakeFiles/BrewTroller-OT_DX1_STEAMPWM.elf.dir/UI.cpp.obj
LOAD CMakeFiles/BrewTroller-OT_DX1_STEAMPWM.elf.dir/UIStrings.cpp.obj
LOAD CMakeFiles/BrewTroller-OT_DX1_STEAMPWM.elf.dir/Util.cpp.obj
LOAD CMakeFiles/BrewTroller-OT_DX1_STEAMPWM.elf.dir/Vessel.cpp.obj
LOAD CMakeFiles/BrewTroller-OT_DX1_STEAMPWM.elf.dir/Volume.cpp.obj
LOAD ../lib/libBT-libs.a
LOAD /usr/lib/gcc/avr/4.8.2/avr51/libgcc.a
LOAD /usr/lib/gcc/avr/4.8.2/../../../avr/lib/avr51/libm.a
START GROUP
LOAD /usr/lib/gcc/avr/4.8.2/avr51/libgcc.a
LOAD /usr/lib/gcc/avr/4.8.2/../../../avr/lib/avr51/libm.a
LOAD /usr/lib/gcc/avr/4.8.2/../../../avr/lib/avr51/libc.a
END GROUP

.hash
 *(.hash)

.dynsym
 *(.dynsym)

.dynstr
 *(.dynstr)

.gnu.version
 *(.gnu.version)

.gnu.version_d
 *(.gnu.version_d)

.gnu.version_r
 *(.gnu.version_r)

.rel.init
 *(.rel.init)

.rela.init
 *(.rela.init)

.rel.text
 *(.rel.text)
 *(.rel.text.*)
 *(.rel.gnu.linkonce.t*)

.rela.text
 *(.rela.text)
 *(.rela.text.*)
 *(.rela.gnu.linkonce.t*)

.rel.fini
 *(.rel.fini)

.rela.fini
 *(.rela.fini)

.rel.rodata
 *(.rel.rodata)
 *(.rel.rodata.*)
 *(.rel.gnu.linkonce.r*)

.rela.rodata
 *(.rela.rodata)
 *(.rela.rodata.*)
 *(.rela.gnu.linkonce.r*)

.rel.data
 *(.rel.data)
 *(.rel.data.*)
 *(.rel.gnu.linkonce.d*)

.rela.data
 *(.rela.data)
 *(.rela.data.*)
 *(.rela.gnu.linkonce.d*)

.rel.ctors
 *(.rel.ctors)

.rela.ctors
 *(.rela.ctors)

.rel.dtors
 *(.rel.dtors)

.rela.dtors
 *(.rela.dtors)

.rel.got
 *(.rel.got)

.rela.got
 *(.rela.got)

.rel.bss
 *(.rel.bss)

.rela.bss
 *(.rela.bss)

.rel.plt
 *(.rel.plt)

.rela.plt
 *(.rela.plt)

.text           0x0000000000000000    0x11570
 *(.vectors)
 .vectors       0x0000000000000000       0x8c /usr/lib/gcc/avr/4.8.2/../../../avr/lib/avr51/crtm1284p.o
                0x0000000000000000                __vectors
                0x0000000000000000                __vector_default
 *(.vectors)
 *(.progmem.gcc*)
 .progmem.gcc_sw_table._Z8brewCorev
                0x000000000000008c       0x10 CMakeFiles/BrewTroller-OT_DX1_STEAMPWM.elf.dir/BrewCore.cpp.obj
 .progmem.gcc_sw_table._ZN5BTnic7execCmdEv
                0x000000000000009c       0x82 CMakeFiles/BrewTroller-OT_DX1_STEAMPWM.elf.dir/Com.cpp.obj
 .progmem.gcc_sw_table.turnOffPWM
                0x000000000000011e       0x12 ../lib/libBT-libs.a(wiring_digital.c.obj)
 .progmem.gcc_fplib
                0x0000000000000130       0x28 /usr/lib/gcc/avr/4.8.2/../../../avr/lib/avr51/libm.a(exp.o)
 .progmem.gcc_fplib
                0x0000000000000158       0x5a /usr/lib/gcc/avr/4.8.2/../../../avr/lib/avr51/libm.a(log.o)
 *(.progmem*)
 .progmem.data.LOGSYS
                0x00000000000001b2        0x4 CMakeFiles/BrewTroller-OT_DX1_STEAMPWM.elf.dir/BrewTroller.cpp.obj
                0x00000000000001b2                LOGSYS
 .progmem.data._ZL18CMD_INDEX_MAXVALUE
                0x00000000000001b6       0x41 CMakeFiles/BrewTroller-OT_DX1_STEAMPWM.elf.dir/Com.cpp.obj
 .progmem.data._ZL16CMD_PARAM_COUNTS
                0x00000000000001f7       0x41 CMakeFiles/BrewTroller-OT_DX1_STEAMPWM.elf.dir/Com.cpp.obj
 .progmem.data._ZL4BELL
                0x0000000000000238        0x8 CMakeFiles/BrewTroller-OT_DX1_STEAMPWM.elf.dir/UI.cpp.obj
 .progmem.data._ZL9PROG_ICON
                0x0000000000000240        0x8 CMakeFiles/BrewTroller-OT_DX1_STEAMPWM.elf.dir/UI.cpp.obj
 .progmem.data._ZL11UNLOCK_ICON
                0x0000000000000248        0x8 CMakeFiles/BrewTroller-OT_DX1_STEAMPWM.elf.dir/UI.cpp.obj
 .progmem.data._ZL4BMP4
                0x0000000000000250        0x8 CMakeFiles/BrewTroller-OT_DX1_STEAMPWM.elf.dir/UI.cpp.obj
 .progmem.data._ZL4BMP3
                0x0000000000000258        0x8 CMakeFiles/BrewTroller-OT_DX1_STEAMPWM.elf.dir/UI.cpp.obj
 .progmem.data._ZL4BMP2
                0x0000000000000260        0x8 CMakeFiles/BrewTroller-OT_DX1_STEAMPWM.elf.dir/UI.cpp.obj
 .progmem.data._ZL4BMP1
                0x0000000000000268        0x8 CMakeFiles/BrewTroller-OT_DX1_STEAMPWM.elf.dir/UI.cpp.obj
 .progmem.data._ZL4BMP0
                0x0000000000000270        0x8 CMakeFiles/BrewTroller-OT_DX1_STEAMPWM.elf.dir/UI.cpp.obj
 .progmem.data._ZL7CHARSEL
                0x0000000000000278        0x8 CMakeFiles/BrewTroller-OT_DX1_STEAMPWM.elf.dir/UI.cpp.obj
 .progmem.data._ZL10CHARCURSOR
                0x0000000000000280        0x8 CMakeFiles/BrewTroller-OT_DX1_STEAMPWM.elf.dir/UI.cpp.obj
 .progmem.data._ZL9CHARFIELD
                0x0000000000000288        0x8 CMakeFiles/BrewTroller-OT_DX1_STEAMPWM.elf.dir/UI.cpp.obj
 .progmem.data._ZL9TITLE_VLV
                0x0000000000000290       0x28 CMakeFiles/BrewTroller-OT_DX1_STEAMPWM.elf.dir/UI.cpp.obj
 .progmem.data._ZL14TITLE_MASHSTEP
                0x00000000000002b8        0xc CMakeFiles/BrewTroller-OT_DX1_STEAMPWM.elf.dir/UI.cpp.obj
 .progmem.data._ZN9UIStrings5Units5TUNITE
                0x00000000000002c4        0x2 CMakeFiles/BrewTroller-OT_DX1_STEAMPWM.elf.dir/UIStrings.cpp.obj
                0x00000000000002c4                _ZN9UIStrings5Units5TUNITE
 .progmem.data._ZN9UIStrings5Units6WTUNITE
                0x00000000000002c6        0x3 CMakeFiles/BrewTroller-OT_DX1_STEAMPWM.elf.dir/UIStrings.cpp.obj
                0x00000000000002c6                _ZN9UIStrings5Units6WTUNITE
 .progmem.data._ZN9UIStrings5Units7VOLUNITE
                0x00000000000002c9        0x4 CMakeFiles/BrewTroller-OT_DX1_STEAMPWM.elf.dir/UIStrings.cpp.obj
                0x00000000000002c9                _ZN9UIStrings5Units7VOLUNITE
 .progmem.data._ZN9UIStrings11SystemSetup14TriggersConfig14INPUT_PIN_NONEE
                0x00000000000002cd       0x14 CMakeFiles/BrewTroller-OT_DX1_STEAMPWM.elf.dir/UIStrings.cpp.obj
                0x00000000000002cd                _ZN9UIStrings11SystemSetup14TriggersConfig14INPUT_PIN_NONEE
 .progmem.data._ZN9UIStrings11SystemSetup14TriggersConfig4NONEE
                0x00000000000002e1        0x5 CMakeFiles/BrewTroller-OT_DX1_STEAMPWM.elf.dir/UIStrings.cpp.obj
                0x00000000000002e1                _ZN9UIStrings11SystemSetup14TriggersConfig4NONEE
 .progmem.data._ZN9UIStrings11SystemSetup14TriggersConfig10KETTLE_MINE
                0x00000000000002e6        0xd CMakeFiles/BrewTroller-OT_DX1_STEAMPWM.elf.dir/UIStrings.cpp.obj
                0x00000000000002e6                _ZN9UIStrings11SystemSetup14TriggersConfig10KETTLE_MINE
 .progmem.data._ZN9UIStrings11SystemSetup14TriggersConfig8MASH_MINE
                0x00000000000002f3        0xb CMakeFiles/BrewTroller-OT_DX1_STEAMPWM.elf.dir/UIStrings.cpp.obj
                0x00000000000002f3                _ZN9UIStrings11SystemSetup14TriggersConfig8MASH_MINE
 .progmem.data._ZN9UIStrings11SystemSetup14TriggersConfig7HLT_MINE
                0x00000000000002fe        0xa CMakeFiles/BrewTroller-OT_DX1_STEAMPWM.elf.dir/UIStrings.cpp.obj
                0x00000000000002fe                _ZN9UIStrings11SystemSetup14TriggersConfig7HLT_MINE
 .progmem.data._ZN9UIStrings11SystemSetup14TriggersConfig10SPARGE_MAXE
                0x0000000000000308        0xd CMakeFiles/BrewTroller-OT_DX1_STEAMPWM.elf.dir/UIStrings.cpp.obj
                0x0000000000000308                _ZN9UIStrings11SystemSetup14TriggersConfig10SPARGE_MAXE
 .progmem.data._ZN9UIStrings11SystemSetup14TriggersConfig5ESTOPE
                0x0000000000000315        0x9 CMakeFiles/BrewTroller-OT_DX1_STEAMPWM.elf.dir/UIStrings.cpp.obj
                0x0000000000000315                _ZN9UIStrings11SystemSetup14TriggersConfig5ESTOPE
 .progmem.data._ZN9UIStrings11SystemSetup9LCDConfig8CONTRASTE
                0x000000000000031e        0xa CMakeFiles/BrewTroller-OT_DX1_STEAMPWM.elf.dir/UIStrings.cpp.obj
                0x000000000000031e                _ZN9UIStrings11SystemSetup9LCDConfig8CONTRASTE
 .progmem.data._ZN9UIStrings11SystemSetup9LCDConfig10BRIGHTNESSE
                0x0000000000000328        0xc CMakeFiles/BrewTroller-OT_DX1_STEAMPWM.elf.dir/UIStrings.cpp.obj
                0x0000000000000328                _ZN9UIStrings11SystemSetup9LCDConfig10BRIGHTNESSE
 .progmem.data._ZN9UIStrings11SystemSetup9LCDConfig10ADJUST_LCDE
                0x0000000000000334        0xb CMakeFiles/BrewTroller-OT_DX1_STEAMPWM.elf.dir/UIStrings.cpp.obj
                0x0000000000000334                _ZN9UIStrings11SystemSetup9LCDConfig10ADJUST_LCDE
 .progmem.data._ZN9UIStrings11SystemSetup10InitEEPROM12RESET_CONFIGE
                0x000000000000033f       0x15 CMakeFiles/BrewTroller-OT_DX1_STEAMPWM.elf.dir/UIStrings.cpp.obj
                0x000000000000033f                _ZN9UIStrings11SystemSetup10InitEEPROM12RESET_CONFIGE
 .progmem.data._ZN9UIStrings11SystemSetup18MODBUSOutputConfig20UPDATE_FAIL_CONTINUEE
                0x0000000000000354        0xd CMakeFiles/BrewTroller-OT_DX1_STEAMPWM.elf.dir/UIStrings.cpp.obj
                0x0000000000000354                _ZN9UIStrings11SystemSetup18MODBUSOutputConfig20UPDATE_FAIL_CONTINUEE
 .progmem.data._ZN9UIStrings11SystemSetup18MODBUSOutputConfig11UPDATE_FAILE
                0x0000000000000361        0xe CMakeFiles/BrewTroller-OT_DX1_STEAMPWM.elf.dir/UIStrings.cpp.obj
                0x0000000000000361                _ZN9UIStrings11SystemSetup18MODBUSOutputConfig11UPDATE_FAILE
 .progmem.data._ZN9UIStrings11SystemSetup18MODBUSOutputConfig11NEW_ADDRESSE
                0x000000000000036f        0xc CMakeFiles/BrewTroller-OT_DX1_STEAMPWM.elf.dir/UIStrings.cpp.obj
                0x000000000000036f                _ZN9UIStrings11SystemSetup18MODBUSOutputConfig11NEW_ADDRESSE
 .progmem.data._ZN9UIStrings11SystemSetup18MODBUSOutputConfig12ASSIGN_RETRYE
                0x000000000000037b        0x9 CMakeFiles/BrewTroller-OT_DX1_STEAMPWM.elf.dir/UIStrings.cpp.obj
                0x000000000000037b                _ZN9UIStrings11SystemSetup18MODBUSOutputConfig12ASSIGN_RETRYE
 .progmem.data._ZN9UIStrings11SystemSetup18MODBUSOutputConfig12ASSIGN_ERRORE
                0x0000000000000384        0x7 CMakeFiles/BrewTroller-OT_DX1_STEAMPWM.elf.dir/UIStrings.cpp.obj
                0x0000000000000384                _ZN9UIStrings11SystemSetup18MODBUSOutputConfig12ASSIGN_ERRORE
 .progmem.data._ZN9UIStrings11SystemSetup18MODBUSOutputConfig14ASSIGN_TIMEOUTE
                0x000000000000038b        0x8 CMakeFiles/BrewTroller-OT_DX1_STEAMPWM.elf.dir/UIStrings.cpp.obj
                0x000000000000038b                _ZN9UIStrings11SystemSetup18MODBUSOutputConfig14ASSIGN_TIMEOUTE
 .progmem.data._ZN9UIStrings11SystemSetup18MODBUSOutputConfig17CLICK_TO_ACTIVATEE
                0x0000000000000393       0x13 CMakeFiles/BrewTroller-OT_DX1_STEAMPWM.elf.dir/UIStrings.cpp.obj
                0x0000000000000393                _ZN9UIStrings11SystemSetup18MODBUSOutputConfig17CLICK_TO_ACTIVATEE
 .progmem.data._ZN9UIStrings11SystemSetup18MODBUSOutputConfig12OUTPUT_BOARDE
                0x00000000000003a6       0x12 CMakeFiles/BrewTroller-OT_DX1_STEAMPWM.elf.dir/UIStrings.cpp.obj
                0x00000000000003a6                _ZN9UIStrings11SystemSetup18MODBUSOutputConfig12OUTPUT_BOARDE
 .progmem.data._ZN9UIStrings11SystemSetup18MODBUSOutputConfig11CLICK_RESETE
                0x00000000000003b8       0x14 CMakeFiles/BrewTroller-OT_DX1_STEAMPWM.elf.dir/UIStrings.cpp.obj
                0x00000000000003b8                _ZN9UIStrings11SystemSetup18MODBUSOutputConfig11CLICK_RESETE
 .progmem.data._ZN9UIStrings11SystemSetup18MODBUSOutputConfig13OUTPUT_OFFSETE
                0x00000000000003cc        0xe CMakeFiles/BrewTroller-OT_DX1_STEAMPWM.elf.dir/UIStrings.cpp.obj
                0x00000000000003cc                _ZN9UIStrings11SystemSetup18MODBUSOutputConfig13OUTPUT_OFFSETE
 .progmem.data._ZN9UIStrings11SystemSetup18MODBUSOutputConfig10COIL_COUNTE
                0x00000000000003da        0xb CMakeFiles/BrewTroller-OT_DX1_STEAMPWM.elf.dir/UIStrings.cpp.obj
                0x00000000000003da                _ZN9UIStrings11SystemSetup18MODBUSOutputConfig10COIL_COUNTE
 .progmem.data._ZN9UIStrings11SystemSetup18MODBUSOutputConfig13COIL_REGISTERE
                0x00000000000003e5        0xe CMakeFiles/BrewTroller-OT_DX1_STEAMPWM.elf.dir/UIStrings.cpp.obj
                0x00000000000003e5                _ZN9UIStrings11SystemSetup18MODBUSOutputConfig13COIL_REGISTERE
 .progmem.data._ZN9UIStrings11SystemSetup18MODBUSOutputConfig13RELAY_ADDRESSE
                0x00000000000003f3       0x14 CMakeFiles/BrewTroller-OT_DX1_STEAMPWM.elf.dir/UIStrings.cpp.obj
                0x00000000000003f3                _ZN9UIStrings11SystemSetup18MODBUSOutputConfig13RELAY_ADDRESSE
 .progmem.data._ZN9UIStrings11SystemSetup18MODBUSOutputConfig7ID_MODEE
                0x0000000000000407        0xa CMakeFiles/BrewTroller-OT_DX1_STEAMPWM.elf.dir/UIStrings.cpp.obj
                0x0000000000000407                _ZN9UIStrings11SystemSetup18MODBUSOutputConfig7ID_MODEE
 .progmem.data._ZN9UIStrings11SystemSetup18MODBUSOutputConfig11AUTO_ASSIGNE
                0x0000000000000411        0xc CMakeFiles/BrewTroller-OT_DX1_STEAMPWM.elf.dir/UIStrings.cpp.obj
                0x0000000000000411                _ZN9UIStrings11SystemSetup18MODBUSOutputConfig11AUTO_ASSIGNE
 .progmem.data._ZN9UIStrings11SystemSetup18MODBUSOutputConfig6OFFSETE
                0x000000000000041d        0x9 CMakeFiles/BrewTroller-OT_DX1_STEAMPWM.elf.dir/UIStrings.cpp.obj
                0x000000000000041d                _ZN9UIStrings11SystemSetup18MODBUSOutputConfig6OFFSETE
 .progmem.data._ZN9UIStrings11SystemSetup18MODBUSOutputConfig5COUNTE
                0x0000000000000426        0x8 CMakeFiles/BrewTroller-OT_DX1_STEAMPWM.elf.dir/UIStrings.cpp.obj
                0x0000000000000426                _ZN9UIStrings11SystemSetup18MODBUSOutputConfig5COUNTE
 .progmem.data._ZN9UIStrings11SystemSetup18MODBUSOutputConfig8REGISTERE
                0x000000000000042e        0xb CMakeFiles/BrewTroller-OT_DX1_STEAMPWM.elf.dir/UIStrings.cpp.obj
                0x000000000000042e                _ZN9UIStrings11SystemSetup18MODBUSOutputConfig8REGISTERE
 .progmem.data._ZN9UIStrings11SystemSetup18MODBUSOutputConfig2NAE
                0x0000000000000439        0x4 CMakeFiles/BrewTroller-OT_DX1_STEAMPWM.elf.dir/UIStrings.cpp.obj
                0x0000000000000439                _ZN9UIStrings11SystemSetup18MODBUSOutputConfig2NAE
 .progmem.data._ZN9UIStrings11SystemSetup18MODBUSOutputConfig7ADDRESSE
                0x000000000000043d        0xa CMakeFiles/BrewTroller-OT_DX1_STEAMPWM.elf.dir/UIStrings.cpp.obj
                0x000000000000043d                _ZN9UIStrings11SystemSetup18MODBUSOutputConfig7ADDRESSE
 .progmem.data._ZN9UIStrings11SystemSetup18MODBUSOutputConfig5ERRORE
                0x0000000000000447        0x6 CMakeFiles/BrewTroller-OT_DX1_STEAMPWM.elf.dir/UIStrings.cpp.obj
                0x0000000000000447                _ZN9UIStrings11SystemSetup18MODBUSOutputConfig5ERRORE
 .progmem.data._ZN9UIStrings11SystemSetup18MODBUSOutputConfig7TIMEOUTE
                0x000000000000044d        0xa CMakeFiles/BrewTroller-OT_DX1_STEAMPWM.elf.dir/UIStrings.cpp.obj
                0x000000000000044d                _ZN9UIStrings11SystemSetup18MODBUSOutputConfig7TIMEOUTE
 .progmem.data._ZN9UIStrings11SystemSetup18MODBUSOutputConfig9CONNECTEDE
                0x0000000000000457        0xc CMakeFiles/BrewTroller-OT_DX1_STEAMPWM.elf.dir/UIStrings.cpp.obj
                0x0000000000000457                _ZN9UIStrings11SystemSetup18MODBUSOutputConfig9CONNECTEDE
 .progmem.data._ZN9UIStrings11SystemSetup18MODBUSOutputConfig8DISABLEDE
                0x0000000000000463        0xb CMakeFiles/BrewTroller-OT_DX1_STEAMPWM.elf.dir/UIStrings.cpp.obj
                0x0000000000000463                _ZN9UIStrings11SystemSetup18MODBUSOutputConfig8DISABLEDE
 .progmem.data._ZN9UIStrings11SystemSetup18MODBUSOutputConfig5BOARDE
                0x000000000000046e        0x7 CMakeFiles/BrewTroller-OT_DX1_STEAMPWM.elf.dir/UIStrings.cpp.obj
                0x000000000000046e                _ZN9UIStrings11SystemSetup18MODBUSOutputConfig5BOARDE
 .progmem.data._ZN9UIStrings11SystemSetup18ValveProfileConfig9CLOSE_SQRE
                0x0000000000000475        0x2 CMakeFiles/BrewTroller-OT_DX1_STEAMPWM.elf.dir/UIStrings.cpp.obj
                0x0000000000000475                _ZN9UIStrings11SystemSetup18ValveProfileConfig9CLOSE_SQRE
 .progmem.data._ZN9UIStrings11SystemSetup18ValveProfileConfig8OPEN_SQRE
                0x0000000000000477        0x2 CMakeFiles/BrewTroller-OT_DX1_STEAMPWM.elf.dir/UIStrings.cpp.obj
                0x0000000000000477                _ZN9UIStrings11SystemSetup18ValveProfileConfig8OPEN_SQRE
 .progmem.data._ZN9UIStrings11SystemSetup18ValveProfileConfig6CARROTE
                0x0000000000000479        0x2 CMakeFiles/BrewTroller-OT_DX1_STEAMPWM.elf.dir/UIStrings.cpp.obj
                0x0000000000000479                _ZN9UIStrings11SystemSetup18ValveProfileConfig6CARROTE
 .progmem.data._ZN9UIStrings11SystemSetup18ValveProfileConfig3ONEE
                0x000000000000047b        0x2 CMakeFiles/BrewTroller-OT_DX1_STEAMPWM.elf.dir/UIStrings.cpp.obj
                0x000000000000047b                _ZN9UIStrings11SystemSetup18ValveProfileConfig3ONEE
 .progmem.data._ZN9UIStrings11SystemSetup18ValveProfileConfig4SAVEE
                0x000000000000047d        0x5 CMakeFiles/BrewTroller-OT_DX1_STEAMPWM.elf.dir/UIStrings.cpp.obj
                0x000000000000047d                _ZN9UIStrings11SystemSetup18ValveProfileConfig4SAVEE
 .progmem.data._ZN9UIStrings11SystemSetup18ValveProfileConfig4TESTE
                0x0000000000000482        0x5 CMakeFiles/BrewTroller-OT_DX1_STEAMPWM.elf.dir/UIStrings.cpp.obj
                0x0000000000000482                _ZN9UIStrings11SystemSetup18ValveProfileConfig4TESTE
 .progmem.data._ZN9UIStrings11SystemSetup17VolumeCalibration16MANUAL_VOL_ENTRYE
                0x0000000000000487       0x14 CMakeFiles/BrewTroller-OT_DX1_STEAMPWM.elf.dir/UIStrings.cpp.obj
                0x0000000000000487                _ZN9UIStrings11SystemSetup17VolumeCalibration16MANUAL_VOL_ENTRYE
 .progmem.data._ZN9UIStrings11SystemSetup17VolumeCalibration12MANUAL_ENTRYE
                0x000000000000049b        0xd CMakeFiles/BrewTroller-OT_DX1_STEAMPWM.elf.dir/UIStrings.cpp.obj
                0x000000000000049b                _ZN9UIStrings11SystemSetup17VolumeCalibration12MANUAL_ENTRYE
 .progmem.data._ZN9UIStrings11SystemSetup17VolumeCalibration2TOE
                0x00000000000004a8        0x5 CMakeFiles/BrewTroller-OT_DX1_STEAMPWM.elf.dir/UIStrings.cpp.obj
                0x00000000000004a8                _ZN9UIStrings11SystemSetup17VolumeCalibration2TOE
 .progmem.data._ZN9UIStrings11SystemSetup17VolumeCalibration6UPDATEE
                0x00000000000004ad        0x8 CMakeFiles/BrewTroller-OT_DX1_STEAMPWM.elf.dir/UIStrings.cpp.obj
                0x00000000000004ad                _ZN9UIStrings11SystemSetup17VolumeCalibration6UPDATEE
 .progmem.data._ZN9UIStrings11SystemSetup17VolumeCalibration9CALIBRATEE
                0x00000000000004b5        0xa CMakeFiles/BrewTroller-OT_DX1_STEAMPWM.elf.dir/UIStrings.cpp.obj
                0x00000000000004b5                _ZN9UIStrings11SystemSetup17VolumeCalibration9CALIBRATEE
 .progmem.data._ZN9UIStrings11SystemSetup17VolumeCalibration8CURR_VOLE
                0x00000000000004bf       0x10 CMakeFiles/BrewTroller-OT_DX1_STEAMPWM.elf.dir/UIStrings.cpp.obj
                0x00000000000004bf                _ZN9UIStrings11SystemSetup17VolumeCalibration8CURR_VOLE
 .progmem.data._ZN9UIStrings11SystemSetup17VolumeCalibration4OPENE
                0x00000000000004cf        0x5 CMakeFiles/BrewTroller-OT_DX1_STEAMPWM.elf.dir/UIStrings.cpp.obj
                0x00000000000004cf                _ZN9UIStrings11SystemSetup17VolumeCalibration4OPENE
 .progmem.data._ZN9UIStrings11SystemSetup17VolumeCalibration11CLOSE_PARENE
                0x00000000000004d4        0x2 CMakeFiles/BrewTroller-OT_DX1_STEAMPWM.elf.dir/UIStrings.cpp.obj
                0x00000000000004d4                _ZN9UIStrings11SystemSetup17VolumeCalibration11CLOSE_PARENE
 .progmem.data._ZN9UIStrings11SystemSetup17VolumeCalibration10OPEN_PARENE
                0x00000000000004d6        0x3 CMakeFiles/BrewTroller-OT_DX1_STEAMPWM.elf.dir/UIStrings.cpp.obj
                0x00000000000004d6                _ZN9UIStrings11SystemSetup17VolumeCalibration10OPEN_PARENE
 .progmem.data._ZN9UIStrings11SystemSetup12VolumeConfig14EVAP_RATE_UNITE
                0x00000000000004d9        0x5 CMakeFiles/BrewTroller-OT_DX1_STEAMPWM.elf.dir/UIStrings.cpp.obj
                0x00000000000004d9                _ZN9UIStrings11SystemSetup12VolumeConfig14EVAP_RATE_UNITE
 .progmem.data._ZN9UIStrings11SystemSetup12VolumeConfig11CALIBRATIONE
                0x00000000000004de        0xd CMakeFiles/BrewTroller-OT_DX1_STEAMPWM.elf.dir/UIStrings.cpp.obj
                0x00000000000004de                _ZN9UIStrings11SystemSetup12VolumeConfig11CALIBRATIONE
 .progmem.data._ZN9UIStrings11SystemSetup12VolumeConfig9DEADSPACEE
                0x00000000000004eb        0xc CMakeFiles/BrewTroller-OT_DX1_STEAMPWM.elf.dir/UIStrings.cpp.obj
                0x00000000000004eb                _ZN9UIStrings11SystemSetup12VolumeConfig9DEADSPACEE
 .progmem.data._ZN9UIStrings11SystemSetup12VolumeConfig8CAPACITYE
                0x00000000000004f7        0xa CMakeFiles/BrewTroller-OT_DX1_STEAMPWM.elf.dir/UIStrings.cpp.obj
                0x00000000000004f7                _ZN9UIStrings11SystemSetup12VolumeConfig8CAPACITYE
 .progmem.data._ZN9UIStrings11SystemSetup12VolumeConfig9EVAP_RATEE
                0x0000000000000501       0x11 CMakeFiles/BrewTroller-OT_DX1_STEAMPWM.elf.dir/UIStrings.cpp.obj
                0x0000000000000501                _ZN9UIStrings11SystemSetup12VolumeConfig9EVAP_RATEE
 .progmem.data._ZN9UIStrings11SystemSetup12OutputConfig10HYSTERESISE
                0x0000000000000512        0xc CMakeFiles/BrewTroller-OT_DX1_STEAMPWM.elf.dir/UIStrings.cpp.obj
                0x0000000000000512                _ZN9UIStrings11SystemSetup12OutputConfig10HYSTERESISE
 .progmem.data._ZN9UIStrings11SystemSetup12OutputConfig7PIDGAINE
                0x000000000000051e        0xa CMakeFiles/BrewTroller-OT_DX1_STEAMPWM.elf.dir/UIStrings.cpp.obj
                0x000000000000051e                _ZN9UIStrings11SystemSetup12OutputConfig7PIDGAINE
 .progmem.data._ZN9UIStrings11SystemSetup12OutputConfig8PIDCYCLEE
                0x0000000000000528        0xb CMakeFiles/BrewTroller-OT_DX1_STEAMPWM.elf.dir/UIStrings.cpp.obj
                0x0000000000000528                _ZN9UIStrings11SystemSetup12OutputConfig8PIDCYCLEE
 .progmem.data._ZN9UIStrings11SystemSetup12OutputConfig11ON_OFF_MODEE
                0x0000000000000533        0x7 CMakeFiles/BrewTroller-OT_DX1_STEAMPWM.elf.dir/UIStrings.cpp.obj
                0x0000000000000533                _ZN9UIStrings11SystemSetup12OutputConfig11ON_OFF_MODEE
 .progmem.data._ZN9UIStrings11SystemSetup12OutputConfig8PID_MODEE
                0x000000000000053a        0x4 CMakeFiles/BrewTroller-OT_DX1_STEAMPWM.elf.dir/UIStrings.cpp.obj
                0x000000000000053a                _ZN9UIStrings11SystemSetup12OutputConfig8PID_MODEE
 .progmem.data._ZN9UIStrings11SystemSetup12OutputConfig11KETTLE_MODEE
                0x000000000000053e        0xe CMakeFiles/BrewTroller-OT_DX1_STEAMPWM.elf.dir/UIStrings.cpp.obj
                0x000000000000053e                _ZN9UIStrings11SystemSetup12OutputConfig11KETTLE_MODEE
 .progmem.data._ZN9UIStrings11SystemSetup12OutputConfig9MASH_MODEE
                0x000000000000054c        0xc CMakeFiles/BrewTroller-OT_DX1_STEAMPWM.elf.dir/UIStrings.cpp.obj
                0x000000000000054c                _ZN9UIStrings11SystemSetup12OutputConfig9MASH_MODEE
 .progmem.data._ZN9UIStrings11SystemSetup12OutputConfig8HLT_MODEE
                0x0000000000000558        0xb CMakeFiles/BrewTroller-OT_DX1_STEAMPWM.elf.dir/UIStrings.cpp.obj
                0x0000000000000558                _ZN9UIStrings11SystemSetup12OutputConfig8HLT_MODEE
 .progmem.data._ZN9UIStrings11SystemSetup16TempSensorAssign15ASSIGN_BAD_TEMPE
                0x0000000000000563        0x4 CMakeFiles/BrewTroller-OT_DX1_STEAMPWM.elf.dir/UIStrings.cpp.obj
                0x0000000000000563                _ZN9UIStrings11SystemSetup16TempSensorAssign15ASSIGN_BAD_TEMPE
 .progmem.data._ZN9UIStrings11SystemSetup16TempSensorAssign16DISCONNECT_WARN2E
                0x0000000000000567       0x11 CMakeFiles/BrewTroller-OT_DX1_STEAMPWM.elf.dir/UIStrings.cpp.obj
                0x0000000000000567                _ZN9UIStrings11SystemSetup16TempSensorAssign16DISCONNECT_WARN2E
 .progmem.data._ZN9UIStrings11SystemSetup16TempSensorAssign16DISCONNECT_WARN1E
                0x0000000000000578       0x15 CMakeFiles/BrewTroller-OT_DX1_STEAMPWM.elf.dir/UIStrings.cpp.obj
                0x0000000000000578                _ZN9UIStrings11SystemSetup16TempSensorAssign16DISCONNECT_WARN1E
 .progmem.data._ZN9UIStrings11SystemSetup16TempSensorAssign14DELETE_ADDRESSE
                0x000000000000058d        0xf CMakeFiles/BrewTroller-OT_DX1_STEAMPWM.elf.dir/UIStrings.cpp.obj
                0x000000000000058d                _ZN9UIStrings11SystemSetup16TempSensorAssign14DELETE_ADDRESSE
 .progmem.data._ZN9UIStrings11SystemSetup16TempSensorAssign8SCAN_BUSE
                0x000000000000059c        0x9 CMakeFiles/BrewTroller-OT_DX1_STEAMPWM.elf.dir/UIStrings.cpp.obj
                0x000000000000059c                _ZN9UIStrings11SystemSetup16TempSensorAssign8SCAN_BUSE
 .progmem.data._ZN9UIStrings11SystemSetup16TempSensorAssign13ASSIGN_SENSORE
                0x00000000000005a5       0x13 CMakeFiles/BrewTroller-OT_DX1_STEAMPWM.elf.dir/UIStrings.cpp.obj
                0x00000000000005a5                _ZN9UIStrings11SystemSetup16TempSensorAssign13ASSIGN_SENSORE
 .progmem.data._ZN9UIStrings11SystemSetup16TempSensorAssign4AUX3E
                0x00000000000005b8        0x6 CMakeFiles/BrewTroller-OT_DX1_STEAMPWM.elf.dir/UIStrings.cpp.obj
                0x00000000000005b8                _ZN9UIStrings11SystemSetup16TempSensorAssign4AUX3E
 .progmem.data._ZN9UIStrings11SystemSetup16TempSensorAssign4AUX2E
                0x00000000000005be        0x6 CMakeFiles/BrewTroller-OT_DX1_STEAMPWM.elf.dir/UIStrings.cpp.obj
                0x00000000000005be                _ZN9UIStrings11SystemSetup16TempSensorAssign4AUX2E
 .progmem.data._ZN9UIStrings11SystemSetup16TempSensorAssign4AUX1E
                0x00000000000005c4        0x6 CMakeFiles/BrewTroller-OT_DX1_STEAMPWM.elf.dir/UIStrings.cpp.obj
                0x00000000000005c4                _ZN9UIStrings11SystemSetup16TempSensorAssign4AUX1E
 .progmem.data._ZN9UIStrings11SystemSetup16TempSensorAssign8BEER_OUTE
                0x00000000000005ca        0x9 CMakeFiles/BrewTroller-OT_DX1_STEAMPWM.elf.dir/UIStrings.cpp.obj
                0x00000000000005ca                _ZN9UIStrings11SystemSetup16TempSensorAssign8BEER_OUTE
 .progmem.data._ZN9UIStrings11SystemSetup16TempSensorAssign9WATER_OUTE
                0x00000000000005d3        0x8 CMakeFiles/BrewTroller-OT_DX1_STEAMPWM.elf.dir/UIStrings.cpp.obj
                0x00000000000005d3                _ZN9UIStrings11SystemSetup16TempSensorAssign9WATER_OUTE
 .progmem.data._ZN9UIStrings11SystemSetup16TempSensorAssign8WATER_INE
                0x00000000000005db        0x7 CMakeFiles/BrewTroller-OT_DX1_STEAMPWM.elf.dir/UIStrings.cpp.obj
                0x00000000000005db                _ZN9UIStrings11SystemSetup16TempSensorAssign8WATER_INE
 .progmem.data._ZN9UIStrings11SystemSetup16TempSensorAssign11BREW_KETTLEE
                0x00000000000005e2        0xc CMakeFiles/BrewTroller-OT_DX1_STEAMPWM.elf.dir/UIStrings.cpp.obj
                0x00000000000005e2                _ZN9UIStrings11SystemSetup16TempSensorAssign11BREW_KETTLEE
 .progmem.data._ZN9UIStrings11SystemSetup8TITLE_VSE
                0x00000000000005ee        0x6 CMakeFiles/BrewTroller-OT_DX1_STEAMPWM.elf.dir/UIStrings.cpp.obj
                0x00000000000005ee                _ZN9UIStrings11SystemSetup8TITLE_VSE
 .progmem.data._ZN9UIStrings11SystemSetup8TRIGGERSE
                0x00000000000005f4        0x9 CMakeFiles/BrewTroller-OT_DX1_STEAMPWM.elf.dir/UIStrings.cpp.obj
                0x00000000000005f4                _ZN9UIStrings11SystemSetup8TRIGGERSE
 .progmem.data._ZN9UIStrings11SystemSetup9DISPLAY_SE
                0x00000000000005fd        0x8 CMakeFiles/BrewTroller-OT_DX1_STEAMPWM.elf.dir/UIStrings.cpp.obj
                0x00000000000005fd                _ZN9UIStrings11SystemSetup9DISPLAY_SE
 .progmem.data._ZN9UIStrings11SystemSetup13RS485_OUTPUTSE
                0x0000000000000605        0xe CMakeFiles/BrewTroller-OT_DX1_STEAMPWM.elf.dir/UIStrings.cpp.obj
                0x0000000000000605                _ZN9UIStrings11SystemSetup13RS485_OUTPUTSE
 .progmem.data._ZN9UIStrings11SystemSetup14VALVE_PROFILESE
                0x0000000000000613        0xf CMakeFiles/BrewTroller-OT_DX1_STEAMPWM.elf.dir/UIStrings.cpp.obj
                0x0000000000000613                _ZN9UIStrings11SystemSetup14VALVE_PROFILESE
 .progmem.data._ZN9UIStrings11SystemSetup9VOLS_CAPSE
                0x0000000000000622       0x10 CMakeFiles/BrewTroller-OT_DX1_STEAMPWM.elf.dir/UIStrings.cpp.obj
                0x0000000000000622                _ZN9UIStrings11SystemSetup9VOLS_CAPSE
 .progmem.data._ZN9UIStrings11SystemSetup7OUTPUTSE
                0x0000000000000632        0x8 CMakeFiles/BrewTroller-OT_DX1_STEAMPWM.elf.dir/UIStrings.cpp.obj
                0x0000000000000632                _ZN9UIStrings11SystemSetup7OUTPUTSE
 .progmem.data._ZN9UIStrings11SystemSetup12TEMP_SENSORSE
                0x000000000000063a       0x14 CMakeFiles/BrewTroller-OT_DX1_STEAMPWM.elf.dir/UIStrings.cpp.obj
                0x000000000000063a                _ZN9UIStrings11SystemSetup12TEMP_SENSORSE
 .progmem.data._ZN9UIStrings5Timer9TIMER_SEPE
                0x000000000000064e        0x5 CMakeFiles/BrewTroller-OT_DX1_STEAMPWM.elf.dir/UIStrings.cpp.obj
                0x000000000000064e                _ZN9UIStrings5Timer9TIMER_SEPE
 .progmem.data._ZN9UIStrings12DeleteDialog11DELETE_ITEME
                0x0000000000000653        0xd CMakeFiles/BrewTroller-OT_DX1_STEAMPWM.elf.dir/UIStrings.cpp.obj
                0x0000000000000653                _ZN9UIStrings12DeleteDialog11DELETE_ITEME
 .progmem.data._ZN9UIStrings11AbortDialog5RESETE
                0x0000000000000660        0x6 CMakeFiles/BrewTroller-OT_DX1_STEAMPWM.elf.dir/UIStrings.cpp.obj
                0x0000000000000660                _ZN9UIStrings11AbortDialog5RESETE
 .progmem.data._ZN9UIStrings11AbortDialog9ABORT_OP3E
                0x0000000000000666       0x14 CMakeFiles/BrewTroller-OT_DX1_STEAMPWM.elf.dir/UIStrings.cpp.obj
                0x0000000000000666                _ZN9UIStrings11AbortDialog9ABORT_OP3E
 .progmem.data._ZN9UIStrings11AbortDialog9ABORT_OP2E
                0x000000000000067a       0x11 CMakeFiles/BrewTroller-OT_DX1_STEAMPWM.elf.dir/UIStrings.cpp.obj
                0x000000000000067a                _ZN9UIStrings11AbortDialog9ABORT_OP2E
 .progmem.data._ZN9UIStrings11AbortDialog9ABORT_OP1E
                0x000000000000068b       0x14 CMakeFiles/BrewTroller-OT_DX1_STEAMPWM.elf.dir/UIStrings.cpp.obj
                0x000000000000068b                _ZN9UIStrings11AbortDialog9ABORT_OP1E
 .progmem.data._ZN9UIStrings5EStop11CLEAR_ESTOPE
                0x000000000000069f        0xe CMakeFiles/BrewTroller-OT_DX1_STEAMPWM.elf.dir/UIStrings.cpp.obj
                0x000000000000069f                _ZN9UIStrings5EStop11CLEAR_ESTOPE
 .progmem.data._ZN9UIStrings5EStop11CLEAR_ALARME
                0x00000000000006ad        0xd CMakeFiles/BrewTroller-OT_DX1_STEAMPWM.elf.dir/UIStrings.cpp.obj
                0x00000000000006ad                _ZN9UIStrings5EStop11CLEAR_ALARME
 .progmem.data._ZN9UIStrings5EStop15ESTOP_TRIGGEREDE
                0x00000000000006ba       0x11 CMakeFiles/BrewTroller-OT_DX1_STEAMPWM.elf.dir/UIStrings.cpp.obj
                0x00000000000006ba                _ZN9UIStrings5EStop15ESTOP_TRIGGEREDE
 .progmem.data._ZN9UIStrings6Vessel15TITLE_VS_KETTLEE
                0x00000000000006cb        0x7 CMakeFiles/BrewTroller-OT_DX1_STEAMPWM.elf.dir/UIStrings.cpp.obj
                0x00000000000006cb                _ZN9UIStrings6Vessel15TITLE_VS_KETTLEE
 .progmem.data._ZN9UIStrings6Vessel13TITLE_VS_MASHE
                0x00000000000006d2        0x5 CMakeFiles/BrewTroller-OT_DX1_STEAMPWM.elf.dir/UIStrings.cpp.obj
                0x00000000000006d2                _ZN9UIStrings6Vessel13TITLE_VS_MASHE
 .progmem.data._ZN9UIStrings6Vessel12TITLE_VS_HLTE
                0x00000000000006d7        0x4 CMakeFiles/BrewTroller-OT_DX1_STEAMPWM.elf.dir/UIStrings.cpp.obj
                0x00000000000006d7                _ZN9UIStrings6Vessel12TITLE_VS_HLTE
 .progmem.data._ZN9UIStrings7Program9StepError11FAILED_ADV2E
                0x00000000000006db        0x9 CMakeFiles/BrewTroller-OT_DX1_STEAMPWM.elf.dir/UIStrings.cpp.obj
                0x00000000000006db                _ZN9UIStrings7Program9StepError11FAILED_ADV2E
 .progmem.data._ZN9UIStrings7Program9StepError11FAILED_ADV1E
                0x00000000000006e4       0x12 CMakeFiles/BrewTroller-OT_DX1_STEAMPWM.elf.dir/UIStrings.cpp.obj
                0x00000000000006e4                _ZN9UIStrings7Program9StepError11FAILED_ADV1E
 .progmem.data._ZN9UIStrings7Program11BoilWarning13BOIL_CAP_WARNE
                0x00000000000006f6       0x14 CMakeFiles/BrewTroller-OT_DX1_STEAMPWM.elf.dir/UIStrings.cpp.obj
                0x00000000000006f6                _ZN9UIStrings7Program11BoilWarning13BOIL_CAP_WARNE
 .progmem.data._ZN9UIStrings7Program11MashWarning13MASH_CAP_WARNE
                0x000000000000070a       0x14 CMakeFiles/BrewTroller-OT_DX1_STEAMPWM.elf.dir/UIStrings.cpp.obj
                0x000000000000070a                _ZN9UIStrings7Program11MashWarning13MASH_CAP_WARNE
 .progmem.data._ZN9UIStrings7Program10HLTWarning12HLT_CAP_WARNE
                0x000000000000071e       0x13 CMakeFiles/BrewTroller-OT_DX1_STEAMPWM.elf.dir/UIStrings.cpp.obj
                0x000000000000071e                _ZN9UIStrings7Program10HLTWarning12HLT_CAP_WARNE
 .progmem.data._ZN9UIStrings7Program11HopSchedule10MIN_3SPACEE
                0x0000000000000731        0x7 CMakeFiles/BrewTroller-OT_DX1_STEAMPWM.elf.dir/UIStrings.cpp.obj
                0x0000000000000731                _ZN9UIStrings7Program11HopSchedule10MIN_3SPACEE
 .progmem.data._ZN9UIStrings7Program11HopSchedule10MIN_2SPACEE
                0x0000000000000738        0x6 CMakeFiles/BrewTroller-OT_DX1_STEAMPWM.elf.dir/UIStrings.cpp.obj
                0x0000000000000738                _ZN9UIStrings7Program11HopSchedule10MIN_2SPACEE
 .progmem.data._ZN9UIStrings7Program11HopSchedule9MIN_SPACEE
                0x000000000000073e        0x5 CMakeFiles/BrewTroller-OT_DX1_STEAMPWM.elf.dir/UIStrings.cpp.obj
                0x000000000000073e                _ZN9UIStrings7Program11HopSchedule9MIN_SPACEE
 .progmem.data._ZN9UIStrings7Program11HopSchedule7AT_BOILE
                0x0000000000000743        0x8 CMakeFiles/BrewTroller-OT_DX1_STEAMPWM.elf.dir/UIStrings.cpp.obj
                0x0000000000000743                _ZN9UIStrings7Program11HopSchedule7AT_BOILE
 .progmem.data._ZN9UIStrings7Program11ProgramMenu10GRAIN_LOSSE
                0x000000000000074b        0xc CMakeFiles/BrewTroller-OT_DX1_STEAMPWM.elf.dir/UIStrings.cpp.obj
                0x000000000000074b                _ZN9UIStrings7Program11ProgramMenu10GRAIN_LOSSE
 .progmem.data._ZN9UIStrings7Program11ProgramMenu9GRAIN_VOLE
                0x0000000000000757        0xb CMakeFiles/BrewTroller-OT_DX1_STEAMPWM.elf.dir/UIStrings.cpp.obj
                0x0000000000000757                _ZN9UIStrings7Program11ProgramMenu9GRAIN_VOLE
 .progmem.data._ZN9UIStrings7Program11ProgramMenu11PREBOIL_VOLE
                0x0000000000000762        0xd CMakeFiles/BrewTroller-OT_DX1_STEAMPWM.elf.dir/UIStrings.cpp.obj
                0x0000000000000762                _ZN9UIStrings7Program11ProgramMenu11PREBOIL_VOLE
 .progmem.data._ZN9UIStrings7Program11ProgramMenu10SPARGE_VOLE
                0x000000000000076f        0xc CMakeFiles/BrewTroller-OT_DX1_STEAMPWM.elf.dir/UIStrings.cpp.obj
                0x000000000000076f                _ZN9UIStrings7Program11ProgramMenu10SPARGE_VOLE
 .progmem.data._ZN9UIStrings7Program11ProgramMenu10STRIKE_VOLE
                0x000000000000077b        0xc CMakeFiles/BrewTroller-OT_DX1_STEAMPWM.elf.dir/UIStrings.cpp.obj
                0x000000000000077b                _ZN9UIStrings7Program11ProgramMenu10STRIKE_VOLE
 .progmem.data._ZN9UIStrings7Program11ProgramMenu11STRIKE_TEMPE
                0x0000000000000787        0xd CMakeFiles/BrewTroller-OT_DX1_STEAMPWM.elf.dir/UIStrings.cpp.obj
                0x0000000000000787                _ZN9UIStrings7Program11ProgramMenu11STRIKE_TEMPE
 .progmem.data._ZN9UIStrings7Program11ProgramMenu11RATIO_UNITSE
                0x0000000000000794        0x7 CMakeFiles/BrewTroller-OT_DX1_STEAMPWM.elf.dir/UIStrings.cpp.obj
                0x0000000000000794                _ZN9UIStrings7Program11ProgramMenu11RATIO_UNITSE
 .progmem.data._ZN9UIStrings7Program11ProgramMenu12GRAIN_WEIGHTE
                0x000000000000079b        0xd CMakeFiles/BrewTroller-OT_DX1_STEAMPWM.elf.dir/UIStrings.cpp.obj
                0x000000000000079b                _ZN9UIStrings7Program11ProgramMenu12GRAIN_WEIGHTE
 .progmem.data._ZN9UIStrings7Program11ProgramMenu12BATCH_VOLUMEE
                0x00000000000007a8        0xd CMakeFiles/BrewTroller-OT_DX1_STEAMPWM.elf.dir/UIStrings.cpp.obj
                0x00000000000007a8                _ZN9UIStrings7Program11ProgramMenu12BATCH_VOLUMEE
 .progmem.data._ZN9UIStrings7Program11ProgramMenu10PROG_CALCSE
                0x00000000000007b5        0xe CMakeFiles/BrewTroller-OT_DX1_STEAMPWM.elf.dir/UIStrings.cpp.obj
                0x00000000000007b5                _ZN9UIStrings7Program11ProgramMenu10PROG_CALCSE
 .progmem.data._ZN9UIStrings7Program11ProgramMenu5UNKWNE
                0x00000000000007c3        0x6 CMakeFiles/BrewTroller-OT_DX1_STEAMPWM.elf.dir/UIStrings.cpp.obj
                0x00000000000007c3                _ZN9UIStrings7Program11ProgramMenu5UNKWNE
 .progmem.data._ZN9UIStrings7Program11ProgramMenu4MASHE
                0x00000000000007c9        0x5 CMakeFiles/BrewTroller-OT_DX1_STEAMPWM.elf.dir/UIStrings.cpp.obj
                0x00000000000007c9                _ZN9UIStrings7Program11ProgramMenu4MASHE
 .progmem.data._ZN9UIStrings7Program11ProgramMenu14HEAT_STRIKE_INE
                0x00000000000007ce       0x10 CMakeFiles/BrewTroller-OT_DX1_STEAMPWM.elf.dir/UIStrings.cpp.obj
                0x00000000000007ce                _ZN9UIStrings7Program11ProgramMenu14HEAT_STRIKE_INE
 .progmem.data._ZN9UIStrings7Program11ProgramMenu10MASH_SCHEDE
                0x00000000000007de        0xe CMakeFiles/BrewTroller-OT_DX1_STEAMPWM.elf.dir/UIStrings.cpp.obj
                0x00000000000007de                _ZN9UIStrings7Program11ProgramMenu10MASH_SCHEDE
 .progmem.data._ZN9UIStrings7Program11ProgramMenu10PITCH_TEMPE
                0x00000000000007ec        0xb CMakeFiles/BrewTroller-OT_DX1_STEAMPWM.elf.dir/UIStrings.cpp.obj
                0x00000000000007ec                _ZN9UIStrings7Program11ProgramMenu10PITCH_TEMPE
 .progmem.data._ZN9UIStrings7Program11ProgramMenu11SPARGE_TEMPE
                0x00000000000007f7        0xc CMakeFiles/BrewTroller-OT_DX1_STEAMPWM.elf.dir/UIStrings.cpp.obj
                0x00000000000007f7                _ZN9UIStrings7Program11ProgramMenu11SPARGE_TEMPE
 .progmem.data._ZN9UIStrings7Program11ProgramMenu8HLT_TEMPE
                0x0000000000000803        0xa CMakeFiles/BrewTroller-OT_DX1_STEAMPWM.elf.dir/UIStrings.cpp.obj
                0x0000000000000803                _ZN9UIStrings7Program11ProgramMenu8HLT_TEMPE
 .progmem.data._ZN9UIStrings7Program11ProgramMenu9NO_SPARGEE
                0x000000000000080d        0x9 CMakeFiles/BrewTroller-OT_DX1_STEAMPWM.elf.dir/UIStrings.cpp.obj
                0x000000000000080d                _ZN9UIStrings7Program11ProgramMenu9NO_SPARGEE
 .progmem.data._ZN9UIStrings7Program11ProgramMenu10RATIO_TO_1E
                0x0000000000000816        0x3 CMakeFiles/BrewTroller-OT_DX1_STEAMPWM.elf.dir/UIStrings.cpp.obj
                0x0000000000000816                _ZN9UIStrings7Program11ProgramMenu10RATIO_TO_1E
 .progmem.data._ZN9UIStrings7Program11ProgramMenu10MASH_RATIOE
                0x0000000000000819        0xb CMakeFiles/BrewTroller-OT_DX1_STEAMPWM.elf.dir/UIStrings.cpp.obj
                0x0000000000000819                _ZN9UIStrings7Program11ProgramMenu10MASH_RATIOE
 .progmem.data._ZN9UIStrings7Program11ProgramMenu11MINUTES_INDE
                0x0000000000000824        0x5 CMakeFiles/BrewTroller-OT_DX1_STEAMPWM.elf.dir/UIStrings.cpp.obj
                0x0000000000000824                _ZN9UIStrings7Program11ProgramMenu11MINUTES_INDE
 .progmem.data._ZN9UIStrings7Program11ProgramMenu8BOIL_LENE
                0x0000000000000829        0xc CMakeFiles/BrewTroller-OT_DX1_STEAMPWM.elf.dir/UIStrings.cpp.obj
                0x0000000000000829                _ZN9UIStrings7Program11ProgramMenu8BOIL_LENE
 .progmem.data._ZN9UIStrings7Program11ProgramMenu8GRAIN_WTE
                0x0000000000000835        0xa CMakeFiles/BrewTroller-OT_DX1_STEAMPWM.elf.dir/UIStrings.cpp.obj
                0x0000000000000835                _ZN9UIStrings7Program11ProgramMenu8GRAIN_WTE
 .progmem.data._ZN9UIStrings7Program11ProgramMenu9BATCH_VOLE
                0x000000000000083f        0xb CMakeFiles/BrewTroller-OT_DX1_STEAMPWM.elf.dir/UIStrings.cpp.obj
                0x000000000000083f                _ZN9UIStrings7Program11ProgramMenu9BATCH_VOLE
 .progmem.data._ZN9UIStrings7Program11ProgramMenu10START_ERR3E
                0x000000000000084a        0x8 CMakeFiles/BrewTroller-OT_DX1_STEAMPWM.elf.dir/UIStrings.cpp.obj
                0x000000000000084a                _ZN9UIStrings7Program11ProgramMenu10START_ERR3E
 .progmem.data._ZN9UIStrings7Program11ProgramMenu10START_ERR2E
                0x0000000000000852       0x13 CMakeFiles/BrewTroller-OT_DX1_STEAMPWM.elf.dir/UIStrings.cpp.obj
                0x0000000000000852                _ZN9UIStrings7Program11ProgramMenu10START_ERR2E
 .progmem.data._ZN9UIStrings7Program11ProgramMenu10START_ERR1E
                0x0000000000000865       0x15 CMakeFiles/BrewTroller-OT_DX1_STEAMPWM.elf.dir/UIStrings.cpp.obj
                0x0000000000000865                _ZN9UIStrings7Program11ProgramMenu10START_ERR1E
 .progmem.data._ZN9UIStrings7Program11ProgramMenu12START_FAILEDE
                0x000000000000087a       0x15 CMakeFiles/BrewTroller-OT_DX1_STEAMPWM.elf.dir/UIStrings.cpp.obj
                0x000000000000087a                _ZN9UIStrings7Program11ProgramMenu12START_FAILEDE
 .progmem.data._ZN9UIStrings7Program11ProgramMenu11DELAY_STARTE
                0x000000000000088f        0xc CMakeFiles/BrewTroller-OT_DX1_STEAMPWM.elf.dir/UIStrings.cpp.obj
                0x000000000000088f                _ZN9UIStrings7Program11ProgramMenu11DELAY_STARTE
 .progmem.data._ZN9UIStrings7Program11ProgramMenu5STARTE
                0x000000000000089b        0x6 CMakeFiles/BrewTroller-OT_DX1_STEAMPWM.elf.dir/UIStrings.cpp.obj
                0x000000000000089b                _ZN9UIStrings7Program11ProgramMenu5STARTE
 .progmem.data._ZN9UIStrings7Program11ProgramMenu10GRAIN_TEMPE
                0x00000000000008a1        0xb CMakeFiles/BrewTroller-OT_DX1_STEAMPWM.elf.dir/UIStrings.cpp.obj
                0x00000000000008a1                _ZN9UIStrings7Program11ProgramMenu10GRAIN_TEMPE
 .progmem.data._ZN9UIStrings7Program11ProgramMenu9EDIT_PROGE
                0x00000000000008ac        0xd CMakeFiles/BrewTroller-OT_DX1_STEAMPWM.elf.dir/UIStrings.cpp.obj
                0x00000000000008ac                _ZN9UIStrings7Program11ProgramMenu9EDIT_PROGE
 .progmem.data._ZN9UIStrings7Program11ProgramMenu9PROG_NAMEE
                0x00000000000008b9        0xe CMakeFiles/BrewTroller-OT_DX1_STEAMPWM.elf.dir/UIStrings.cpp.obj
                0x00000000000008b9                _ZN9UIStrings7Program11ProgramMenu9PROG_NAMEE
 .progmem.data._ZN9UIStrings8BoilMenu10BOIL_TIMERE
                0x00000000000008c7        0xb CMakeFiles/BrewTroller-OT_DX1_STEAMPWM.elf.dir/UIStrings.cpp.obj
                0x00000000000008c7                _ZN9UIStrings8BoilMenu10BOIL_TIMERE
 .progmem.data._ZN9UIStrings8BoilMenu10BOIL_POWERE
                0x00000000000008d2        0xb CMakeFiles/BrewTroller-OT_DX1_STEAMPWM.elf.dir/UIStrings.cpp.obj
                0x00000000000008d2                _ZN9UIStrings8BoilMenu10BOIL_POWERE
 .progmem.data._ZN9UIStrings8BoilMenu9BOIL_TEMPE
                0x00000000000008dd        0xa CMakeFiles/BrewTroller-OT_DX1_STEAMPWM.elf.dir/UIStrings.cpp.obj
                0x00000000000008dd                _ZN9UIStrings8BoilMenu9BOIL_TEMPE
 .progmem.data._ZN9UIStrings8BoilMenu9BOIL_CTRLE
                0x00000000000008e7        0xc CMakeFiles/BrewTroller-OT_DX1_STEAMPWM.elf.dir/UIStrings.cpp.obj
                0x00000000000008e7                _ZN9UIStrings8BoilMenu9BOIL_CTRLE
 .progmem.data._ZN9UIStrings10SpargeMenu17KETTLE_TARGET_VOLE
                0x00000000000008f3       0x12 CMakeFiles/BrewTroller-OT_DX1_STEAMPWM.elf.dir/UIStrings.cpp.obj
                0x00000000000008f3                _ZN9UIStrings10SpargeMenu17KETTLE_TARGET_VOLE
 .progmem.data._ZN9UIStrings10SpargeMenu13KETTLE_TARGETE
                0x0000000000000905        0xe CMakeFiles/BrewTroller-OT_DX1_STEAMPWM.elf.dir/UIStrings.cpp.obj
                0x0000000000000905                _ZN9UIStrings10SpargeMenu13KETTLE_TARGETE
 .progmem.data._ZN9UIStrings10SpargeMenu8AUTO_FLYE
                0x0000000000000913        0x9 CMakeFiles/BrewTroller-OT_DX1_STEAMPWM.elf.dir/UIStrings.cpp.obj
                0x0000000000000913                _ZN9UIStrings10SpargeMenu8AUTO_FLYE
 .progmem.data._ZN9UIStrings10SpargeMenu8AUTO_OUTE
                0x000000000000091c        0x9 CMakeFiles/BrewTroller-OT_DX1_STEAMPWM.elf.dir/UIStrings.cpp.obj
                0x000000000000091c                _ZN9UIStrings10SpargeMenu8AUTO_OUTE
 .progmem.data._ZN9UIStrings10SpargeMenu7AUTO_INE
                0x0000000000000925        0x8 CMakeFiles/BrewTroller-OT_DX1_STEAMPWM.elf.dir/UIStrings.cpp.obj
                0x0000000000000925                _ZN9UIStrings10SpargeMenu7AUTO_INE
 .progmem.data._ZN9UIStrings8MashMenu10MASH_TIMERE
                0x000000000000092d        0xb CMakeFiles/BrewTroller-OT_DX1_STEAMPWM.elf.dir/UIStrings.cpp.obj
                0x000000000000092d                _ZN9UIStrings8MashMenu10MASH_TIMERE
 .progmem.data._ZN9UIStrings8MashMenu13MASH_SETPOINTE
                0x0000000000000938        0xe CMakeFiles/BrewTroller-OT_DX1_STEAMPWM.elf.dir/UIStrings.cpp.obj
                0x0000000000000938                _ZN9UIStrings8MashMenu13MASH_SETPOINTE
 .progmem.data._ZN9UIStrings8FillMenu15MASH_TARGET_VOLE
                0x0000000000000946       0x10 CMakeFiles/BrewTroller-OT_DX1_STEAMPWM.elf.dir/UIStrings.cpp.obj
                0x0000000000000946                _ZN9UIStrings8FillMenu15MASH_TARGET_VOLE
 .progmem.data._ZN9UIStrings8FillMenu11MASH_TARGETE
                0x0000000000000956        0xc CMakeFiles/BrewTroller-OT_DX1_STEAMPWM.elf.dir/UIStrings.cpp.obj
                0x0000000000000956                _ZN9UIStrings8FillMenu11MASH_TARGETE
 .progmem.data._ZN9UIStrings8FillMenu9AUTO_FILLE
                0x0000000000000962        0xa CMakeFiles/BrewTroller-OT_DX1_STEAMPWM.elf.dir/UIStrings.cpp.obj
                0x0000000000000962                _ZN9UIStrings8FillMenu9AUTO_FILLE
 .progmem.data._ZN9UIStrings8MainMenu10DRAIN_ERR3E
                0x000000000000096c        0xa CMakeFiles/BrewTroller-OT_DX1_STEAMPWM.elf.dir/UIStrings.cpp.obj
                0x000000000000096c                _ZN9UIStrings8MainMenu10DRAIN_ERR3E
 .progmem.data._ZN9UIStrings8MainMenu10DRAIN_ERR2E
                0x0000000000000976       0x12 CMakeFiles/BrewTroller-OT_DX1_STEAMPWM.elf.dir/UIStrings.cpp.obj
                0x0000000000000976                _ZN9UIStrings8MainMenu10DRAIN_ERR2E
 .progmem.data._ZN9UIStrings8MainMenu10DRAIN_ERR1E
                0x0000000000000988       0x13 CMakeFiles/BrewTroller-OT_DX1_STEAMPWM.elf.dir/UIStrings.cpp.obj
                0x0000000000000988                _ZN9UIStrings8MainMenu10DRAIN_ERR1E
 .progmem.data._ZN9UIStrings8MainMenu12SYSTEM_SETUPE
                0x000000000000099b        0xd CMakeFiles/BrewTroller-OT_DX1_STEAMPWM.elf.dir/UIStrings.cpp.obj
                0x000000000000099b                _ZN9UIStrings8MainMenu12SYSTEM_SETUPE
 .progmem.data._ZN9UIStrings8MainMenu9RESET_ALLE
                0x00000000000009a8        0xa CMakeFiles/BrewTroller-OT_DX1_STEAMPWM.elf.dir/UIStrings.cpp.obj
                0x00000000000009a8                _ZN9UIStrings8MainMenu9RESET_ALLE
 .progmem.data._ZN9UIStrings8MainMenu13START_PROGRAME
                0x00000000000009b2        0xe CMakeFiles/BrewTroller-OT_DX1_STEAMPWM.elf.dir/UIStrings.cpp.obj
                0x00000000000009b2                _ZN9UIStrings8MainMenu13START_PROGRAME
 .progmem.data._ZN9UIStrings8MainMenu12EDIT_PROGRAME
                0x00000000000009c0        0xd CMakeFiles/BrewTroller-OT_DX1_STEAMPWM.elf.dir/UIStrings.cpp.obj
                0x00000000000009c0                _ZN9UIStrings8MainMenu12EDIT_PROGRAME
 .progmem.data._ZN9UIStrings9AUXScreen9AUX_THREEE
                0x00000000000009cd        0x5 CMakeFiles/BrewTroller-OT_DX1_STEAMPWM.elf.dir/UIStrings.cpp.obj
                0x00000000000009cd                _ZN9UIStrings9AUXScreen9AUX_THREEE
 .progmem.data._ZN9UIStrings9AUXScreen7AUX_TWOE
                0x00000000000009d2        0x5 CMakeFiles/BrewTroller-OT_DX1_STEAMPWM.elf.dir/UIStrings.cpp.obj
                0x00000000000009d2                _ZN9UIStrings9AUXScreen7AUX_TWOE
 .progmem.data._ZN9UIStrings9AUXScreen7AUX_ONEE
                0x00000000000009d7        0x5 CMakeFiles/BrewTroller-OT_DX1_STEAMPWM.elf.dir/UIStrings.cpp.obj
                0x00000000000009d7                _ZN9UIStrings9AUXScreen7AUX_ONEE
 .progmem.data._ZN9UIStrings9AUXScreen9AUX_TEMPSE
                0x00000000000009dc        0xa CMakeFiles/BrewTroller-OT_DX1_STEAMPWM.elf.dir/UIStrings.cpp.obj
                0x00000000000009dc                _ZN9UIStrings9AUXScreen9AUX_TEMPSE
 .progmem.data._ZN9UIStrings11ChillScreen10CHILL_BOTHE
                0x00000000000009e6        0xb CMakeFiles/BrewTroller-OT_DX1_STEAMPWM.elf.dir/UIStrings.cpp.obj
                0x00000000000009e6                _ZN9UIStrings11ChillScreen10CHILL_BOTHE
 .progmem.data._ZN9UIStrings11ChillScreen3OUTE
                0x00000000000009f1        0x4 CMakeFiles/BrewTroller-OT_DX1_STEAMPWM.elf.dir/UIStrings.cpp.obj
                0x00000000000009f1                _ZN9UIStrings11ChillScreen3OUTE
 .progmem.data._ZN9UIStrings11ChillScreen2INE
                0x00000000000009f5        0x3 CMakeFiles/BrewTroller-OT_DX1_STEAMPWM.elf.dir/UIStrings.cpp.obj
                0x00000000000009f5                _ZN9UIStrings11ChillScreen2INE
 .progmem.data._ZN9UIStrings11ChillScreen3H20E
                0x00000000000009f8        0x4 CMakeFiles/BrewTroller-OT_DX1_STEAMPWM.elf.dir/UIStrings.cpp.obj
                0x00000000000009f8                _ZN9UIStrings11ChillScreen3H20E
 .progmem.data._ZN9UIStrings11ChillScreen4BEERE
                0x00000000000009fc        0x5 CMakeFiles/BrewTroller-OT_DX1_STEAMPWM.elf.dir/UIStrings.cpp.obj
                0x00000000000009fc                _ZN9UIStrings11ChillScreen4BEERE
 .progmem.data._ZN9UIStrings11ChillScreen5CHILLE
                0x0000000000000a01        0x6 CMakeFiles/BrewTroller-OT_DX1_STEAMPWM.elf.dir/UIStrings.cpp.obj
                0x0000000000000a01                _ZN9UIStrings11ChillScreen5CHILLE
 .progmem.data._ZN9UIStrings10BoilScreen9BOIL_AUTOE
                0x0000000000000a07        0x7 CMakeFiles/BrewTroller-OT_DX1_STEAMPWM.elf.dir/UIStrings.cpp.obj
                0x0000000000000a07                _ZN9UIStrings10BoilScreen9BOIL_AUTOE
 .progmem.data._ZN9UIStrings10BoilScreen4BOILE
                0x0000000000000a0e        0x5 CMakeFiles/BrewTroller-OT_DX1_STEAMPWM.elf.dir/UIStrings.cpp.obj
                0x0000000000000a0e                _ZN9UIStrings10BoilScreen4BOILE
 .progmem.data._ZN9UIStrings12SpargeScreen9FLYSPARGEE
                0x0000000000000a13        0xb CMakeFiles/BrewTroller-OT_DX1_STEAMPWM.elf.dir/UIStrings.cpp.obj
                0x0000000000000a13                _ZN9UIStrings12SpargeScreen9FLYSPARGEE
 .progmem.data._ZN9UIStrings12SpargeScreen8FILLBOTHE
                0x0000000000000a1e        0xa CMakeFiles/BrewTroller-OT_DX1_STEAMPWM.elf.dir/UIStrings.cpp.obj
                0x0000000000000a1e                _ZN9UIStrings12SpargeScreen8FILLBOTHE
 .progmem.data._ZN9UIStrings12SpargeScreen6SPARGEE
                0x0000000000000a28        0x7 CMakeFiles/BrewTroller-OT_DX1_STEAMPWM.elf.dir/UIStrings.cpp.obj
                0x0000000000000a28                _ZN9UIStrings12SpargeScreen6SPARGEE
 .progmem.data._ZN9UIStrings8MashStep7ENDMASHE
                0x0000000000000a2f        0x9 CMakeFiles/BrewTroller-OT_DX1_STEAMPWM.elf.dir/UIStrings.cpp.obj
                0x0000000000000a2f                _ZN9UIStrings8MashStep7ENDMASHE
 .progmem.data._ZN9UIStrings8MashStep7MASHOUTE
                0x0000000000000a38        0x9 CMakeFiles/BrewTroller-OT_DX1_STEAMPWM.elf.dir/UIStrings.cpp.obj
                0x0000000000000a38                _ZN9UIStrings8MashStep7MASHOUTE
 .progmem.data._ZN9UIStrings8MashStep6SACCH2E
                0x0000000000000a41        0x7 CMakeFiles/BrewTroller-OT_DX1_STEAMPWM.elf.dir/UIStrings.cpp.obj
                0x0000000000000a41                _ZN9UIStrings8MashStep6SACCH2E
 .progmem.data._ZN9UIStrings8MashStep5SACCHE
                0x0000000000000a48        0x6 CMakeFiles/BrewTroller-OT_DX1_STEAMPWM.elf.dir/UIStrings.cpp.obj
                0x0000000000000a48                _ZN9UIStrings8MashStep5SACCHE
 .progmem.data._ZN9UIStrings8MashStep7PROTEINE
                0x0000000000000a4e        0x8 CMakeFiles/BrewTroller-OT_DX1_STEAMPWM.elf.dir/UIStrings.cpp.obj
                0x0000000000000a4e                _ZN9UIStrings8MashStep7PROTEINE
 .progmem.data._ZN9UIStrings8MashStep4ACIDE
                0x0000000000000a56        0x5 CMakeFiles/BrewTroller-OT_DX1_STEAMPWM.elf.dir/UIStrings.cpp.obj
                0x0000000000000a56                _ZN9UIStrings8MashStep4ACIDE
 .progmem.data._ZN9UIStrings8MashStep7DOUGHINE
                0x0000000000000a5b        0x9 CMakeFiles/BrewTroller-OT_DX1_STEAMPWM.elf.dir/UIStrings.cpp.obj
                0x0000000000000a5b                _ZN9UIStrings8MashStep7DOUGHINE
 .progmem.data._ZN9UIStrings8MashStep7PREHEATE
                0x0000000000000a64        0x8 CMakeFiles/BrewTroller-OT_DX1_STEAMPWM.elf.dir/UIStrings.cpp.obj
                0x0000000000000a64                _ZN9UIStrings8MashStep7PREHEATE
 .progmem.data._ZN9UIStrings8MashStep5DELAYE
                0x0000000000000a6c        0x6 CMakeFiles/BrewTroller-OT_DX1_STEAMPWM.elf.dir/UIStrings.cpp.obj
                0x0000000000000a6c                _ZN9UIStrings8MashStep5DELAYE
 .progmem.data._ZN9UIStrings13GrainInScreen7GRAININE
                0x0000000000000a72        0x9 CMakeFiles/BrewTroller-OT_DX1_STEAMPWM.elf.dir/UIStrings.cpp.obj
                0x0000000000000a72                _ZN9UIStrings13GrainInScreen7GRAININE
 .progmem.data._ZN9UIStrings12ValveProfile5USER3E
                0x0000000000000a7b        0xd CMakeFiles/BrewTroller-OT_DX1_STEAMPWM.elf.dir/UIStrings.cpp.obj
                0x0000000000000a7b                _ZN9UIStrings12ValveProfile5USER3E
 .progmem.data._ZN9UIStrings12ValveProfile5USER2E
                0x0000000000000a88        0xd CMakeFiles/BrewTroller-OT_DX1_STEAMPWM.elf.dir/UIStrings.cpp.obj
                0x0000000000000a88                _ZN9UIStrings12ValveProfile5USER2E
 .progmem.data._ZN9UIStrings12ValveProfile5USER1E
                0x0000000000000a95        0xd CMakeFiles/BrewTroller-OT_DX1_STEAMPWM.elf.dir/UIStrings.cpp.obj
                0x0000000000000a95                _ZN9UIStrings12ValveProfile5USER1E
 .progmem.data._ZN9UIStrings12ValveProfile10KETTLEIDLEE
                0x0000000000000aa2        0xc CMakeFiles/BrewTroller-OT_DX1_STEAMPWM.elf.dir/UIStrings.cpp.obj
                0x0000000000000aa2                _ZN9UIStrings12ValveProfile10KETTLEIDLEE
 .progmem.data._ZN9UIStrings12ValveProfile10KETTLEHEATE
                0x0000000000000aae        0xc CMakeFiles/BrewTroller-OT_DX1_STEAMPWM.elf.dir/UIStrings.cpp.obj
                0x0000000000000aae                _ZN9UIStrings12ValveProfile10KETTLEHEATE
 .progmem.data._ZN9UIStrings12ValveProfile7HLTIDLEE
                0x0000000000000aba        0x9 CMakeFiles/BrewTroller-OT_DX1_STEAMPWM.elf.dir/UIStrings.cpp.obj
                0x0000000000000aba                _ZN9UIStrings12ValveProfile7HLTIDLEE
 .progmem.data._ZN9UIStrings12ValveProfile7HLTHEATE
                0x0000000000000ac3        0x9 CMakeFiles/BrewTroller-OT_DX1_STEAMPWM.elf.dir/UIStrings.cpp.obj
                0x0000000000000ac3                _ZN9UIStrings12ValveProfile7HLTHEATE
 .progmem.data._ZN9UIStrings12ValveProfile5DRAINE
                0x0000000000000acc        0x6 CMakeFiles/BrewTroller-OT_DX1_STEAMPWM.elf.dir/UIStrings.cpp.obj
                0x0000000000000acc                _ZN9UIStrings12ValveProfile5DRAINE
 .progmem.data._ZN9UIStrings12ValveProfile10BOILRECIRCE
                0x0000000000000ad2        0xc CMakeFiles/BrewTroller-OT_DX1_STEAMPWM.elf.dir/UIStrings.cpp.obj
                0x0000000000000ad2                _ZN9UIStrings12ValveProfile10BOILRECIRCE
 .progmem.data._ZN9UIStrings12ValveProfile9CHILLBEERE
                0x0000000000000ade        0xb CMakeFiles/BrewTroller-OT_DX1_STEAMPWM.elf.dir/UIStrings.cpp.obj
                0x0000000000000ade                _ZN9UIStrings12ValveProfile9CHILLBEERE
 .progmem.data._ZN9UIStrings12ValveProfile8CHILLH2OE
                0x0000000000000ae9        0xa CMakeFiles/BrewTroller-OT_DX1_STEAMPWM.elf.dir/UIStrings.cpp.obj
                0x0000000000000ae9                _ZN9UIStrings12ValveProfile8CHILLH2OE
 .progmem.data._ZN9UIStrings12ValveProfile9KETTLELIDE
                0x0000000000000af3        0xb CMakeFiles/BrewTroller-OT_DX1_STEAMPWM.elf.dir/UIStrings.cpp.obj
                0x0000000000000af3                _ZN9UIStrings12ValveProfile9KETTLELIDE
 .progmem.data._ZN9UIStrings12ValveProfile8BOILADDSE
                0x0000000000000afe        0xf CMakeFiles/BrewTroller-OT_DX1_STEAMPWM.elf.dir/UIStrings.cpp.obj
                0x0000000000000afe                _ZN9UIStrings12ValveProfile8BOILADDSE
 .progmem.data._ZN9UIStrings12ValveProfile9SPARGEOUTE
                0x0000000000000b0d        0xb CMakeFiles/BrewTroller-OT_DX1_STEAMPWM.elf.dir/UIStrings.cpp.obj
                0x0000000000000b0d                _ZN9UIStrings12ValveProfile9SPARGEOUTE
 .progmem.data._ZN9UIStrings12ValveProfile8SPARGEINE
                0x0000000000000b18        0xa CMakeFiles/BrewTroller-OT_DX1_STEAMPWM.elf.dir/UIStrings.cpp.obj
                0x0000000000000b18                _ZN9UIStrings12ValveProfile8SPARGEINE
 .progmem.data._ZN9UIStrings12ValveProfile8MASHIDLEE
                0x0000000000000b22        0xa CMakeFiles/BrewTroller-OT_DX1_STEAMPWM.elf.dir/UIStrings.cpp.obj
                0x0000000000000b22                _ZN9UIStrings12ValveProfile8MASHIDLEE
 .progmem.data._ZN9UIStrings12ValveProfile8MASHHEATE
                0x0000000000000b2c        0xa CMakeFiles/BrewTroller-OT_DX1_STEAMPWM.elf.dir/UIStrings.cpp.obj
                0x0000000000000b2c                _ZN9UIStrings12ValveProfile8MASHHEATE
 .progmem.data._ZN9UIStrings12ValveProfile8ADDGRAINE
                0x0000000000000b36        0xa CMakeFiles/BrewTroller-OT_DX1_STEAMPWM.elf.dir/UIStrings.cpp.obj
                0x0000000000000b36                _ZN9UIStrings12ValveProfile8ADDGRAINE
 .progmem.data._ZN9UIStrings12ValveProfile8FILLMASHE
                0x0000000000000b40        0xa CMakeFiles/BrewTroller-OT_DX1_STEAMPWM.elf.dir/UIStrings.cpp.obj
                0x0000000000000b40                _ZN9UIStrings12ValveProfile8FILLMASHE
 .progmem.data._ZN9UIStrings12ValveProfile7FILLHLTE
                0x0000000000000b4a        0x9 CMakeFiles/BrewTroller-OT_DX1_STEAMPWM.elf.dir/UIStrings.cpp.obj
                0x0000000000000b4a                _ZN9UIStrings12ValveProfile7FILLHLTE
 .progmem.data._ZN9UIStrings10FillScreen6REFILLE
                0x0000000000000b53        0x7 CMakeFiles/BrewTroller-OT_DX1_STEAMPWM.elf.dir/UIStrings.cpp.obj
                0x0000000000000b53                _ZN9UIStrings10FillScreen6REFILLE
 .progmem.data._ZN9UIStrings10FillScreen4FILLE
                0x0000000000000b5a        0x5 CMakeFiles/BrewTroller-OT_DX1_STEAMPWM.elf.dir/UIStrings.cpp.obj
                0x0000000000000b5a                _ZN9UIStrings10FillScreen4FILLE
 .progmem.data._ZN9UIStrings10HomeScreen6BT_URLE
                0x0000000000000b5f       0x14 CMakeFiles/BrewTroller-OT_DX1_STEAMPWM.elf.dir/UIStrings.cpp.obj
                0x0000000000000b5f                _ZN9UIStrings10HomeScreen6BT_URLE
 .progmem.data._ZN9UIStrings10EEPROMInit11PLEASE_WAITE
                0x0000000000000b73        0xf CMakeFiles/BrewTroller-OT_DX1_STEAMPWM.elf.dir/UIStrings.cpp.obj
                0x0000000000000b73                _ZN9UIStrings10EEPROMInit11PLEASE_WAITE
 .progmem.data._ZN9UIStrings10EEPROMInit11INIT_EEPROME
                0x0000000000000b82       0x12 CMakeFiles/BrewTroller-OT_DX1_STEAMPWM.elf.dir/UIStrings.cpp.obj
                0x0000000000000b82                _ZN9UIStrings10EEPROMInit11INIT_EEPROME
 .progmem.data._ZN9UIStrings10EEPROMInit14MISSING_CONFIGE
                0x0000000000000b94        0xf CMakeFiles/BrewTroller-OT_DX1_STEAMPWM.elf.dir/UIStrings.cpp.obj
                0x0000000000000b94                _ZN9UIStrings10EEPROMInit14MISSING_CONFIGE
 .progmem.data._ZN9UIStrings6Shared6DELETEE
                0x0000000000000ba3        0x7 CMakeFiles/BrewTroller-OT_DX1_STEAMPWM.elf.dir/UIStrings.cpp.obj
                0x0000000000000ba3                _ZN9UIStrings6Shared6DELETEE
 .progmem.data._ZN9UIStrings6Shared4ZEROE
                0x0000000000000baa        0x2 CMakeFiles/BrewTroller-OT_DX1_STEAMPWM.elf.dir/UIStrings.cpp.obj
                0x0000000000000baa                _ZN9UIStrings6Shared4ZEROE
 .progmem.data._ZN9UIStrings6Shared3SECE
                0x0000000000000bac        0x2 CMakeFiles/BrewTroller-OT_DX1_STEAMPWM.elf.dir/UIStrings.cpp.obj
                0x0000000000000bac                _ZN9UIStrings6Shared3SECE
 .progmem.data._ZN9UIStrings6Shared8MASHDESCE
                0x0000000000000bae        0x9 CMakeFiles/BrewTroller-OT_DX1_STEAMPWM.elf.dir/UIStrings.cpp.obj
                0x0000000000000bae                _ZN9UIStrings6Shared8MASHDESCE
 .progmem.data._ZN9UIStrings6Shared7HLTDESCE
                0x0000000000000bb7       0x10 CMakeFiles/BrewTroller-OT_DX1_STEAMPWM.elf.dir/UIStrings.cpp.obj
                0x0000000000000bb7                _ZN9UIStrings6Shared7HLTDESCE
 .progmem.data._ZN9UIStrings6Shared12HLT_SETPOINTE
                0x0000000000000bc7        0xd CMakeFiles/BrewTroller-OT_DX1_STEAMPWM.elf.dir/UIStrings.cpp.obj
                0x0000000000000bc7                _ZN9UIStrings6Shared12HLT_SETPOINTE
 .progmem.data._ZN9UIStrings6Shared9VALVE_OFFE
                0x0000000000000bd4        0x6 CMakeFiles/BrewTroller-OT_DX1_STEAMPWM.elf.dir/UIStrings.cpp.obj
                0x0000000000000bd4                _ZN9UIStrings6Shared9VALVE_OFFE
 .progmem.data._ZN9UIStrings6Shared8VALVE_ONE
                0x0000000000000bda        0x5 CMakeFiles/BrewTroller-OT_DX1_STEAMPWM.elf.dir/UIStrings.cpp.obj
                0x0000000000000bda                _ZN9UIStrings6Shared8VALVE_ONE
 .progmem.data._ZN9UIStrings6Shared14HLT_TARGET_VOLE
                0x0000000000000bdf        0xf CMakeFiles/BrewTroller-OT_DX1_STEAMPWM.elf.dir/UIStrings.cpp.obj
                0x0000000000000bdf                _ZN9UIStrings6Shared14HLT_TARGET_VOLE
 .progmem.data._ZN9UIStrings6Shared10HLT_TARGETE
                0x0000000000000bee        0xb CMakeFiles/BrewTroller-OT_DX1_STEAMPWM.elf.dir/UIStrings.cpp.obj
                0x0000000000000bee                _ZN9UIStrings6Shared10HLT_TARGETE
 .progmem.data._ZN9UIStrings6Shared6ALLOFFE
                0x0000000000000bf9        0x8 CMakeFiles/BrewTroller-OT_DX1_STEAMPWM.elf.dir/UIStrings.cpp.obj
                0x0000000000000bf9                _ZN9UIStrings6Shared6ALLOFFE
 .progmem.data._ZN9UIStrings7Generic5EMPTYE
                0x0000000000000c01        0x1 CMakeFiles/BrewTroller-OT_DX1_STEAMPWM.elf.dir/UIStrings.cpp.obj
                0x0000000000000c01                _ZN9UIStrings7Generic5EMPTYE
 .progmem.data._ZN9UIStrings7Generic8PERC_SYME
                0x0000000000000c02        0x2 CMakeFiles/BrewTroller-OT_DX1_STEAMPWM.elf.dir/UIStrings.cpp.obj
                0x0000000000000c02                _ZN9UIStrings7Generic8PERC_SYME
 .progmem.data._ZN9UIStrings7Generic11COLON_SPACEE
                0x0000000000000c04        0x3 CMakeFiles/BrewTroller-OT_DX1_STEAMPWM.elf.dir/UIStrings.cpp.obj
                0x0000000000000c04                _ZN9UIStrings7Generic11COLON_SPACEE
 .progmem.data._ZN9UIStrings7Generic11START_TIMERE
                0x0000000000000c07        0xc CMakeFiles/BrewTroller-OT_DX1_STEAMPWM.elf.dir/UIStrings.cpp.obj
                0x0000000000000c07                _ZN9UIStrings7Generic11START_TIMERE
 .progmem.data._ZN9UIStrings7Generic11PAUSE_TIMERE
                0x0000000000000c13        0xc CMakeFiles/BrewTroller-OT_DX1_STEAMPWM.elf.dir/UIStrings.cpp.obj
                0x0000000000000c13                _ZN9UIStrings7Generic11PAUSE_TIMERE
 .progmem.data._ZN9UIStrings7Generic9SET_TIMERE
                0x0000000000000c1f        0xa CMakeFiles/BrewTroller-OT_DX1_STEAMPWM.elf.dir/UIStrings.cpp.obj
                0x0000000000000c1f                _ZN9UIStrings7Generic9SET_TIMERE
 .progmem.data._ZN9UIStrings7Generic6MANUALE
                0x0000000000000c29        0x7 CMakeFiles/BrewTroller-OT_DX1_STEAMPWM.elf.dir/UIStrings.cpp.obj
                0x0000000000000c29                _ZN9UIStrings7Generic6MANUALE
 .progmem.data._ZN9UIStrings7Generic4AUTOE
                0x0000000000000c30        0x5 CMakeFiles/BrewTroller-OT_DX1_STEAMPWM.elf.dir/UIStrings.cpp.obj
                0x0000000000000c30                _ZN9UIStrings7Generic4AUTOE
 .progmem.data._ZN9UIStrings7Generic8VOLBLANKE
                0x0000000000000c35        0x7 CMakeFiles/BrewTroller-OT_DX1_STEAMPWM.elf.dir/UIStrings.cpp.obj
                0x0000000000000c35                _ZN9UIStrings7Generic8VOLBLANKE
 .progmem.data._ZN9UIStrings7Generic9TEMPBLANKE
                0x0000000000000c3c        0x5 CMakeFiles/BrewTroller-OT_DX1_STEAMPWM.elf.dir/UIStrings.cpp.obj
                0x0000000000000c3c                _ZN9UIStrings7Generic9TEMPBLANKE
 .progmem.data._ZN9UIStrings7Generic3OFFE
                0x0000000000000c41        0x4 CMakeFiles/BrewTroller-OT_DX1_STEAMPWM.elf.dir/UIStrings.cpp.obj
                0x0000000000000c41                _ZN9UIStrings7Generic3OFFE
 .progmem.data._ZN9UIStrings7Generic2ONE
                0x0000000000000c45        0x3 CMakeFiles/BrewTroller-OT_DX1_STEAMPWM.elf.dir/UIStrings.cpp.obj
                0x0000000000000c45                _ZN9UIStrings7Generic2ONE
 .progmem.data._ZN9UIStrings7Generic5COLONE
                0x0000000000000c48        0x2 CMakeFiles/BrewTroller-OT_DX1_STEAMPWM.elf.dir/UIStrings.cpp.obj
                0x0000000000000c48                _ZN9UIStrings7Generic5COLONE
 .progmem.data._ZN9UIStrings7Generic8LESS_SYME
                0x0000000000000c4a        0x2 CMakeFiles/BrewTroller-OT_DX1_STEAMPWM.elf.dir/UIStrings.cpp.obj
                0x0000000000000c4a                _ZN9UIStrings7Generic8LESS_SYME
 .progmem.data._ZN9UIStrings7Generic11GREATER_SYME
                0x0000000000000c4c        0x2 CMakeFiles/BrewTroller-OT_DX1_STEAMPWM.elf.dir/UIStrings.cpp.obj
                0x0000000000000c4c                _ZN9UIStrings7Generic11GREATER_SYME
 .progmem.data._ZN9UIStrings7Generic6ACTUALE
                0x0000000000000c4e        0x7 CMakeFiles/BrewTroller-OT_DX1_STEAMPWM.elf.dir/UIStrings.cpp.obj
                0x0000000000000c4e                _ZN9UIStrings7Generic6ACTUALE
 .progmem.data._ZN9UIStrings7Generic6TARGETE
                0x0000000000000c55        0x7 CMakeFiles/BrewTroller-OT_DX1_STEAMPWM.elf.dir/UIStrings.cpp.obj
                0x0000000000000c55                _ZN9UIStrings7Generic6TARGETE
 .progmem.data._ZN9UIStrings7Generic8CONTINUEE
                0x0000000000000c5c        0x9 CMakeFiles/BrewTroller-OT_DX1_STEAMPWM.elf.dir/UIStrings.cpp.obj
                0x0000000000000c5c                _ZN9UIStrings7Generic8CONTINUEE
 .progmem.data._ZN9UIStrings7Generic5SPACEE
                0x0000000000000c65        0x2 CMakeFiles/BrewTroller-OT_DX1_STEAMPWM.elf.dir/UIStrings.cpp.obj
                0x0000000000000c65                _ZN9UIStrings7Generic5SPACEE
 .progmem.data._ZN9UIStrings7Generic4MENUE
                0x0000000000000c67        0x5 CMakeFiles/BrewTroller-OT_DX1_STEAMPWM.elf.dir/UIStrings.cpp.obj
                0x0000000000000c67                _ZN9UIStrings7Generic4MENUE
 .progmem.data._ZN9UIStrings7Generic5ABORTE
                0x0000000000000c6c        0x6 CMakeFiles/BrewTroller-OT_DX1_STEAMPWM.elf.dir/UIStrings.cpp.obj
                0x0000000000000c6c                _ZN9UIStrings7Generic5ABORTE
 .progmem.data._ZN9UIStrings7Generic4EXITE
                0x0000000000000c72        0x5 CMakeFiles/BrewTroller-OT_DX1_STEAMPWM.elf.dir/UIStrings.cpp.obj
                0x0000000000000c72                _ZN9UIStrings7Generic4EXITE
 .progmem.data._ZN9UIStrings7Generic6CANCELE
                0x0000000000000c77        0x7 CMakeFiles/BrewTroller-OT_DX1_STEAMPWM.elf.dir/UIStrings.cpp.obj
                0x0000000000000c77                _ZN9UIStrings7Generic6CANCELE
 .progmem.data._ZN9UIStrings7Generic2OKE
                0x0000000000000c7e        0x3 CMakeFiles/BrewTroller-OT_DX1_STEAMPWM.elf.dir/UIStrings.cpp.obj
                0x0000000000000c7e                _ZN9UIStrings7Generic2OKE
 .progmem.data._ZN9UIStrings7Generic5BTVERE
                0x0000000000000c81        0xa CMakeFiles/BrewTroller-OT_DX1_STEAMPWM.elf.dir/UIStrings.cpp.obj
                0x0000000000000c81                _ZN9UIStrings7Generic5BTVERE
 .progmem.data._ZN9UIStrings7Generic2BTE
                0x0000000000000c8b        0xc CMakeFiles/BrewTroller-OT_DX1_STEAMPWM.elf.dir/UIStrings.cpp.obj
                0x0000000000000c8b                _ZN9UIStrings7Generic2BTE
 .progmem.data.digital_pin_to_timer_PGM
                0x0000000000000c97       0x20 ../lib/libBT-libs.a(wiring_digital.c.obj)
                0x0000000000000c97                digital_pin_to_timer_PGM
 .progmem.data.digital_pin_to_bit_mask_PGM
                0x0000000000000cb7       0x20 ../lib/libBT-libs.a(wiring_digital.c.obj)
                0x0000000000000cb7                digital_pin_to_bit_mask_PGM
 .progmem.data.digital_pin_to_port_PGM
                0x0000000000000cd7       0x20 ../lib/libBT-libs.a(wiring_digital.c.obj)
                0x0000000000000cd7                digital_pin_to_port_PGM
 .progmem.data.port_to_input_PGM
                0x0000000000000cf7        0xa ../lib/libBT-libs.a(wiring_digital.c.obj)
                0x0000000000000cf7                port_to_input_PGM
 .progmem.data.port_to_output_PGM
                0x0000000000000d01        0xa ../lib/libBT-libs.a(wiring_digital.c.obj)
                0x0000000000000d01                port_to_output_PGM
 .progmem.data.port_to_mode_PGM
                0x0000000000000d0b        0xa ../lib/libBT-libs.a(wiring_digital.c.obj)
                0x0000000000000d0b                port_to_mode_PGM
 .progmem.data.digitalpin_to_pcint_PGM
                0x0000000000000d15       0x20 ../lib/libBT-libs.a(pin.cpp.obj)
                0x0000000000000d15                digitalpin_to_pcint_PGM
                0x0000000000000d36                . = ALIGN (0x2)
 *fill*         0x0000000000000d35        0x1 
                0x0000000000000d36                __trampolines_start = .
 *(.trampolines)
 .trampolines   0x0000000000000d36        0x0 linker stubs
 *(.trampolines*)
                0x0000000000000d36                __trampolines_end = .
 *(.jumptables)
 *(.jumptables*)
 *(.lowtext)
 *(.lowtext*)
                0x0000000000000d36                __ctors_start = .
 *(.ctors)
 .ctors         0x0000000000000d36        0x2 CMakeFiles/BrewTroller-OT_DX1_STEAMPWM.elf.dir/BrewTroller.cpp.obj
 .ctors         0x0000000000000d38        0x2 CMakeFiles/BrewTroller-OT_DX1_STEAMPWM.elf.dir/Com.cpp.obj
 .ctors         0x0000000000000d3a        0x2 CMakeFiles/BrewTroller-OT_DX1_STEAMPWM.elf.dir/Temp.cpp.obj
 .ctors         0x0000000000000d3c        0x2 CMakeFiles/BrewTroller-OT_DX1_STEAMPWM.elf.dir/Timer.cpp.obj
 .ctors         0x0000000000000d3e        0x2 ../lib/libBT-libs.a(HardwareSerial.cpp.obj)
 .ctors         0x0000000000000d40        0x2 ../lib/libBT-libs.a(Wire.cpp.obj)
 .ctors         0x0000000000000d42        0x2 ../lib/libBT-libs.a(encoder.cpp.obj)
 .ctors         0x0000000000000d44        0x2 ../lib/libBT-libs.a(pin.cpp.obj)
 .ctors         0x0000000000000d46        0x2 ../lib/libBT-libs.a(ModbusMaster.cpp.obj)
                0x0000000000000d48                __ctors_end = .
                0x0000000000000d48                __dtors_start = .
 *(.dtors)
 .dtors         0x0000000000000d48        0x2 CMakeFiles/BrewTroller-OT_DX1_STEAMPWM.elf.dir/BrewTroller.cpp.obj
                0x0000000000000d4a                __dtors_end = .
 SORT(*)(.ctors)
 SORT(*)(.dtors)
 *(.init0)
 .init0         0x0000000000000d4a        0x0 /usr/lib/gcc/avr/4.8.2/../../../avr/lib/avr51/crtm1284p.o
                0x0000000000000d4a                __init
 *(.init0)
 *(.init1)
 *(.init1)
 *(.init2)
 .init2         0x0000000000000d4a        0xc /usr/lib/gcc/avr/4.8.2/../../../avr/lib/avr51/crtm1284p.o
 *(.init2)
 *(.init3)
 *(.init3)
 *(.init4)
 .init4         0x0000000000000d56       0x1a /usr/lib/gcc/avr/4.8.2/avr51/libgcc.a(_copy_data.o)
                0x0000000000000d56                __do_copy_data
 .init4         0x0000000000000d70       0x10 /usr/lib/gcc/avr/4.8.2/avr51/libgcc.a(_clear_bss.o)
                0x0000000000000d70                __do_clear_bss
 *(.init4)
 *(.init5)
 *(.init5)
 *(.init6)
 .init6         0x0000000000000d80       0x20 /usr/lib/gcc/avr/4.8.2/avr51/libgcc.a(_ctors.o)
                0x0000000000000d80                __do_global_ctors
 *(.init6)
 *(.init7)
 *(.init7)
 *(.init8)
 *(.init8)
 *(.init9)
 .init9         0x0000000000000da0        0x6 /usr/lib/gcc/avr/4.8.2/../../../avr/lib/avr51/crtm1284p.o
 *(.init9)
 *(.text)
 .text          0x0000000000000da6        0x2 /usr/lib/gcc/avr/4.8.2/../../../avr/lib/avr51/crtm1284p.o
                0x0000000000000da6                __vector_22
                0x0000000000000da6                __vector_32
                0x0000000000000da6                __vector_34
                0x0000000000000da6                __vector_24
                0x0000000000000da6                __vector_12
                0x0000000000000da6                __bad_interrupt
                0x0000000000000da6                __vector_31
                0x0000000000000da6                __vector_23
                0x0000000000000da6                __vector_30
                0x0000000000000da6                __vector_25
                0x0000000000000da6                __vector_11
                0x0000000000000da6                __vector_13
                0x0000000000000da6                __vector_17
                0x0000000000000da6                __vector_19
                0x0000000000000da6                __vector_27
                0x0000000000000da6                __vector_33
                0x0000000000000da6                __vector_9
                0x0000000000000da6                __vector_15
                0x0000000000000da6                __vector_8
                0x0000000000000da6                __vector_14
                0x0000000000000da6                __vector_10
                0x0000000000000da6                __vector_16
                0x0000000000000da8                . = ALIGN (0x2)
 *(.text.*)
 .text._ZN7TwoWire5writeEi
                0x0000000000000da8       0x10 CMakeFiles/BrewTroller-OT_DX1_STEAMPWM.elf.dir/BrewCore.cpp.obj
                0x0000000000000da8                _ZN7TwoWire5writeEi
 .text._Z9heartbeatv
                0x0000000000000db8       0x4c CMakeFiles/BrewTroller-OT_DX1_STEAMPWM.elf.dir/BrewCore.cpp.obj
                0x0000000000000db8                _Z9heartbeatv
 .text._ZN6LCDI2C6updateEv
                0x0000000000000e04       0xe6 CMakeFiles/BrewTroller-OT_DX1_STEAMPWM.elf.dir/BrewCore.cpp.obj
                0x0000000000000e04                _ZN6LCDI2C6updateEv
 .text._Z8brewCorev
                0x0000000000000eea       0x66 CMakeFiles/BrewTroller-OT_DX1_STEAMPWM.elf.dir/BrewCore.cpp.obj
                0x0000000000000eea                _Z8brewCorev
 .text.setup    0x0000000000000f50       0xa6 CMakeFiles/BrewTroller-OT_DX1_STEAMPWM.elf.dir/BrewTroller.cpp.obj
                0x0000000000000f50                setup
 .text.loop     0x0000000000000ff6        0x6 CMakeFiles/BrewTroller-OT_DX1_STEAMPWM.elf.dir/BrewTroller.cpp.obj
                0x0000000000000ff6                loop
 .text.startup.main
                0x0000000000000ffc       0x16 CMakeFiles/BrewTroller-OT_DX1_STEAMPWM.elf.dir/BrewTroller.cpp.obj
                0x0000000000000ffc                main
 .text.startup._GLOBAL__sub_I_softReset
                0x0000000000001012       0x86 CMakeFiles/BrewTroller-OT_DX1_STEAMPWM.elf.dir/BrewTroller.cpp.obj
 .text.exit._GLOBAL__sub_D_softReset
                0x0000000000001098        0x8 CMakeFiles/BrewTroller-OT_DX1_STEAMPWM.elf.dir/BrewTroller.cpp.obj
 .text._Z12printFieldULm
                0x00000000000010a0       0x1c CMakeFiles/BrewTroller-OT_DX1_STEAMPWM.elf.dir/Com.cpp.obj
                0x00000000000010a0                _Z12printFieldULm
 .text._Z12printFieldPSPKc
                0x00000000000010bc       0x32 CMakeFiles/BrewTroller-OT_DX1_STEAMPWM.elf.dir/Com.cpp.obj
                0x00000000000010bc                _Z12printFieldPSPKc
 .text._Z15logASCIIVersionv
                0x00000000000010ee       0x4c CMakeFiles/BrewTroller-OT_DX1_STEAMPWM.elf.dir/Com.cpp.obj
                0x00000000000010ee                _Z15logASCIIVersionv
 .text._Z7comInitv
                0x000000000000113a       0x1a CMakeFiles/BrewTroller-OT_DX1_STEAMPWM.elf.dir/Com.cpp.obj
                0x000000000000113a                _Z7comInitv
 .text._ZN5BTnicC2Ev
                0x0000000000001154       0x14 CMakeFiles/BrewTroller-OT_DX1_STEAMPWM.elf.dir/Com.cpp.obj
                0x0000000000001154                _ZN5BTnicC2Ev
                0x0000000000001154                _ZN5BTnicC1Ev
 .text._ZN5BTnic2txEv
                0x0000000000001168       0x32 CMakeFiles/BrewTroller-OT_DX1_STEAMPWM.elf.dir/Com.cpp.obj
                0x0000000000001168                _ZN5BTnic2txEv
 .text._ZN5BTnic8getStateEv
                0x000000000000119a       0x2c CMakeFiles/BrewTroller-OT_DX1_STEAMPWM.elf.dir/Com.cpp.obj
                0x000000000000119a                _ZN5BTnic8getStateEv
 .text._ZN5BTnic8logFieldEPc
                0x00000000000011c6       0x4c CMakeFiles/BrewTroller-OT_DX1_STEAMPWM.elf.dir/Com.cpp.obj
                0x00000000000011c6                _ZN5BTnic8logFieldEPc
 .text._ZN5BTnic11logFieldCmdEhi
                0x0000000000001212       0x50 CMakeFiles/BrewTroller-OT_DX1_STEAMPWM.elf.dir/Com.cpp.obj
                0x0000000000001212                _ZN5BTnic11logFieldCmdEhi
 .text._ZN5BTnic10logField_PEPKc
                0x0000000000001262       0x54 CMakeFiles/BrewTroller-OT_DX1_STEAMPWM.elf.dir/Com.cpp.obj
                0x0000000000001262                _ZN5BTnic10logField_PEPKc
 .text._ZN5BTnic9logFieldIEm
                0x00000000000012b6       0x32 CMakeFiles/BrewTroller-OT_DX1_STEAMPWM.elf.dir/Com.cpp.obj
                0x00000000000012b6                _ZN5BTnic9logFieldIEm
 .text._ZN5BTnic10logStepPrgEv
                0x00000000000012e8       0x5a CMakeFiles/BrewTroller-OT_DX1_STEAMPWM.elf.dir/Com.cpp.obj
                0x00000000000012e8                _ZN5BTnic10logStepPrgEv
 .text._ZN5BTnic6logEndEv
                0x0000000000001342       0x3c CMakeFiles/BrewTroller-OT_DX1_STEAMPWM.elf.dir/Com.cpp.obj
                0x0000000000001342                _ZN5BTnic6logEndEv
 .text._ZN5BTnic9rejectCmdEh
                0x000000000000137e       0x6c CMakeFiles/BrewTroller-OT_DX1_STEAMPWM.elf.dir/Com.cpp.obj
                0x000000000000137e                _ZN5BTnic9rejectCmdEh
 .text._ZN5BTnic11getCmdIndexEv
                0x00000000000013ea       0xb2 CMakeFiles/BrewTroller-OT_DX1_STEAMPWM.elf.dir/Com.cpp.obj
                0x00000000000013ea                _ZN5BTnic11getCmdIndexEv
 .text._ZN5BTnic16getCmdParamCountEv
                0x000000000000149c       0x2a CMakeFiles/BrewTroller-OT_DX1_STEAMPWM.elf.dir/Com.cpp.obj
                0x000000000000149c                _ZN5BTnic16getCmdParamCountEv
 .text._ZN5BTnic11getCmdParamEhPch
                0x00000000000014c6       0x6c CMakeFiles/BrewTroller-OT_DX1_STEAMPWM.elf.dir/Com.cpp.obj
                0x00000000000014c6                _ZN5BTnic11getCmdParamEhPch
 .text._ZN5BTnic14getCmdParamNumEh
                0x0000000000001532       0x2e CMakeFiles/BrewTroller-OT_DX1_STEAMPWM.elf.dir/Com.cpp.obj
                0x0000000000001532                _ZN5BTnic14getCmdParamNumEh
 .text._ZN5BTnic7execCmdEv
                0x0000000000001560      0xe0e CMakeFiles/BrewTroller-OT_DX1_STEAMPWM.elf.dir/Com.cpp.obj
                0x0000000000001560                _ZN5BTnic7execCmdEv
 .text._ZN5BTnic2rxEh
                0x000000000000236e       0x46 CMakeFiles/BrewTroller-OT_DX1_STEAMPWM.elf.dir/Com.cpp.obj
                0x000000000000236e                _ZN5BTnic2rxEh
 .text._Z8comEventhi
                0x00000000000023b4        0x2 CMakeFiles/BrewTroller-OT_DX1_STEAMPWM.elf.dir/Com.cpp.obj
                0x00000000000023b4                _Z8comEventhi
 .text.startup._GLOBAL__sub_I__Z7comInitv
                0x00000000000023b6       0x10 CMakeFiles/BrewTroller-OT_DX1_STEAMPWM.elf.dir/Com.cpp.obj
 .text._Z14updateI2CBTnicv
                0x00000000000023c6       0x9c CMakeFiles/BrewTroller-OT_DX1_STEAMPWM.elf.dir/Com.cpp.obj
                0x00000000000023c6                _Z14updateI2CBTnicv
 .text._Z13updateS0BTnicv
                0x0000000000002462       0x68 CMakeFiles/BrewTroller-OT_DX1_STEAMPWM.elf.dir/Com.cpp.obj
                0x0000000000002462                _Z13updateS0BTnicv
 .text._Z9updateComv
                0x00000000000024ca        0x6 CMakeFiles/BrewTroller-OT_DX1_STEAMPWM.elf.dir/Com.cpp.obj
                0x00000000000024ca                _Z9updateComv
 .text._ZN5Print5writeEPKc
                0x00000000000024d0       0x2e CMakeFiles/BrewTroller-OT_DX1_STEAMPWM.elf.dir/Com_BTPD.cpp.obj
                0x00000000000024d0                _ZN5Print5writeEPKc
 .text._Z12SendTimeBTPDhhhhh
                0x00000000000024fe       0xf2 CMakeFiles/BrewTroller-OT_DX1_STEAMPWM.elf.dir/Com_BTPD.cpp.obj
                0x00000000000024fe                _Z12SendTimeBTPDhhhhh
 .text._Z10sendVsTimehhh
                0x00000000000025f0      0x1a8 CMakeFiles/BrewTroller-OT_DX1_STEAMPWM.elf.dir/Com_BTPD.cpp.obj
                0x00000000000025f0                _Z10sendVsTimehhh
 .text._Z14sendStringBTPDhPKc
                0x0000000000002798       0x3a CMakeFiles/BrewTroller-OT_DX1_STEAMPWM.elf.dir/Com_BTPD.cpp.obj
                0x0000000000002798                _Z14sendStringBTPDhPKc
 .text._Z14sendFloatsBTPDhff
                0x00000000000027d2       0x72 CMakeFiles/BrewTroller-OT_DX1_STEAMPWM.elf.dir/Com_BTPD.cpp.obj
                0x00000000000027d2                _Z14sendFloatsBTPDhff
 .text._Z10sendVsTemphhh
                0x0000000000002844       0x64 CMakeFiles/BrewTroller-OT_DX1_STEAMPWM.elf.dir/Com_BTPD.cpp.obj
                0x0000000000002844                _Z10sendVsTemphhh
 .text._Z14sendVesselTemphP6Vessel
                0x00000000000028a8       0x56 CMakeFiles/BrewTroller-OT_DX1_STEAMPWM.elf.dir/Com_BTPD.cpp.obj
                0x00000000000028a8                _Z14sendVesselTemphP6Vessel
 .text._Z10updateBTPDv
                0x00000000000028fe       0xc8 CMakeFiles/BrewTroller-OT_DX1_STEAMPWM.elf.dir/Com_BTPD.cpp.obj
                0x00000000000028fe                _Z10updateBTPDv
 .text._Z14loadVlvConfigsv
                0x00000000000029c6       0x10 CMakeFiles/BrewTroller-OT_DX1_STEAMPWM.elf.dir/EEPROM.cpp.obj
                0x00000000000029c6                _Z14loadVlvConfigsv
 .text._Z13getPIDEnabledh
                0x00000000000029d6       0x22 CMakeFiles/BrewTroller-OT_DX1_STEAMPWM.elf.dir/EEPROM.cpp.obj
                0x00000000000029d6                _Z13getPIDEnabledh
 .text._Z7getPIDph
                0x00000000000029f8       0x16 CMakeFiles/BrewTroller-OT_DX1_STEAMPWM.elf.dir/EEPROM.cpp.obj
                0x00000000000029f8                _Z7getPIDph
 .text._Z7getPIDih
                0x0000000000002a0e       0x16 CMakeFiles/BrewTroller-OT_DX1_STEAMPWM.elf.dir/EEPROM.cpp.obj
                0x0000000000002a0e                _Z7getPIDih
 .text._Z7getPIDdh
                0x0000000000002a24       0x16 CMakeFiles/BrewTroller-OT_DX1_STEAMPWM.elf.dir/EEPROM.cpp.obj
                0x0000000000002a24                _Z7getPIDdh
 .text._Z11getPIDCycleh
                0x0000000000002a3a       0x2a CMakeFiles/BrewTroller-OT_DX1_STEAMPWM.elf.dir/EEPROM.cpp.obj
                0x0000000000002a3a                _Z11getPIDCycleh
 .text._Z13getHysteresish
                0x0000000000002a64       0x2a CMakeFiles/BrewTroller-OT_DX1_STEAMPWM.elf.dir/EEPROM.cpp.obj
                0x0000000000002a64                _Z13getHysteresish
 .text._Z11getBoilTempv
                0x0000000000002a8e        0xc CMakeFiles/BrewTroller-OT_DX1_STEAMPWM.elf.dir/EEPROM.cpp.obj
                0x0000000000002a8e                _Z11getBoilTempv
 .text._Z11setBoilTemph
                0x0000000000002a9a        0xe CMakeFiles/BrewTroller-OT_DX1_STEAMPWM.elf.dir/EEPROM.cpp.obj
                0x0000000000002a9a                _Z11setBoilTemph
 .text._Z10setBoilPwrh
                0x0000000000002aa8       0x12 CMakeFiles/BrewTroller-OT_DX1_STEAMPWM.elf.dir/EEPROM.cpp.obj
                0x0000000000002aa8                _Z10setBoilPwrh
 .text._Z11setEvapRateh
                0x0000000000002aba        0xe CMakeFiles/BrewTroller-OT_DX1_STEAMPWM.elf.dir/EEPROM.cpp.obj
                0x0000000000002aba                _Z11setEvapRateh
 .text._Z11getEvapRatev
                0x0000000000002ac8        0xc CMakeFiles/BrewTroller-OT_DX1_STEAMPWM.elf.dir/EEPROM.cpp.obj
                0x0000000000002ac8                _Z11getEvapRatev
 .text._Z11setSetpointhi
                0x0000000000002ad4       0x36 CMakeFiles/BrewTroller-OT_DX1_STEAMPWM.elf.dir/EEPROM.cpp.obj
                0x0000000000002ad4                _Z11setSetpointhi
 .text._Z14setTimerStatushh
                0x0000000000002b0a       0x52 CMakeFiles/BrewTroller-OT_DX1_STEAMPWM.elf.dir/EEPROM.cpp.obj
                0x0000000000002b0a                _Z14setTimerStatushh
 .text._Z14setAlarmStatush
                0x0000000000002b5c       0x30 CMakeFiles/BrewTroller-OT_DX1_STEAMPWM.elf.dir/EEPROM.cpp.obj
                0x0000000000002b5c                _Z14setAlarmStatush
 .text._Z23eepromLoadProgramThreadhP13ProgramThread
                0x0000000000002b8c       0x18 CMakeFiles/BrewTroller-OT_DX1_STEAMPWM.elf.dir/EEPROM.cpp.obj
                0x0000000000002b8c                _Z23eepromLoadProgramThreadhP13ProgramThread
 .text._Z23eepromSaveProgramThreadhP13ProgramThread
                0x0000000000002ba4       0x18 CMakeFiles/BrewTroller-OT_DX1_STEAMPWM.elf.dir/EEPROM.cpp.obj
                0x0000000000002ba4                _Z23eepromSaveProgramThreadhP13ProgramThread
 .text._Z12setGrainTemph
                0x0000000000002bbc        0xe CMakeFiles/BrewTroller-OT_DX1_STEAMPWM.elf.dir/EEPROM.cpp.obj
                0x0000000000002bbc                _Z12setGrainTemph
 .text._Z12getGrainTempv
                0x0000000000002bca        0xc CMakeFiles/BrewTroller-OT_DX1_STEAMPWM.elf.dir/EEPROM.cpp.obj
                0x0000000000002bca                _Z12getGrainTempv
 .text._Z11setProgNamehPc
                0x0000000000002bd6       0x48 CMakeFiles/BrewTroller-OT_DX1_STEAMPWM.elf.dir/EEPROM.cpp.obj
                0x0000000000002bd6                _Z11setProgNamehPc
 .text._Z11getProgNamehPc
                0x0000000000002c1e       0x4e CMakeFiles/BrewTroller-OT_DX1_STEAMPWM.elf.dir/EEPROM.cpp.obj
                0x0000000000002c1e                _Z11getProgNamehPc
 .text._Z13setProgSpargehh
                0x0000000000002c6c       0x18 CMakeFiles/BrewTroller-OT_DX1_STEAMPWM.elf.dir/EEPROM.cpp.obj
                0x0000000000002c6c                _Z13setProgSpargehh
 .text._Z13getProgSpargeh
                0x0000000000002c84       0x20 CMakeFiles/BrewTroller-OT_DX1_STEAMPWM.elf.dir/EEPROM.cpp.obj
                0x0000000000002c84                _Z13getProgSpargeh
 .text._Z15setProgMashTemphhh
                0x0000000000002ca4       0x1c CMakeFiles/BrewTroller-OT_DX1_STEAMPWM.elf.dir/EEPROM.cpp.obj
                0x0000000000002ca4                _Z15setProgMashTemphhh
 .text._Z15getProgMashTemphh
                0x0000000000002cc0       0x26 CMakeFiles/BrewTroller-OT_DX1_STEAMPWM.elf.dir/EEPROM.cpp.obj
                0x0000000000002cc0                _Z15getProgMashTemphh
 .text._Z15setProgMashMinshhh
                0x0000000000002ce6       0x22 CMakeFiles/BrewTroller-OT_DX1_STEAMPWM.elf.dir/EEPROM.cpp.obj
                0x0000000000002ce6                _Z15setProgMashMinshhh
 .text._Z15getProgMashMinshh
                0x0000000000002d08       0x1c CMakeFiles/BrewTroller-OT_DX1_STEAMPWM.elf.dir/EEPROM.cpp.obj
                0x0000000000002d08                _Z15getProgMashMinshh
 .text._Z16setProgMLHeatSrchh
                0x0000000000002d24       0x18 CMakeFiles/BrewTroller-OT_DX1_STEAMPWM.elf.dir/EEPROM.cpp.obj
                0x0000000000002d24                _Z16setProgMLHeatSrchh
 .text._Z16getProgMLHeatSrch
                0x0000000000002d3c       0x16 CMakeFiles/BrewTroller-OT_DX1_STEAMPWM.elf.dir/EEPROM.cpp.obj
                0x0000000000002d3c                _Z16getProgMLHeatSrch
 .text._Z10setProgHLThh
                0x0000000000002d52       0x18 CMakeFiles/BrewTroller-OT_DX1_STEAMPWM.elf.dir/EEPROM.cpp.obj
                0x0000000000002d52                _Z10setProgHLThh
 .text._Z10getProgHLTh
                0x0000000000002d6a       0x20 CMakeFiles/BrewTroller-OT_DX1_STEAMPWM.elf.dir/EEPROM.cpp.obj
                0x0000000000002d6a                _Z10getProgHLTh
 .text._Z12setProgPitchhh
                0x0000000000002d8a       0x18 CMakeFiles/BrewTroller-OT_DX1_STEAMPWM.elf.dir/EEPROM.cpp.obj
                0x0000000000002d8a                _Z12setProgPitchhh
 .text._Z12getProgPitchh
                0x0000000000002da2       0x20 CMakeFiles/BrewTroller-OT_DX1_STEAMPWM.elf.dir/EEPROM.cpp.obj
                0x0000000000002da2                _Z12getProgPitchh
 .text._Z13getTriggerPinh
                0x0000000000002dc2       0x10 CMakeFiles/BrewTroller-OT_DX1_STEAMPWM.elf.dir/EEPROM.cpp.obj
                0x0000000000002dc2                _Z13getTriggerPinh
 .text._Z13setTriggerPinhh
                0x0000000000002dd2       0x14 CMakeFiles/BrewTroller-OT_DX1_STEAMPWM.elf.dir/EEPROM.cpp.obj
                0x0000000000002dd2                _Z13setTriggerPinhh
 .text._Z16getVlvModbusAddrh
                0x0000000000002de6       0x16 CMakeFiles/BrewTroller-OT_DX1_STEAMPWM.elf.dir/EEPROM.cpp.obj
                0x0000000000002de6                _Z16getVlvModbusAddrh
 .text._Z21getVlvModbusCoilCounth
                0x0000000000002dfc       0x16 CMakeFiles/BrewTroller-OT_DX1_STEAMPWM.elf.dir/EEPROM.cpp.obj
                0x0000000000002dfc                _Z21getVlvModbusCoilCounth
 .text._Z18getVlvModbusOffseth
                0x0000000000002e12       0x16 CMakeFiles/BrewTroller-OT_DX1_STEAMPWM.elf.dir/EEPROM.cpp.obj
                0x0000000000002e12                _Z18getVlvModbusOffseth
 .text._Z16setVlvModbusAddrhh
                0x0000000000002e28       0x18 CMakeFiles/BrewTroller-OT_DX1_STEAMPWM.elf.dir/EEPROM.cpp.obj
                0x0000000000002e28                _Z16setVlvModbusAddrhh
 .text._Z21setVlvModbusCoilCounthh
                0x0000000000002e40       0x18 CMakeFiles/BrewTroller-OT_DX1_STEAMPWM.elf.dir/EEPROM.cpp.obj
                0x0000000000002e40                _Z21setVlvModbusCoilCounthh
 .text._Z18setVlvModbusOffsethh
                0x0000000000002e58       0x18 CMakeFiles/BrewTroller-OT_DX1_STEAMPWM.elf.dir/EEPROM.cpp.obj
                0x0000000000002e58                _Z18setVlvModbusOffsethh
 .text._Z10initEEPROMv